<html>
<body>
<pre>
<h1>µVision Build Log</h1>
<h2>Tool Versions:</h2>
IDE-Version: µVision V5.43.1.0
Copyright (C) 2025 ARM Ltd and ARM Germany GmbH. All rights reserved.
License Information: Diego Arellano, Universidad ECCI, LIC=----
 
Tool Versions:
Toolchain:       MDK-Lite  Version: 5.43.0.0
Toolchain Path:  C:\Users\Lenovo\AppData\Local\Keil_v5\ARM\ARMCLANG\Bin
C Compiler:      ArmClang.exe V6.24
Assembler:       Armasm.exe V6.24
Linker/Locator:  ArmLink.exe V6.24
Library Manager: ArmAr.exe V6.24
Hex Converter:   FromElf.exe V6.24
CPU DLL:         SARMCM3.DLL V5.43.0.0
Dialog DLL:      DCM.DLL V1.17.5.0
Target DLL:      STLink\ST-LINKIII-KEIL_SWO.dll V3.3.1.0
Dialog DLL:      TCM.DLL V1.56.6.0
 
<h2>Project:</h2>
C:\Users\Lenovo\Documents\Universidad\Algoritmos de Robotica 2\Algoritmos de Robotica 2\Keil\Taller 1 - MPU9250\Taller1_MPU9250.uvprojx
Project File Date:  08/20/2026

<h2>Output:</h2>
*** Using Compiler 'V6.24', folder: 'C:\Users\Lenovo\AppData\Local\Keil_v5\ARM\ARMCLANG\Bin'
Rebuild target 'Target_1'
compiling system_stm32f7xx.c...
compiling setup.cpp...
assembling startup_stm32f767xx.s...
Taller1_MPU9250.cpp(186): warning: format specifies type 'char *' but the argument has type 'uint8_t' (aka 'unsigned char') [-Wformat]
  186 |     sprintf(text3,"%s %#x \n\r",data[0]);
      |                    ~~           ^~~~~~~
      |                    %hhu
Taller1_MPU9250.cpp(186): warning: more '%' conversions than data arguments [-Wformat-insufficient-args]
  186 |     sprintf(text3,"%s %#x \n\r",data[0]);
      |                       ~~^
2 warnings generated.
compiling Taller1_MPU9250.cpp...
linking...
Program Size: Code=9308 RO-data=1148 RW-data=236 ZI-data=1728  
FromELF: creating hex file...
".\Objects\Taller1_MPU9250.axf" - 0 Error(s), 2 Warning(s).

<h2>Software Packages used:</h2>

Package Vendor: ARM
                https://www.keil.com/pack/ARM.CMSIS.6.3.0.pack
                ARM::CMSIS@6.3.0
                CMSIS (Common Microcontroller Software Interface Standard)
   * Component: CORE Version: 6.2.0

Package Vendor: Keil
                http://www.keil.com/pack/Keil.STM32F7xx_DFP.2.13.0.pack
                Keil::STM32F7xx_DFP@2.13.0
                STMicroelectronics STM32F7 Series Device Support, Drivers and Examples
   * Component: Startup Version: 1.2.5

<h2>Collection of Component include folders:</h2>
  ./RTE/_Target_1
  C:/Users/Lenovo/AppData/Local/Arm/Packs/ARM/CMSIS/6.3.0/CMSIS/Core/Include
  C:/Users/Lenovo/AppData/Local/Arm/Packs/Keil/STM32F7xx_DFP/2.13.0/Drivers/CMSIS/Device/ST/STM32F7xx/Include

<h2>Collection of Component Files used:</h2>

   * Component: ARM::CMSIS:CORE@6.2.0

   * Component: Keil::Device:Startup@1.2.5
      Source file:   MDK/Device/Source/ARM/STM32F76x_77x_OPT.s
      Include file:  Drivers/CMSIS/Device/ST/STM32F7xx/Include/stm32f7xx.h
      Source file:   MDK/Device/Source/ARM/STM32F76x_77x_OTP.s
      Source file:   Drivers/CMSIS/Device/ST/STM32F7xx/Source/Templates/arm/startup_stm32f767xx.s
      Source file:   Drivers/CMSIS/Device/ST/STM32F7xx/Source/Templates/system_stm32f7xx.c
Build Time Elapsed:  00:00:02
</pre>
</body>
</html>
