Component: Arm Compiler for Embedded 6.24 Tool: armlink [5f371500]

==============================================================================

Section Cross References

    main.o(.ARM.exidx.text._Z12SysTick_Waitj) refers to main.o(.text._Z12SysTick_Waitj) for [Anonymous Symbol]
    main.o(.text._Z10SysTick_msj) refers to main.o(.text._Z12SysTick_Waitj) for SysTick_Wait(unsigned int)
    main.o(.ARM.exidx.text._Z10SysTick_msj) refers to main.o(.text._Z10SysTick_msj) for [Anonymous Symbol]
    main.o(.text.EXTI15_10_IRQHandler) refers to main.o(.bss.flag) for flag
    main.o(.ARM.exidx.text.EXTI15_10_IRQHandler) refers to main.o(.text.EXTI15_10_IRQHandler) for [Anonymous Symbol]
    main.o(.text.USART3_IRQHandler) refers to main.o(.bss.d) for d
    main.o(.text.USART3_IRQHandler) refers to main.o(.bss.flag) for flag
    main.o(.ARM.exidx.text.USART3_IRQHandler) refers to main.o(.text.USART3_IRQHandler) for [Anonymous Symbol]
    main.o(.text.main) refers to main.o(.text._ZL16__NVIC_EnableIRQ9IRQn_Type) for __NVIC_EnableIRQ(IRQn_Type)
    main.o(.text.main) refers to main.o(.text._Z10SysTick_msj) for SysTick_ms(unsigned int)
    main.o(.text.main) refers to main.o(.bss.cmd) for cmd
    main.o(.text.main) refers to main.o(.text._Z9WriteI2C1hhPhh) for WriteI2C1(unsigned char, unsigned char, unsigned char*, unsigned char)
    main.o(.text.main) refers to main.o(.data.text1) for text1
    main.o(.text.main) refers to strlen.o(.text) for strlen
    main.o(.text.main) refers to main.o(.text._Z5PrintPci) for Print(char*, int)
    main.o(.text.main) refers to main.o(.bss.data) for data
    main.o(.text.main) refers to main.o(.text._Z8ReadI2C1hhPhh) for ReadI2C1(unsigned char, unsigned char, unsigned char*, unsigned char)
    main.o(.text.main) refers to main.o(.data.text2) for text2
    main.o(.text.main) refers to main.o(.data.text3) for text3
    main.o(.text.main) refers to main.o(.rodata.str1.1) for .L.str
    main.o(.text.main) refers to sprintf.o(.text) for sprintf
    main.o(.text.main) refers to main.o(.data.text4) for text4
    main.o(.text.main) refers to main.o(.data.text5) for text5
    main.o(.text.main) refers to main.o(.bss.flag) for flag
    main.o(.text.main) refers to main.o(.bss.i) for i
    main.o(.text.main) refers to main.o(.bss.GirAcel) for GirAcel
    main.o(.text.main) refers to main.o(.bss.raw_accelx) for raw_accelx
    main.o(.text.main) refers to main.o(.bss.raw_accely) for raw_accely
    main.o(.text.main) refers to main.o(.bss.raw_accelz) for raw_accelz
    main.o(.text.main) refers to main.o(.bss.raw_temp) for raw_temp
    main.o(.text.main) refers to main.o(.bss.raw_gyrox) for raw_gyrox
    main.o(.text.main) refers to main.o(.bss.raw_gyroy) for raw_gyroy
    main.o(.text.main) refers to main.o(.bss.raw_gyroz) for raw_gyroz
    main.o(.text.main) refers to main.o(.text._Z5delayv) for delay()
    main.o(.text.main) refers to main.o(.bss.timer) for timer
    main.o(.text.main) refers to main.o(.bss.cont_timer) for cont_timer
    main.o(.text.main) refers to main.o(.bss.text) for text
    main.o(.text.main) refers to main.o(.data.t_fin) for t_fin
    main.o(.text.main) refers to main.o(.data.text7) for text7
    main.o(.ARM.exidx.text.main) refers to main.o(.text.main) for [Anonymous Symbol]
    main.o(.ARM.exidx.text._ZL16__NVIC_EnableIRQ9IRQn_Type) refers to main.o(.text._ZL16__NVIC_EnableIRQ9IRQn_Type) for [Anonymous Symbol]
    main.o(.ARM.exidx.text._Z9WriteI2C1hhPhh) refers to main.o(.text._Z9WriteI2C1hhPhh) for [Anonymous Symbol]
    main.o(.text._Z5PrintPci) refers to main.o(.bss.j) for j
    main.o(.ARM.exidx.text._Z5PrintPci) refers to main.o(.text._Z5PrintPci) for [Anonymous Symbol]
    main.o(.ARM.exidx.text._Z8ReadI2C1hhPhh) refers to main.o(.text._Z8ReadI2C1hhPhh) for [Anonymous Symbol]
    main.o(.text._Z5delayv) refers to main.o(.bss.j) for j
    main.o(.ARM.exidx.text._Z5delayv) refers to main.o(.text._Z5delayv) for [Anonymous Symbol]
    startup_stm32f767xx.o(STACK) refers (Special) to heapauxi.o(.text) for __use_two_region_memory
    startup_stm32f767xx.o(HEAP) refers (Special) to heapauxi.o(.text) for __use_two_region_memory
    startup_stm32f767xx.o(RESET) refers (Special) to heapauxi.o(.text) for __use_two_region_memory
    startup_stm32f767xx.o(RESET) refers to startup_stm32f767xx.o(STACK) for __initial_sp
    startup_stm32f767xx.o(RESET) refers to startup_stm32f767xx.o(.text) for Reset_Handler
    startup_stm32f767xx.o(RESET) refers to main.o(.text.USART3_IRQHandler) for USART3_IRQHandler
    startup_stm32f767xx.o(RESET) refers to main.o(.text.EXTI15_10_IRQHandler) for EXTI15_10_IRQHandler
    startup_stm32f767xx.o(.text) refers (Special) to heapauxi.o(.text) for __use_two_region_memory
    startup_stm32f767xx.o(.text) refers to system_stm32f7xx.o(.text.SystemInit) for SystemInit
    startup_stm32f767xx.o(.text) refers to __main.o(!!!main) for __main
    startup_stm32f767xx.o(.text) refers to startup_stm32f767xx.o(HEAP) for Heap_Mem
[...]
    ../clib/longlong.s                       0x00000000   Number         0  llushr.o ABSOLUTE
    ../clib/memcpset.s                       0x00000000   Number         0  strcmpv7m_pel.o ABSOLUTE
    ../clib/misc.s                           0x00000000   Number         0  printf_stubs.o ABSOLUTE
    ../clib/printf.c                         0x00000000   Number         0  sprintf.o ABSOLUTE
    ../clib/printf.c                         0x00000000   Number         0  __printf.o ABSOLUTE
    ../clib/printf.c                         0x00000000   Number         0  _printf_pad.o ABSOLUTE
    ../clib/printf.c                         0x00000000   Number         0  _printf_truncate.o ABSOLUTE
    ../clib/printf.c                         0x00000000   Number         0  _printf_str.o ABSOLUTE
    ../clib/printf.c                         0x00000000   Number         0  _printf_dec.o ABSOLUTE
    ../clib/printf.c                         0x00000000   Number         0  _printf_charcount.o ABSOLUTE
    ../clib/printf.c                         0x00000000   Number         0  _printf_char_common.o ABSOLUTE
    ../clib/printf.c                         0x00000000   Number         0  _sputc.o ABSOLUTE
    ../clib/printf.c                         0x00000000   Number         0  _printf_wctomb.o ABSOLUTE
    ../clib/printf.c                         0x00000000   Number         0  _printf_longlong_dec.o ABSOLUTE
    ../clib/printf.c                         0x00000000   Number         0  _printf_oct_ll.o ABSOLUTE
    ../clib/printf.c                         0x00000000   Number         0  _printf_oct_int.o ABSOLUTE
    ../clib/printf.c                         0x00000000   Number         0  _printf_oct_int_ll.o ABSOLUTE
    ../clib/printf.c                         0x00000000   Number         0  _printf_hex_ll.o ABSOLUTE
    ../clib/printf.c                         0x00000000   Number         0  _printf_hex_int.o ABSOLUTE
    ../clib/printf.c                         0x00000000   Number         0  _printf_hex_int_ll.o ABSOLUTE
    ../clib/printf.c                         0x00000000   Number         0  _printf_hex_ptr.o ABSOLUTE
    ../clib/printf.c                         0x00000000   Number         0  _printf_hex_int_ptr.o ABSOLUTE
    ../clib/printf.c                         0x00000000   Number         0  _printf_hex_ll_ptr.o ABSOLUTE
    ../clib/printf.c                         0x00000000   Number         0  _printf_hex_int_ll_ptr.o ABSOLUTE
    ../clib/printf.c                         0x00000000   Number         0  __printf_flags.o ABSOLUTE
    ../clib/printf.c                         0x00000000   Number         0  __printf_ss.o ABSOLUTE
    ../clib/printf.c                         0x00000000   Number         0  __printf_flags_ss.o ABSOLUTE
    ../clib/printf.c                         0x00000000   Number         0  __printf_wp.o ABSOLUTE
    ../clib/printf.c                         0x00000000   Number         0  __printf_flags_wp.o ABSOLUTE
    ../clib/printf.c                         0x00000000   Number         0  __printf_ss_wp.o ABSOLUTE
    ../clib/printf.c                         0x00000000   Number         0  __printf_flags_ss_wp.o ABSOLUTE
    ../clib/printf.c                         0x00000000   Number         0  _printf_intcommon.o ABSOLUTE
    ../clib/printf.c                         0x00000000   Number         0  _printf_fp_dec.o ABSOLUTE
    ../clib/printf.c                         0x00000000   Number         0  _printf_fp_dec_accurate.o ABSOLUTE
    ../clib/printf.c                         0x00000000   Number         0  _printf_fp_hex.o ABSOLUTE
    ../clib/printf.c                         0x00000000   Number         0  __printf_nopercent.o ABSOLUTE
    ../clib/printf.c                         0x00000000   Number         0  _printf_char.o ABSOLUTE
    ../clib/printf.c                         0x00000000   Number         0  _printf_wchar.o ABSOLUTE
    ../clib/printf.c                         0x00000000   Number         0  _printf_fp_infnan.o ABSOLUTE
    ../clib/printf_percent.s                 0x00000000   Number         0  _printf_c.o ABSOLUTE
    ../clib/printf_percent.s                 0x00000000   Number         0  _printf_s.o ABSOLUTE
    ../clib/printf_percent.s                 0x00000000   Number         0  _printf_n.o ABSOLUTE
    ../clib/printf_percent.s                 0x00000000   Number         0  _printf_x.o ABSOLUTE
    ../clib/printf_percent.s                 0x00000000   Number         0  _printf_p.o ABSOLUTE
    ../clib/printf_percent.s                 0x00000000   Number         0  _printf_o.o ABSOLUTE
    ../clib/printf_percent.s                 0x00000000   Number         0  _printf_i.o ABSOLUTE
    ../clib/printf_percent.s                 0x00000000   Number         0  _printf_d.o ABSOLUTE
    ../clib/printf_percent.s                 0x00000000   Number         0  _printf_u.o ABSOLUTE
    ../clib/printf_percent.s                 0x00000000   Number         0  _printf_f.o ABSOLUTE
    ../clib/printf_percent.s                 0x00000000   Number         0  _printf_e.o ABSOLUTE
    ../clib/printf_percent.s                 0x00000000   Number         0  _printf_g.o ABSOLUTE
    ../clib/printf_percent.s                 0x00000000   Number         0  _printf_a.o ABSOLUTE
    ../clib/printf_percent.s                 0x00000000   Number         0  _printf_percent.o ABSOLUTE
    ../clib/printf_percent.s                 0x00000000   Number         0  _printf_lli.o ABSOLUTE
    ../clib/printf_percent.s                 0x00000000   Number         0  _printf_lld.o ABSOLUTE
    ../clib/printf_percent.s                 0x00000000   Number         0  _printf_llu.o ABSOLUTE
    ../clib/printf_percent.s                 0x00000000   Number         0  _printf_ll.o ABSOLUTE
    ../clib/printf_percent.s                 0x00000000   Number         0  _printf_l.o ABSOLUTE
    ../clib/printf_percent.s                 0x00000000   Number         0  _printf_lc.o ABSOLUTE
    ../clib/printf_percent.s                 0x00000000   Number         0  _printf_ls.o ABSOLUTE
    ../clib/printf_percent.s                 0x00000000   Number         0  _printf_llo.o ABSOLUTE
    ../clib/printf_percent.s                 0x00000000   Number         0  _printf_llx.o ABSOLUTE
    ../clib/printf_percent.s                 0x00000000   Number         0  _printf_percent_end.o ABSOLUTE
    ../clib/signal.c                         0x00000000   Number         0  defsig_rtmem_outer.o ABSOLUTE
    ../clib/signal.c                         0x00000000   Number         0  defsig_rtmem_formal.o ABSOLUTE
    ../clib/signal.c                         0x00000000   Number         0  defsig_exit.o ABSOLUTE
    ../clib/signal.c                         0x00000000   Number         0  defsig_rtmem_inner.o ABSOLUTE
    ../clib/signal.c                         0x00000000   Number         0  __raise.o ABSOLUTE
    ../clib/signal.c                         0x00000000   Number         0  defsig_general.o ABSOLUTE
    ../clib/signal.c                         0x00000000   Number         0  defsig_abrt_inner.o ABSOLUTE
    ../clib/signal.c                         0x00000000   Number         0  defsig_fpe_inner.o ABSOLUTE
    ../clib/signal.c                         0x00000000   Number         0  defsig_rtred_inner.o ABSOLUTE
    ../clib/signal.c                         0x00000000   Number         0  defsig_stak_inner.o ABSOLUTE
    ../clib/signal.c                         0x00000000   Number         0  defsig_pvfn_inner.o ABSOLUTE
    ../clib/signal.c                         0x00000000   Number         0  defsig_cppl_inner.o ABSOLUTE
    ../clib/signal.c                         0x00000000   Number         0  defsig_segv_inner.o ABSOLUTE
    ../clib/signal.c                         0x00000000   Number         0  defsig_other.o ABSOLUTE
    ../clib/signal.s                         0x00000000   Number         0  defsig.o ABSOLUTE
    ../clib/stdlib.c                         0x00000000   Number         0  exit.o ABSOLUTE
    ../clib/string.c                         0x00000000   Number         0  strlen.o ABSOLUTE
    ../fplib/fpinit.s                        0x00000000   Number         0  fpinit.o ABSOLUTE
    ../fplib/istatus.s                       0x00000000   Number         0  istatus.o ABSOLUTE
    ../fplib/printf1.s                       0x00000000   Number         0  printf1.o ABSOLUTE
    ../fplib/printf2.s                       0x00000000   Number         0  printf2.o ABSOLUTE
    ../fplib/printf2a.s                      0x00000000   Number         0  printf2a.o ABSOLUTE
    ../fplib/printf2b.s                      0x00000000   Number         0  printf2b.o ABSOLUTE
    ../fplib/usenofp.s                       0x00000000   Number         0  usenofp.o ABSOLUTE
    ../mathlib/fpclassify.c                  0x00000000   Number         0  fpclassify.o ABSOLUTE
    RTE/Device/STM32F767ZITx/startup_stm32f767xx.s 0x00000000   Number         0  startup_stm32f767xx.o ABSOLUTE
    dc.s                                     0x00000000   Number         0  dc.o ABSOLUTE
    main.cpp                                 0x00000000   Number         0  main.o ABSOLUTE
    system_stm32f7xx.c                       0x00000000   Number         0  system_stm32f7xx.o ABSOLUTE
    RESET                                    0x08000000   Section      504  startup_stm32f767xx.o(RESET)
    !!!main                                  0x080001f8   Section        8  __main.o(!!!main)
    !!!scatter                               0x08000200   Section       92  __scatter.o(!!!scatter)
    !!handler_copy                           0x0800025c   Section       26  __scatter_copy.o(!!handler_copy)
    !!handler_null                           0x08000278   Section        2  __scatter.o(!!handler_null)
    !!handler_zi                             0x0800027c   Section       28  __scatter_zi.o(!!handler_zi)
    .ARM.Collect$$_printf_percent$$00000000  0x08000298   Section        0  _printf_percent.o(.ARM.Collect$$_printf_percent$$00000000)
    .ARM.Collect$$_printf_percent$$00000001  0x08000298   Section        6  _printf_n.o(.ARM.Collect$$_printf_percent$$00000001)
    .ARM.Collect$$_printf_percent$$00000002  0x0800029e   Section        6  _printf_p.o(.ARM.Collect$$_printf_percent$$00000002)
    .ARM.Collect$$_printf_percent$$00000003  0x080002a4   Section        6  _printf_f.o(.ARM.Collect$$_printf_percent$$00000003)
    .ARM.Collect$$_printf_percent$$00000004  0x080002aa   Section        6  _printf_e.o(.ARM.Collect$$_printf_percent$$00000004)
    .ARM.Collect$$_printf_percent$$00000005  0x080002b0   Section        6  _printf_g.o(.ARM.Collect$$_printf_percent$$00000005)
    .ARM.Collect$$_printf_percent$$00000006  0x080002b6   Section        6  _printf_a.o(.ARM.Collect$$_printf_percent$$00000006)
    .ARM.Collect$$_printf_percent$$00000007  0x080002bc   Section       10  _printf_ll.o(.ARM.Collect$$_printf_percent$$00000007)
    .ARM.Collect$$_printf_percent$$00000008  0x080002c6   Section        6  _printf_i.o(.ARM.Collect$$_printf_percent$$00000008)
    .ARM.Collect$$_printf_percent$$00000009  0x080002cc   Section        6  _printf_d.o(.ARM.Collect$$_printf_percent$$00000009)
    .ARM.Collect$$_printf_percent$$0000000A  0x080002d2   Section        6  _printf_u.o(.ARM.Collect$$_printf_percent$$0000000A)
    .ARM.Collect$$_printf_percent$$0000000B  0x080002d8   Section        6  _printf_o.o(.ARM.Collect$$_printf_percent$$0000000B)
    .ARM.Collect$$_printf_percent$$0000000C  0x080002de   Section        6  _printf_x.o(.ARM.Collect$$_printf_percent$$0000000C)
    .ARM.Collect$$_printf_percent$$0000000D  0x080002e4   Section        6  _printf_lli.o(.ARM.Collect$$_printf_percent$$0000000D)
    .ARM.Collect$$_printf_percent$$0000000E  0x080002ea   Section        6  _printf_lld.o(.ARM.Collect$$_printf_percent$$0000000E)
    .ARM.Collect$$_printf_percent$$0000000F  0x080002f0   Section        6  _printf_llu.o(.ARM.Collect$$_printf_percent$$0000000F)
    .ARM.Collect$$_printf_percent$$00000010  0x080002f6   Section        6  _printf_llo.o(.ARM.Collect$$_printf_percent$$00000010)
    .ARM.Collect$$_printf_percent$$00000011  0x080002fc   Section        6  _printf_llx.o(.ARM.Collect$$_printf_percent$$00000011)
    .ARM.Collect$$_printf_percent$$00000012  0x08000302   Section       10  _printf_l.o(.ARM.Collect$$_printf_percent$$00000012)
    .ARM.Collect$$_printf_percent$$00000013  0x0800030c   Section        6  _printf_c.o(.ARM.Collect$$_printf_percent$$00000013)
    .ARM.Collect$$_printf_percent$$00000014  0x08000312   Section        6  _printf_s.o(.ARM.Collect$$_printf_percent$$00000014)
    .ARM.Collect$$_printf_percent$$00000015  0x08000318   Section        6  _printf_lc.o(.ARM.Collect$$_printf_percent$$00000015)
    .ARM.Collect$$_printf_percent$$00000016  0x0800031e   Section        6  _printf_ls.o(.ARM.Collect$$_printf_percent$$00000016)
    .ARM.Collect$$_printf_percent$$00000017  0x08000324   Section        4  _printf_percent_end.o(.ARM.Collect$$_printf_percent$$00000017)
    .ARM.Collect$$libinit$$00000000          0x08000328   Section        2  libinit.o(.ARM.Collect$$libinit$$00000000)
    .ARM.Collect$$libinit$$00000001          0x0800032a   Section        4  libinit2.o(.ARM.Collect$$libinit$$00000001)
    .ARM.Collect$$libinit$$00000004          0x0800032e   Section        0  libinit2.o(.ARM.Collect$$libinit$$00000004)
    .ARM.Collect$$libinit$$00000006          0x0800032e   Section        0  libinit2.o(.ARM.Collect$$libinit$$00000006)
    .ARM.Collect$$libinit$$0000000C          0x0800032e   Section        0  libinit2.o(.ARM.Collect$$libinit$$0000000C)
    .ARM.Collect$$libinit$$0000000E          0x0800032e   Section        0  libinit2.o(.ARM.Collect$$libinit$$0000000E)
    .ARM.Collect$$libinit$$00000010          0x0800032e   Section        0  libinit2.o(.ARM.Collect$$libinit$$00000010)
    .ARM.Collect$$libinit$$00000011          0x0800032e   Section        6  libinit2.o(.ARM.Collect$$libinit$$00000011)
    .ARM.Collect$$libinit$$00000013          0x08000334   Section        0  libinit2.o(.ARM.Collect$$libinit$$00000013)
    .ARM.Collect$$libinit$$00000014          0x08000334   Section       12  libinit2.o(.ARM.Collect$$libinit$$00000014)
    .ARM.Collect$$libinit$$00000015          0x08000340   Section        0  libinit2.o(.ARM.Collect$$libinit$$00000015)
    .ARM.Collect$$libinit$$00000017          0x08000340   Section        0  libinit2.o(.ARM.Collect$$libinit$$00000017)
    .ARM.Collect$$libinit$$00000018          0x08000340   Section       10  libinit2.o(.ARM.Collect$$libinit$$00000018)
    .ARM.Collect$$libinit$$00000019          0x0800034a   Section        0  libinit2.o(.ARM.Collect$$libinit$$00000019)
    .ARM.Collect$$libinit$$0000001B          0x0800034a   Section        0  libinit2.o(.ARM.Collect$$libinit$$0000001B)
    .ARM.Collect$$libinit$$0000001D          0x0800034a   Section        0  libinit2.o(.ARM.Collect$$libinit$$0000001D)
    .ARM.Collect$$libinit$$0000001F          0x0800034a   Section        0  libinit2.o(.ARM.Collect$$libinit$$0000001F)
    .ARM.Collect$$libinit$$00000021          0x0800034a   Section        0  libinit2.o(.ARM.Collect$$libinit$$00000021)
    .ARM.Collect$$libinit$$00000023          0x0800034a   Section        0  libinit2.o(.ARM.Collect$$libinit$$00000023)
    .ARM.Collect$$libinit$$00000025          0x0800034a   Section        0  libinit2.o(.ARM.Collect$$libinit$$00000025)
    .ARM.Collect$$libinit$$00000027          0x0800034a   Section        0  libinit2.o(.ARM.Collect$$libinit$$00000027)
    .ARM.Collect$$libinit$$0000002E          0x0800034a   Section        0  libinit2.o(.ARM.Collect$$libinit$$0000002E)
    .ARM.Collect$$libinit$$00000030          0x0800034a   Section        0  libinit2.o(.ARM.Collect$$libinit$$00000030)
    .ARM.Collect$$libinit$$00000032          0x0800034a   Section        0  libinit2.o(.ARM.Collect$$libinit$$00000032)
    .ARM.Collect$$libinit$$00000034          0x0800034a   Section        0  libinit2.o(.ARM.Collect$$libinit$$00000034)
    .ARM.Collect$$libinit$$00000035          0x0800034a   Section        2  libinit2.o(.ARM.Collect$$libinit$$00000035)
    .ARM.Collect$$libshutdown$$00000000      0x0800034c   Section        2  libshutdown.o(.ARM.Collect$$libshutdown$$00000000)
    .ARM.Collect$$libshutdown$$00000002      0x0800034e   Section        0  libshutdown2.o(.ARM.Collect$$libshutdown$$00000002)
    .ARM.Collect$$libshutdown$$00000004      0x0800034e   Section        0  libshutdown2.o(.ARM.Collect$$libshutdown$$00000004)
    .ARM.Collect$$libshutdown$$00000007      0x0800034e   Section        0  libshutdown2.o(.ARM.Collect$$libshutdown$$00000007)
    .ARM.Collect$$libshutdown$$0000000A      0x0800034e   Section        0  libshutdown2.o(.ARM.Collect$$libshutdown$$0000000A)
    .ARM.Collect$$libshutdown$$0000000C      0x0800034e   Section        0  libshutdown2.o(.ARM.Collect$$libshutdown$$0000000C)
    .ARM.Collect$$libshutdown$$0000000F      0x0800034e   Section        0  libshutdown2.o(.ARM.Collect$$libshutdown$$0000000F)
    .ARM.Collect$$libshutdown$$00000010      0x0800034e   Section        2  libshutdown2.o(.ARM.Collect$$libshutdown$$00000010)
    .ARM.Collect$$rtentry$$00000000          0x08000350   Section        0  __rtentry.o(.ARM.Collect$$rtentry$$00000000)
    .ARM.Collect$$rtentry$$00000002          0x08000350   Section        0  __rtentry2.o(.ARM.Collect$$rtentry$$00000002)
    .ARM.Collect$$rtentry$$00000004          0x08000350   Section        6  __rtentry4.o(.ARM.Collect$$rtentry$$00000004)
    .ARM.Collect$$rtentry$$00000009          0x08000356   Section        0  __rtentry2.o(.ARM.Collect$$rtentry$$00000009)
    .ARM.Collect$$rtentry$$0000000A          0x08000356   Section        4  __rtentry2.o(.ARM.Collect$$rtentry$$0000000A)
    .ARM.Collect$$rtentry$$0000000C          0x0800035a   Section        0  __rtentry2.o(.ARM.Collect$$rtentry$$0000000C)
    .ARM.Collect$$rtentry$$0000000D          0x0800035a   Section        8  __rtentry2.o(.ARM.Collect$$rtentry$$0000000D)
    .ARM.Collect$$rtexit$$00000000           0x08000362   Section        2  rtexit.o(.ARM.Collect$$rtexit$$00000000)
    .ARM.Collect$$rtexit$$00000002           0x08000364   Section        0  rtexit2.o(.ARM.Collect$$rtexit$$00000002)
    .ARM.Collect$$rtexit$$00000003           0x08000364   Section        4  rtexit2.o(.ARM.Collect$$rtexit$$00000003)
    .ARM.Collect$$rtexit$$00000004           0x08000368   Section        6  rtexit2.o(.ARM.Collect$$rtexit$$00000004)
    $v0                                      0x08000370   Number         0  startup_stm32f767xx.o(.text)
    .text                                    0x08000370   Section       64  startup_stm32f767xx.o(.text)
    .text                                    0x080003b0   Section        0  sprintf.o(.text)
    .text                                    0x080003dc   Section        0  strlen.o(.text)
    .text                                    0x0800041a   Section        0  heapauxi.o(.text)
    .text                                    0x08000420   Section        0  _printf_pad.o(.text)
    .text                                    0x0800046e   Section        0  _printf_truncate.o(.text)
    .text                                    0x08000492   Section        0  _printf_str.o(.text)
    .text                                    0x080004e4   Section        0  _printf_dec.o(.text)
    .text                                    0x0800055c   Section        0  _printf_charcount.o(.text)
    _printf_input_char                       0x08000585   Thumb Code    10  _printf_char_common.o(.text)
    .text                                    0x08000584   Section        0  _printf_char_common.o(.text)
    .text                                    0x080005b4   Section        0  _sputc.o(.text)
    .text                                    0x080005c0   Section        0  _printf_wctomb.o(.text)
    .text                                    0x0800067c   Section        0  _printf_longlong_dec.o(.text)
    _printf_longlong_oct_internal            0x080006f9   Thumb Code     0  _printf_oct_int_ll.o(.text)
    .text                                    0x080006f8   Section        0  _printf_oct_int_ll.o(.text)
    _printf_hex_common                       0x08000769   Thumb Code     0  _printf_hex_int_ll_ptr.o(.text)
    .text                                    0x08000768   Section        0  _printf_hex_int_ll_ptr.o(.text)
    .text                                    0x080007fc   Section        0  __printf_flags_ss_wp.o(.text)
    .text                                    0x08000984   Section      138  lludiv10.o(.text)
    .text                                    0x08000a0e   Section        0  _printf_intcommon.o(.text)
    _fp_digits                               0x08000ac1   Thumb Code   432  _printf_fp_dec.o(.text)
    .text                                    0x08000ac0   Section        0  _printf_fp_dec.o(.text)
    .text                                    0x08000edc   Section        0  _printf_fp_hex.o(.text)
    .text                                    0x080011d8   Section        0  _printf_char.o(.text)
    .text                                    0x08001204   Section        0  _printf_wchar.o(.text)
    .text                                    0x08001230   Section        0  _c16rtomb.o(.text)
    .text                                    0x08001278   Section       74  sys_stackheap_outer.o(.text)
    .text                                    0x080012c4   Section       16  rt_ctype_table.o(.text)
    .text                                    0x080012d4   Section        8  rt_locale_intlibspace.o(.text)
    .text                                    0x080012dc   Section        0  _printf_fp_infnan.o(.text)
    .text                                    0x0800135c   Section        0  bigflt0.o(.text)
    .text                                    0x08001440   Section        0  exit.o(.text)
    .text                                    0x08001454   Section        8  libspace.o(.text)
    .text                                    0x08001460   Section      124  strcmpv7m_pel.o(.text)
    .text                                    0x080014dc   Section        0  sys_exit.o(.text)
    .text                                    0x080014e8   Section        2  use_no_semi.o(.text)
    .text                                    0x080014ea   Section        0  indicate_semi.o(.text)
    [Anonymous Symbol]                       0x080014f0   Section        0  main.o(.text.EXTI15_10_IRQHandler)
    [Anonymous Symbol]                       0x08001528   Section        0  system_stm32f7xx.o(.text.SystemInit)
    [Anonymous Symbol]                       0x08001548   Section        0  main.o(.text.USART3_IRQHandler)
    [Anonymous Symbol]                       0x08001590   Section        0  main.o(.text._Z10SysTick_msj)
    [Anonymous Symbol]                       0x080015c0   Section        0  main.o(.text._Z12SysTick_Waitj)
    [Anonymous Symbol]                       0x08001600   Section        0  main.o(.text._Z5PrintPci)
    [Anonymous Symbol]                       0x08001690   Section        0  main.o(.text._Z5delayv)
    [Anonymous Symbol]                       0x08001748   Section        0  main.o(.text._Z8ReadI2C1hhPhh)
    [Anonymous Symbol]                       0x08001890   Section        0  main.o(.text._Z9WriteI2C1hhPhh)
    __NVIC_EnableIRQ(IRQn_Type)              0x08001981   Thumb Code    48  main.o(.text._ZL16__NVIC_EnableIRQ9IRQn_Type)
    [Anonymous Symbol]                       0x08001980   Section        0  main.o(.text._ZL16__NVIC_EnableIRQ9IRQn_Type)
    [Anonymous Symbol]                       0x080019b0   Section        0  main.o(.text.main)
    CL$$btod_d2e                             0x08001f20   Section       62  btod.o(CL$$btod_d2e)
    CL$$btod_d2e_denorm_low                  0x08001f5e   Section       70  btod.o(CL$$btod_d2e_denorm_low)
    CL$$btod_d2e_norm_op1                    0x08001fa4   Section       96  btod.o(CL$$btod_d2e_norm_op1)
    CL$$btod_div_common                      0x08002004   Section      824  btod.o(CL$$btod_div_common)
    CL$$btod_e2e                             0x0800233c   Section      220  btod.o(CL$$btod_e2e)
    CL$$btod_ediv                            0x08002418   Section       42  btod.o(CL$$btod_ediv)
    CL$$btod_emul                            0x08002442   Section       42  btod.o(CL$$btod_emul)
    CL$$btod_mult_common                     0x0800246c   Section      580  btod.o(CL$$btod_mult_common)
    i.__ARM_fpclassify                       0x080026b0   Section        0  fpclassify.o(i.__ARM_fpclassify)
    i._is_digit                              0x080026e0   Section        0  __printf_wp.o(i._is_digit)
    locale$$code                             0x080026f0   Section       44  lc_numeric_c.o(locale$$code)
    locale$$code                             0x0800271c   Section       44  lc_ctype_c.o(locale$$code)
    $v0                                      0x08002748   Number         0  fpinit.o(x$fpl$fpinit)
    x$fpl$fpinit                             0x08002748   Section       26  fpinit.o(x$fpl$fpinit)
    $v0                                      0x08002762   Number         0  printf1.o(x$fpl$printf1)
    x$fpl$printf1                            0x08002762   Section        4  printf1.o(x$fpl$printf1)
    $v0                                      0x08002766   Number         0  printf2.o(x$fpl$printf2)
    x$fpl$printf2                            0x08002766   Section        4  printf2.o(x$fpl$printf2)
    x$fpl$usenofp                            0x0800276a   Section        0  usenofp.o(x$fpl$usenofp)
    initial_mbstate                          0x0800276c   Data           8  _printf_wctomb.o(.constdata)
    .constdata                               0x0800276c   Section        8  _printf_wctomb.o(.constdata)
    uc_hextab                                0x08002774   Data          20  _printf_hex_int_ll_ptr.o(.constdata)
    .constdata                               0x08002774   Section       40  _printf_hex_int_ll_ptr.o(.constdata)
    lc_hextab                                0x08002788   Data          20  _printf_hex_int_ll_ptr.o(.constdata)
    maptable                                 0x0800279c   Data          17  __printf_flags_ss_wp.o(.constdata)
    .constdata                               0x0800279c   Section       17  __printf_flags_ss_wp.o(.constdata)
    lc_hextab                                0x080027ad   Data          19  _printf_fp_hex.o(.constdata)
    .constdata                               0x080027ad   Section       38  _printf_fp_hex.o(.constdata)
    uc_hextab                                0x080027c0   Data          19  _printf_fp_hex.o(.constdata)
    tenpwrs_x                                0x080027d4   Data          60  bigflt0.o(.constdata)
    .constdata                               0x080027d4   Section      148  bigflt0.o(.constdata)
    tenpwrs_i                                0x08002810   Data          64  bigflt0.o(.constdata)
    .L.str.1                                 0x08002868   Data          54  main.o(.rodata.str1.1)
    [Anonymous Symbol]                       0x08002868   Section        0  main.o(.rodata.str1.1)
    .L.str                                   0x0800289e   Data          10  main.o(.rodata.str1.1)
    locale$$data                             0x080028c8   Section       28  lc_numeric_c.o(locale$$data)
    __lcnum_c_name                           0x080028cc   Data           2  lc_numeric_c.o(locale$$data)
    __lcnum_c_start                          0x080028d4   Data           0  lc_numeric_c.o(locale$$data)
    __lcnum_c_point                          0x080028e0   Data           0  lc_numeric_c.o(locale$$data)
    __lcnum_c_thousands                      0x080028e2   Data           0  lc_numeric_c.o(locale$$data)
    __lcnum_c_grouping                       0x080028e3   Data           0  lc_numeric_c.o(locale$$data)
    __lcnum_c_end                            0x080028e4   Data           0  lc_numeric_c.o(locale$$data)
    locale$$data                             0x080028e4   Section      272  lc_ctype_c.o(locale$$data)
    __lcctype_c_name                         0x080028e8   Data           2  lc_ctype_c.o(locale$$data)
    __lcctype_c_start                        0x080028f0   Data           0  lc_ctype_c.o(locale$$data)
    __lcctype_c_end                          0x080029f4   Data           0  lc_ctype_c.o(locale$$data)
    .bss                                     0x200200f8   Section       96  libspace.o(.bss)
    Heap_Mem                                 0x200201f0   Data         512  startup_stm32f767xx.o(HEAP)
    HEAP                                     0x200201f0   Section      512  startup_stm32f767xx.o(HEAP)
    Stack_Mem                                0x200203f0   Data        1024  startup_stm32f767xx.o(STACK)
    STACK                                    0x200203f0   Section     1024  startup_stm32f767xx.o(STACK)
    __initial_sp                             0x200207f0   Data           0  startup_stm32f767xx.o(STACK)

    Global Symbols

    Symbol Name                              Value     Ov Type        Size  Object(Section)

    BuildAttributes$$THM_ISAv4$E$P$D$K$B$S$7EM$VFPv5_D16$PE$PLD8$A:L22UL41UL21$X:L11$S22US41US21$IEEE1$IW$~IW$USESV6$~STKCKD$USESV7$~SHL$OTIME$ROPI$IEEEJ$EBA8$UX$STANDARDLIB$REQ8$PRES8$EABIv2 0x00000000   Number         0  anon$$obj.o ABSOLUTE
    _printf_flags                            0x00000000   Number         0  printf_stubs.o ABSOLUTE
    _printf_return_value                     0x00000000   Number         0  printf_stubs.o ABSOLUTE
    _printf_sizespec                         0x00000000   Number         0  printf_stubs.o ABSOLUTE
    _printf_widthprec                        0x00000000   Number         0  printf_stubs.o ABSOLUTE
    __ARM_exceptions_init                     - Undefined Weak Reference
    __alloca_initialize                       - Undefined Weak Reference
    __arm_preinit_                            - Undefined Weak Reference
    __arm_relocate_pie_                       - Undefined Weak Reference
    __cpp_initialize__aeabi_                  - Undefined Weak Reference
    __cxa_finalize                            - Undefined Weak Reference
    __sigvec_lookup                           - Undefined Weak Reference
    _atexit_init                              - Undefined Weak Reference
    _call_atexit_fns                          - Undefined Weak Reference
    _clock_init                               - Undefined Weak Reference
    _fp_trap_init                             - Undefined Weak Reference
    _fp_trap_shutdown                         - Undefined Weak Reference
    _get_lc_collate                           - Undefined Weak Reference
    _get_lc_monetary                          - Undefined Weak Reference
    _get_lc_time                              - Undefined Weak Reference
    _getenv_init                              - Undefined Weak Reference
    _handle_redirection                       - Undefined Weak Reference
    _init_alloc                               - Undefined Weak Reference
    _init_user_alloc                          - Undefined Weak Reference
    _initio                                   - Undefined Weak Reference
    _printf_mbtowc                            - Undefined Weak Reference
    _printf_wc                                - Undefined Weak Reference
    _rand_init                                - Undefined Weak Reference
    _signal_finish                            - Undefined Weak Reference
    _signal_init                              - Undefined Weak Reference
    _terminate_alloc                          - Undefined Weak Reference
    _terminate_user_alloc                     - Undefined Weak Reference
    _terminateio                              - Undefined Weak Reference
    __Vectors_Size                           0x000001f8   Number         0  startup_stm32f767xx.o ABSOLUTE
    __Vectors                                0x08000000   Data           4  startup_stm32f767xx.o(RESET)
    __Vectors_End                            0x080001f8   Data           0  startup_stm32f767xx.o(RESET)
    __main                                   0x080001f9   Thumb Code     8  __main.o(!!!main)
    __scatterload                            0x08000201   Thumb Code     0  __scatter.o(!!!scatter)
    __scatterload_rt2                        0x08000201   Thumb Code    84  __scatter.o(!!!scatter)
    __scatterload_rt2_thumb_only             0x08000201   Thumb Code     0  __scatter.o(!!!scatter)
    __scatterload_loop                       0x0800020b   Thumb Code     0  __scatter.o(!!!scatter)
    __scatterload_copy                       0x0800025d   Thumb Code    26  __scatter_copy.o(!!handler_copy)
    __scatterload_null                       0x08000279   Thumb Code     2  __scatter.o(!!handler_null)
    __scatterload_zeroinit                   0x0800027d   Thumb Code    28  __scatter_zi.o(!!handler_zi)
    _printf_n                                0x08000299   Thumb Code     0  _printf_n.o(.ARM.Collect$$_printf_percent$$00000001)
    _printf_percent                          0x08000299   Thumb Code     0  _printf_percent.o(.ARM.Collect$$_printf_percent$$00000000)
    _printf_p                                0x0800029f   Thumb Code     0  _printf_p.o(.ARM.Collect$$_printf_percent$$00000002)
    _printf_f                                0x080002a5   Thumb Code     0  _printf_f.o(.ARM.Collect$$_printf_percent$$00000003)
    _printf_e                                0x080002ab   Thumb Code     0  _printf_e.o(.ARM.Collect$$_printf_percent$$00000004)
    _printf_g                                0x080002b1   Thumb Code     0  _printf_g.o(.ARM.Collect$$_printf_percent$$00000005)
    _printf_a                                0x080002b7   Thumb Code     0  _printf_a.o(.ARM.Collect$$_printf_percent$$00000006)
    _printf_ll                               0x080002bd   Thumb Code     0  _printf_ll.o(.ARM.Collect$$_printf_percent$$00000007)
    _printf_i                                0x080002c7   Thumb Code     0  _printf_i.o(.ARM.Collect$$_printf_percent$$00000008)
    _printf_d                                0x080002cd   Thumb Code     0  _printf_d.o(.ARM.Collect$$_printf_percent$$00000009)
    _printf_u                                0x080002d3   Thumb Code     0  _printf_u.o(.ARM.Collect$$_printf_percent$$0000000A)
    _printf_o                                0x080002d9   Thumb Code     0  _printf_o.o(.ARM.Collect$$_printf_percent$$0000000B)
    _printf_x                                0x080002df   Thumb Code     0  _printf_x.o(.ARM.Collect$$_printf_percent$$0000000C)
    _printf_lli                              0x080002e5   Thumb Code     0  _printf_lli.o(.ARM.Collect$$_printf_percent$$0000000D)
    _printf_lld                              0x080002eb   Thumb Code     0  _printf_lld.o(.ARM.Collect$$_printf_percent$$0000000E)
    _printf_llu                              0x080002f1   Thumb Code     0  _printf_llu.o(.ARM.Collect$$_printf_percent$$0000000F)
    _printf_llo                              0x080002f7   Thumb Code     0  _printf_llo.o(.ARM.Collect$$_printf_percent$$00000010)
    _printf_llx                              0x080002fd   Thumb Code     0  _printf_llx.o(.ARM.Collect$$_printf_percent$$00000011)
    _printf_l                                0x08000303   Thumb Code     0  _printf_l.o(.ARM.Collect$$_printf_percent$$00000012)
    _printf_c                                0x0800030d   Thumb Code     0  _printf_c.o(.ARM.Collect$$_printf_percent$$00000013)
    _printf_s                                0x08000313   Thumb Code     0  _printf_s.o(.ARM.Collect$$_printf_percent$$00000014)
    _printf_lc                               0x08000319   Thumb Code     0  _printf_lc.o(.ARM.Collect$$_printf_percent$$00000015)
    _printf_ls                               0x0800031f   Thumb Code     0  _printf_ls.o(.ARM.Collect$$_printf_percent$$00000016)
    _printf_percent_end                      0x08000325   Thumb Code     0  _printf_percent_end.o(.ARM.Collect$$_printf_percent$$00000017)
    __rt_lib_init                            0x08000329   Thumb Code     0  libinit.o(.ARM.Collect$$libinit$$00000000)
    __rt_lib_init_fp_1                       0x0800032b   Thumb Code     0  libinit2.o(.ARM.Collect$$libinit$$00000001)
    __rt_lib_init_heap_1                     0x0800032f   Thumb Code     0  libinit2.o(.ARM.Collect$$libinit$$0000000C)
    __rt_lib_init_lc_common                  0x0800032f   Thumb Code     0  libinit2.o(.ARM.Collect$$libinit$$00000011)
    __rt_lib_init_preinit_1                  0x0800032f   Thumb Code     0  libinit2.o(.ARM.Collect$$libinit$$00000006)
    __rt_lib_init_rand_1                     0x0800032f   Thumb Code     0  libinit2.o(.ARM.Collect$$libinit$$00000010)
    __rt_lib_init_relocate_pie_1             0x0800032f   Thumb Code     0  libinit2.o(.ARM.Collect$$libinit$$00000004)
    __rt_lib_init_user_alloc_1               0x0800032f   Thumb Code     0  libinit2.o(.ARM.Collect$$libinit$$0000000E)
    __rt_lib_init_lc_collate_1               0x08000335   Thumb Code     0  libinit2.o(.ARM.Collect$$libinit$$00000013)
    __rt_lib_init_lc_ctype_2                 0x08000335   Thumb Code     0  libinit2.o(.ARM.Collect$$libinit$$00000014)
    __rt_lib_init_lc_ctype_1                 0x08000341   Thumb Code     0  libinit2.o(.ARM.Collect$$libinit$$00000015)
    __rt_lib_init_lc_monetary_1              0x08000341   Thumb Code     0  libinit2.o(.ARM.Collect$$libinit$$00000017)
    __rt_lib_init_lc_numeric_2               0x08000341   Thumb Code     0  libinit2.o(.ARM.Collect$$libinit$$00000018)
    __rt_lib_init_alloca_1                   0x0800034b   Thumb Code     0  libinit2.o(.ARM.Collect$$libinit$$00000030)
    __rt_lib_init_argv_1                     0x0800034b   Thumb Code     0  libinit2.o(.ARM.Collect$$libinit$$0000002E)
    __rt_lib_init_atexit_1                   0x0800034b   Thumb Code     0  libinit2.o(.ARM.Collect$$libinit$$0000001D)
    __rt_lib_init_clock_1                    0x0800034b   Thumb Code     0  libinit2.o(.ARM.Collect$$libinit$$00000023)
    __rt_lib_init_cpp_1                      0x0800034b   Thumb Code     0  libinit2.o(.ARM.Collect$$libinit$$00000034)
    __rt_lib_init_exceptions_1               0x0800034b   Thumb Code     0  libinit2.o(.ARM.Collect$$libinit$$00000032)
    __rt_lib_init_fp_trap_1                  0x0800034b   Thumb Code     0  libinit2.o(.ARM.Collect$$libinit$$00000021)
    __rt_lib_init_getenv_1                   0x0800034b   Thumb Code     0  libinit2.o(.ARM.Collect$$libinit$$00000025)
    __rt_lib_init_lc_numeric_1               0x0800034b   Thumb Code     0  libinit2.o(.ARM.Collect$$libinit$$00000019)
    __rt_lib_init_lc_time_1                  0x0800034b   Thumb Code     0  libinit2.o(.ARM.Collect$$libinit$$0000001B)
    __rt_lib_init_return                     0x0800034b   Thumb Code     0  libinit2.o(.ARM.Collect$$libinit$$00000035)
    __rt_lib_init_signal_1                   0x0800034b   Thumb Code     0  libinit2.o(.ARM.Collect$$libinit$$0000001F)
    __rt_lib_init_stdio_1                    0x0800034b   Thumb Code     0  libinit2.o(.ARM.Collect$$libinit$$00000027)
    __rt_lib_shutdown                        0x0800034d   Thumb Code     0  libshutdown.o(.ARM.Collect$$libshutdown$$00000000)
    __rt_lib_shutdown_cpp_1                  0x0800034f   Thumb Code     0  libshutdown2.o(.ARM.Collect$$libshutdown$$00000002)
    __rt_lib_shutdown_fp_trap_1              0x0800034f   Thumb Code     0  libshutdown2.o(.ARM.Collect$$libshutdown$$00000007)
    __rt_lib_shutdown_heap_1                 0x0800034f   Thumb Code     0  libshutdown2.o(.ARM.Collect$$libshutdown$$0000000F)
    __rt_lib_shutdown_return                 0x0800034f   Thumb Code     0  libshutdown2.o(.ARM.Collect$$libshutdown$$00000010)
    __rt_lib_shutdown_signal_1               0x0800034f   Thumb Code     0  libshutdown2.o(.ARM.Collect$$libshutdown$$0000000A)
    __rt_lib_shutdown_stdio_1                0x0800034f   Thumb Code     0  libshutdown2.o(.ARM.Collect$$libshutdown$$00000004)
    __rt_lib_shutdown_user_alloc_1           0x0800034f   Thumb Code     0  libshutdown2.o(.ARM.Collect$$libshutdown$$0000000C)
    __rt_entry                               0x08000351   Thumb Code     0  __rtentry.o(.ARM.Collect$$rtentry$$00000000)
    __rt_entry_presh_1                       0x08000351   Thumb Code     0  __rtentry2.o(.ARM.Collect$$rtentry$$00000002)
    __rt_entry_sh                            0x08000351   Thumb Code     0  __rtentry4.o(.ARM.Collect$$rtentry$$00000004)
    __rt_entry_li                            0x08000357   Thumb Code     0  __rtentry2.o(.ARM.Collect$$rtentry$$0000000A)
    __rt_entry_postsh_1                      0x08000357   Thumb Code     0  __rtentry2.o(.ARM.Collect$$rtentry$$00000009)
    __rt_entry_main                          0x0800035b   Thumb Code     0  __rtentry2.o(.ARM.Collect$$rtentry$$0000000D)
    __rt_entry_postli_1                      0x0800035b   Thumb Code     0  __rtentry2.o(.ARM.Collect$$rtentry$$0000000C)
    __rt_exit                                0x08000363   Thumb Code     0  rtexit.o(.ARM.Collect$$rtexit$$00000000)
    __rt_exit_ls                             0x08000365   Thumb Code     0  rtexit2.o(.ARM.Collect$$rtexit$$00000003)
    __rt_exit_prels_1                        0x08000365   Thumb Code     0  rtexit2.o(.ARM.Collect$$rtexit$$00000002)
    __rt_exit_exit                           0x08000369   Thumb Code     0  rtexit2.o(.ARM.Collect$$rtexit$$00000004)
    Reset_Handler                            0x08000371   Thumb Code     8  startup_stm32f767xx.o(.text)
    NMI_Handler                              0x08000379   Thumb Code     2  startup_stm32f767xx.o(.text)
    HardFault_Handler                        0x0800037b   Thumb Code     2  startup_stm32f767xx.o(.text)
    MemManage_Handler                        0x0800037d   Thumb Code     2  startup_stm32f767xx.o(.text)
    BusFault_Handler                         0x0800037f   Thumb Code     2  startup_stm32f767xx.o(.text)
    UsageFault_Handler                       0x08000381   Thumb Code     2  startup_stm32f767xx.o(.text)
    SVC_Handler                              0x08000383   Thumb Code     2  startup_stm32f767xx.o(.text)
    DebugMon_Handler                         0x08000385   Thumb Code     2  startup_stm32f767xx.o(.text)
    PendSV_Handler                           0x08000387   Thumb Code     2  startup_stm32f767xx.o(.text)
    SysTick_Handler                          0x08000389   Thumb Code     2  startup_stm32f767xx.o(.text)
    ADC_IRQHandler                           0x0800038b   Thumb Code     0  startup_stm32f767xx.o(.text)
    CAN1_RX0_IRQHandler                      0x0800038b   Thumb Code     0  startup_stm32f767xx.o(.text)
    CAN1_RX1_IRQHandler                      0x0800038b   Thumb Code     0  startup_stm32f767xx.o(.text)
    CAN1_SCE_IRQHandler                      0x0800038b   Thumb Code     0  startup_stm32f767xx.o(.text)
    CAN1_TX_IRQHandler                       0x0800038b   Thumb Code     0  startup_stm32f767xx.o(.text)
    CAN2_RX0_IRQHandler                      0x0800038b   Thumb Code     0  startup_stm32f767xx.o(.text)
    CAN2_RX1_IRQHandler                      0x0800038b   Thumb Code     0  startup_stm32f767xx.o(.text)
    CAN2_SCE_IRQHandler                      0x0800038b   Thumb Code     0  startup_stm32f767xx.o(.text)
    CAN2_TX_IRQHandler                       0x0800038b   Thumb Code     0  startup_stm32f767xx.o(.text)
    CAN3_RX0_IRQHandler                      0x0800038b   Thumb Code     0  startup_stm32f767xx.o(.text)
    CAN3_RX1_IRQHandler                      0x0800038b   Thumb Code     0  startup_stm32f767xx.o(.text)
    CAN3_SCE_IRQHandler                      0x0800038b   Thumb Code     0  startup_stm32f767xx.o(.text)
    CAN3_TX_IRQHandler                       0x0800038b   Thumb Code     0  startup_stm32f767xx.o(.text)
    CEC_IRQHandler                           0x0800038b   Thumb Code     0  startup_stm32f767xx.o(.text)
    DCMI_IRQHandler                          0x0800038b   Thumb Code     0  startup_stm32f767xx.o(.text)
    DFSDM1_FLT0_IRQHandler                   0x0800038b   Thumb Code     0  startup_stm32f767xx.o(.text)
    DFSDM1_FLT1_IRQHandler                   0x0800038b   Thumb Code     0  startup_stm32f767xx.o(.text)
    DFSDM1_FLT2_IRQHandler                   0x0800038b   Thumb Code     0  startup_stm32f767xx.o(.text)
    DFSDM1_FLT3_IRQHandler                   0x0800038b   Thumb Code     0  startup_stm32f767xx.o(.text)
    DMA1_Stream0_IRQHandler                  0x0800038b   Thumb Code     0  startup_stm32f767xx.o(.text)
    DMA1_Stream1_IRQHandler                  0x0800038b   Thumb Code     0  startup_stm32f767xx.o(.text)
    DMA1_Stream2_IRQHandler                  0x0800038b   Thumb Code     0  startup_stm32f767xx.o(.text)
    DMA1_Stream3_IRQHandler                  0x0800038b   Thumb Code     0  startup_stm32f767xx.o(.text)
    DMA1_Stream4_IRQHandler                  0x0800038b   Thumb Code     0  startup_stm32f767xx.o(.text)
    DMA1_Stream5_IRQHandler                  0x0800038b   Thumb Code     0  startup_stm32f767xx.o(.text)
    DMA1_Stream6_IRQHandler                  0x0800038b   Thumb Code     0  startup_stm32f767xx.o(.text)
    DMA1_Stream7_IRQHandler                  0x0800038b   Thumb Code     0  startup_stm32f767xx.o(.text)
    DMA2D_IRQHandler                         0x0800038b   Thumb Code     0  startup_stm32f767xx.o(.text)
    DMA2_Stream0_IRQHandler                  0x0800038b   Thumb Code     0  startup_stm32f767xx.o(.text)
    DMA2_Stream1_IRQHandler                  0x0800038b   Thumb Code     0  startup_stm32f767xx.o(.text)
    DMA2_Stream2_IRQHandler                  0x0800038b   Thumb Code     0  startup_stm32f767xx.o(.text)
    DMA2_Stream3_IRQHandler                  0x0800038b   Thumb Code     0  startup_stm32f767xx.o(.text)
    DMA2_Stream4_IRQHandler                  0x0800038b   Thumb Code     0  startup_stm32f767xx.o(.text)
    DMA2_Stream5_IRQHandler                  0x0800038b   Thumb Code     0  startup_stm32f767xx.o(.text)
    DMA2_Stream6_IRQHandler                  0x0800038b   Thumb Code     0  startup_stm32f767xx.o(.text)
    DMA2_Stream7_IRQHandler                  0x0800038b   Thumb Code     0  startup_stm32f767xx.o(.text)
    ETH_IRQHandler                           0x0800038b   Thumb Code     0  startup_stm32f767xx.o(.text)
    ETH_WKUP_IRQHandler                      0x0800038b   Thumb Code     0  startup_stm32f767xx.o(.text)
    EXTI0_IRQHandler                         0x0800038b   Thumb Code     0  startup_stm32f767xx.o(.text)
    EXTI1_IRQHandler                         0x0800038b   Thumb Code     0  startup_stm32f767xx.o(.text)
    EXTI2_IRQHandler                         0x0800038b   Thumb Code     0  startup_stm32f767xx.o(.text)
    EXTI3_IRQHandler                         0x0800038b   Thumb Code     0  startup_stm32f767xx.o(.text)
    EXTI4_IRQHandler                         0x0800038b   Thumb Code     0  startup_stm32f767xx.o(.text)
    EXTI9_5_IRQHandler                       0x0800038b   Thumb Code     0  startup_stm32f767xx.o(.text)
    FLASH_IRQHandler                         0x0800038b   Thumb Code     0  startup_stm32f767xx.o(.text)
    FMC_IRQHandler                           0x0800038b   Thumb Code     0  startup_stm32f767xx.o(.text)
    FPU_IRQHandler                           0x0800038b   Thumb Code     0  startup_stm32f767xx.o(.text)
    I2C1_ER_IRQHandler                       0x0800038b   Thumb Code     0  startup_stm32f767xx.o(.text)
    I2C1_EV_IRQHandler                       0x0800038b   Thumb Code     0  startup_stm32f767xx.o(.text)
    I2C2_ER_IRQHandler                       0x0800038b   Thumb Code     0  startup_stm32f767xx.o(.text)
    I2C2_EV_IRQHandler                       0x0800038b   Thumb Code     0  startup_stm32f767xx.o(.text)
    I2C3_ER_IRQHandler                       0x0800038b   Thumb Code     0  startup_stm32f767xx.o(.text)
    I2C3_EV_IRQHandler                       0x0800038b   Thumb Code     0  startup_stm32f767xx.o(.text)
    I2C4_ER_IRQHandler                       0x0800038b   Thumb Code     0  startup_stm32f767xx.o(.text)
    I2C4_EV_IRQHandler                       0x0800038b   Thumb Code     0  startup_stm32f767xx.o(.text)
    JPEG_IRQHandler                          0x0800038b   Thumb Code     0  startup_stm32f767xx.o(.text)
    LPTIM1_IRQHandler                        0x0800038b   Thumb Code     0  startup_stm32f767xx.o(.text)
    LTDC_ER_IRQHandler                       0x0800038b   Thumb Code     0  startup_stm32f767xx.o(.text)
    LTDC_IRQHandler                          0x0800038b   Thumb Code     0  startup_stm32f767xx.o(.text)
    MDIOS_IRQHandler                         0x0800038b   Thumb Code     0  startup_stm32f767xx.o(.text)
    OTG_FS_IRQHandler                        0x0800038b   Thumb Code     0  startup_stm32f767xx.o(.text)
    OTG_FS_WKUP_IRQHandler                   0x0800038b   Thumb Code     0  startup_stm32f767xx.o(.text)
    OTG_HS_EP1_IN_IRQHandler                 0x0800038b   Thumb Code     0  startup_stm32f767xx.o(.text)
    OTG_HS_EP1_OUT_IRQHandler                0x0800038b   Thumb Code     0  startup_stm32f767xx.o(.text)
    OTG_HS_IRQHandler                        0x0800038b   Thumb Code     0  startup_stm32f767xx.o(.text)
    OTG_HS_WKUP_IRQHandler                   0x0800038b   Thumb Code     0  startup_stm32f767xx.o(.text)
    PVD_IRQHandler                           0x0800038b   Thumb Code     0  startup_stm32f767xx.o(.text)
    QUADSPI_IRQHandler                       0x0800038b   Thumb Code     0  startup_stm32f767xx.o(.text)
    RCC_IRQHandler                           0x0800038b   Thumb Code     0  startup_stm32f767xx.o(.text)
    RNG_IRQHandler                           0x0800038b   Thumb Code     0  startup_stm32f767xx.o(.text)
    RTC_Alarm_IRQHandler                     0x0800038b   Thumb Code     0  startup_stm32f767xx.o(.text)
    RTC_WKUP_IRQHandler                      0x0800038b   Thumb Code     0  startup_stm32f767xx.o(.text)
    SAI1_IRQHandler                          0x0800038b   Thumb Code     0  startup_stm32f767xx.o(.text)
    SAI2_IRQHandler                          0x0800038b   Thumb Code     0  startup_stm32f767xx.o(.text)
    SDMMC1_IRQHandler                        0x0800038b   Thumb Code     0  startup_stm32f767xx.o(.text)
    SDMMC2_IRQHandler                        0x0800038b   Thumb Code     0  startup_stm32f767xx.o(.text)
    SPDIF_RX_IRQHandler                      0x0800038b   Thumb Code     0  startup_stm32f767xx.o(.text)
    SPI1_IRQHandler                          0x0800038b   Thumb Code     0  startup_stm32f767xx.o(.text)
    SPI2_IRQHandler                          0x0800038b   Thumb Code     0  startup_stm32f767xx.o(.text)
    SPI3_IRQHandler                          0x0800038b   Thumb Code     0  startup_stm32f767xx.o(.text)
    SPI4_IRQHandler                          0x0800038b   Thumb Code     0  startup_stm32f767xx.o(.text)
    SPI5_IRQHandler                          0x0800038b   Thumb Code     0  startup_stm32f767xx.o(.text)
    SPI6_IRQHandler                          0x0800038b   Thumb Code     0  startup_stm32f767xx.o(.text)
    TAMP_STAMP_IRQHandler                    0x0800038b   Thumb Code     0  startup_stm32f767xx.o(.text)
    TIM1_BRK_TIM9_IRQHandler                 0x0800038b   Thumb Code     0  startup_stm32f767xx.o(.text)
    TIM1_CC_IRQHandler                       0x0800038b   Thumb Code     0  startup_stm32f767xx.o(.text)
    TIM1_TRG_COM_TIM11_IRQHandler            0x0800038b   Thumb Code     0  startup_stm32f767xx.o(.text)
    TIM1_UP_TIM10_IRQHandler                 0x0800038b   Thumb Code     0  startup_stm32f767xx.o(.text)
    TIM2_IRQHandler                          0x0800038b   Thumb Code     0  startup_stm32f767xx.o(.text)
    TIM3_IRQHandler                          0x0800038b   Thumb Code     0  startup_stm32f767xx.o(.text)
    TIM4_IRQHandler                          0x0800038b   Thumb Code     0  startup_stm32f767xx.o(.text)
    TIM5_IRQHandler                          0x0800038b   Thumb Code     0  startup_stm32f767xx.o(.text)
    TIM6_DAC_IRQHandler                      0x0800038b   Thumb Code     0  startup_stm32f767xx.o(.text)
    TIM7_IRQHandler                          0x0800038b   Thumb Code     0  startup_stm32f767xx.o(.text)
    TIM8_BRK_TIM12_IRQHandler                0x0800038b   Thumb Code     0  startup_stm32f767xx.o(.text)
    TIM8_CC_IRQHandler                       0x0800038b   Thumb Code     0  startup_stm32f767xx.o(.text)
    TIM8_TRG_COM_TIM14_IRQHandler            0x0800038b   Thumb Code     0  startup_stm32f767xx.o(.text)
    TIM8_UP_TIM13_IRQHandler                 0x0800038b   Thumb Code     0  startup_stm32f767xx.o(.text)
    UART4_IRQHandler                         0x0800038b   Thumb Code     0  startup_stm32f767xx.o(.text)
    UART5_IRQHandler                         0x0800038b   Thumb Code     0  startup_stm32f767xx.o(.text)
    UART7_IRQHandler                         0x0800038b   Thumb Code     0  startup_stm32f767xx.o(.text)
    UART8_IRQHandler                         0x0800038b   Thumb Code     0  startup_stm32f767xx.o(.text)
    USART1_IRQHandler                        0x0800038b   Thumb Code     0  startup_stm32f767xx.o(.text)
    USART2_IRQHandler                        0x0800038b   Thumb Code     0  startup_stm32f767xx.o(.text)
    USART6_IRQHandler                        0x0800038b   Thumb Code     0  startup_stm32f767xx.o(.text)
    WWDG_IRQHandler                          0x0800038b   Thumb Code     0  startup_stm32f767xx.o(.text)
    __user_initial_stackheap                 0x0800038d   Thumb Code     0  startup_stm32f767xx.o(.text)
    sprintf                                  0x080003b1   Thumb Code    38  sprintf.o(.text)
    strlen                                   0x080003dd   Thumb Code    62  strlen.o(.text)
    __use_two_region_memory                  0x0800041b   Thumb Code     2  heapauxi.o(.text)
    __rt_heap_escrow$2region                 0x0800041d   Thumb Code     2  heapauxi.o(.text)
    __rt_heap_expand$2region                 0x0800041f   Thumb Code     2  heapauxi.o(.text)
    _printf_pre_padding                      0x08000421   Thumb Code    44  _printf_pad.o(.text)
    _printf_post_padding                     0x0800044d   Thumb Code    34  _printf_pad.o(.text)
    _printf_truncate_signed                  0x0800046f   Thumb Code    18  _printf_truncate.o(.text)
    _printf_truncate_unsigned                0x08000481   Thumb Code    18  _printf_truncate.o(.text)
    _printf_str                              0x08000493   Thumb Code    82  _printf_str.o(.text)
    _printf_int_dec                          0x080004e5   Thumb Code   104  _printf_dec.o(.text)
    _printf_charcount                        0x0800055d   Thumb Code    40  _printf_charcount.o(.text)
    _printf_char_common                      0x0800058f   Thumb Code    32  _printf_char_common.o(.text)
    _sputc                                   0x080005b5   Thumb Code    10  _sputc.o(.text)
    _printf_wctomb                           0x080005c1   Thumb Code   182  _printf_wctomb.o(.text)
    _printf_longlong_dec                     0x0800067d   Thumb Code   108  _printf_longlong_dec.o(.text)
    _printf_longlong_oct                     0x080006f9   Thumb Code    68  _printf_oct_int_ll.o(.text)
    _printf_int_oct                          0x0800073d   Thumb Code    24  _printf_oct_int_ll.o(.text)
    _printf_ll_oct                           0x08000755   Thumb Code    12  _printf_oct_int_ll.o(.text)
    _printf_longlong_hex                     0x08000769   Thumb Code    86  _printf_hex_int_ll_ptr.o(.text)
    _printf_int_hex                          0x080007bf   Thumb Code    28  _printf_hex_int_ll_ptr.o(.text)
    _printf_ll_hex                           0x080007db   Thumb Code    12  _printf_hex_int_ll_ptr.o(.text)
    _printf_hex_ptr                          0x080007e7   Thumb Code    18  _printf_hex_int_ll_ptr.o(.text)
    __printf                                 0x080007fd   Thumb Code   388  __printf_flags_ss_wp.o(.text)
    _ll_udiv10                               0x08000985   Thumb Code   138  lludiv10.o(.text)
    _printf_int_common                       0x08000a0f   Thumb Code   178  _printf_intcommon.o(.text)
    _printf_fp_dec_real                      0x08000c71   Thumb Code   620  _printf_fp_dec.o(.text)
    _printf_fp_hex_real                      0x08000edd   Thumb Code   756  _printf_fp_hex.o(.text)
    _printf_cs_common                        0x080011d9   Thumb Code    20  _printf_char.o(.text)
    _printf_char                             0x080011ed   Thumb Code    16  _printf_char.o(.text)
    _printf_string                           0x080011fd   Thumb Code     8  _printf_char.o(.text)
    _printf_lcs_common                       0x08001205   Thumb Code    20  _printf_wchar.o(.text)
    _printf_wchar                            0x08001219   Thumb Code    16  _printf_wchar.o(.text)
    _printf_wstring                          0x08001229   Thumb Code     8  _printf_wchar.o(.text)
    _c16rtomb                                0x08001231   Thumb Code    72  _c16rtomb.o(.text)
    _wcrtomb                                 0x08001231   Thumb Code     0  _c16rtomb.o(.text)
    __user_setup_stackheap                   0x08001279   Thumb Code    74  sys_stackheap_outer.o(.text)
    __rt_ctype_table                         0x080012c5   Thumb Code    16  rt_ctype_table.o(.text)
    __rt_locale                              0x080012d5   Thumb Code     8  rt_locale_intlibspace.o(.text)
    _printf_fp_infnan                        0x080012dd   Thumb Code   112  _printf_fp_infnan.o(.text)
    _btod_etento                             0x0800135d   Thumb Code   224  bigflt0.o(.text)
    exit                                     0x08001441   Thumb Code    18  exit.o(.text)
    __user_libspace                          0x08001455   Thumb Code     8  libspace.o(.text)
    __user_perproc_libspace                  0x08001455   Thumb Code     0  libspace.o(.text)
    __user_perthread_libspace                0x08001455   Thumb Code     0  libspace.o(.text)
    strcmp                                   0x08001461   Thumb Code   124  strcmpv7m_pel.o(.text)
    _sys_exit                                0x080014dd   Thumb Code     8  sys_exit.o(.text)
    __I$use$semihosting                      0x080014e9   Thumb Code     0  use_no_semi.o(.text)
    __use_no_semihosting_swi                 0x080014e9   Thumb Code     2  use_no_semi.o(.text)
    __semihosting_library_function           0x080014eb   Thumb Code     0  indicate_semi.o(.text)
    EXTI15_10_IRQHandler                     0x080014f1   Thumb Code    56  main.o(.text.EXTI15_10_IRQHandler)
    SystemInit                               0x08001529   Thumb Code    32  system_stm32f7xx.o(.text.SystemInit)
    USART3_IRQHandler                        0x08001549   Thumb Code    70  main.o(.text.USART3_IRQHandler)
    SysTick_ms(unsigned int)                 0x08001591   Thumb Code    44  main.o(.text._Z10SysTick_msj)
    SysTick_Wait(unsigned int)               0x080015c1   Thumb Code    62  main.o(.text._Z12SysTick_Waitj)
    Print(char*, int)                        0x08001601   Thumb Code   144  main.o(.text._Z5PrintPci)
    delay()                                  0x08001691   Thumb Code   182  main.o(.text._Z5delayv)
    ReadI2C1(unsigned char, unsigned char, unsigned char*, unsigned char) 0x08001749   Thumb Code   324  main.o(.text._Z8ReadI2C1hhPhh)
    WriteI2C1(unsigned char, unsigned char, unsigned char*, unsigned char) 0x08001891   Thumb Code   236  main.o(.text._Z9WriteI2C1hhPhh)
    main                                     0x080019b1   Thumb Code  1384  main.o(.text.main)
    _btod_d2e                                0x08001f21   Thumb Code    62  btod.o(CL$$btod_d2e)
    _d2e_denorm_low                          0x08001f5f   Thumb Code    70  btod.o(CL$$btod_d2e_denorm_low)
    _d2e_norm_op1                            0x08001fa5   Thumb Code    96  btod.o(CL$$btod_d2e_norm_op1)
    __btod_div_common                        0x08002005   Thumb Code   696  btod.o(CL$$btod_div_common)
    _e2e                                     0x0800233d   Thumb Code   220  btod.o(CL$$btod_e2e)
    _btod_ediv                               0x08002419   Thumb Code    42  btod.o(CL$$btod_ediv)
    _btod_emul                               0x08002443   Thumb Code    42  btod.o(CL$$btod_emul)
    __btod_mult_common                       0x0800246d   Thumb Code   580  btod.o(CL$$btod_mult_common)
    __ARM_fpclassify                         0x080026b1   Thumb Code    48  fpclassify.o(i.__ARM_fpclassify)
    _is_digit                                0x080026e1   Thumb Code    14  __printf_wp.o(i._is_digit)
    _get_lc_numeric                          0x080026f1   Thumb Code    44  lc_numeric_c.o(locale$$code)
    _get_lc_ctype                            0x0800271d   Thumb Code    44  lc_ctype_c.o(locale$$code)
    _fp_init                                 0x08002749   Thumb Code    26  fpinit.o(x$fpl$fpinit)
    __fplib_config_fpu_vfp                   0x08002761   Thumb Code     0  fpinit.o(x$fpl$fpinit)
    __fplib_config_pureend_doubles           0x08002761   Thumb Code     0  fpinit.o(x$fpl$fpinit)
    _printf_fp_dec                           0x08002763   Thumb Code     4  printf1.o(x$fpl$printf1)
    _printf_fp_hex                           0x08002767   Thumb Code     4  printf2.o(x$fpl$printf2)
    __I$use$fp                               0x0800276a   Number         0  usenofp.o(x$fpl$usenofp)
    Region$$Table$$Base                      0x080028a8   Number         0  anon$$obj.o(Region$$Table)
    Region$$Table$$Limit                     0x080028c8   Number         0  anon$$obj.o(Region$$Table)
    __ctype                                  0x080028f1   Data           0  lc_ctype_c.o(locale$$data)
    t_fin                                    0x20020000   Data           4  main.o(.data.t_fin)
    text1                                    0x20020004   Data          60  main.o(.data.text1)
    text2                                    0x20020040   Data          35  main.o(.data.text2)
    text3                                    0x20020063   Data          55  main.o(.data.text3)
    text4                                    0x2002009a   Data          40  main.o(.data.text4)
    text5                                    0x200200c2   Data          45  main.o(.data.text5)
    text7                                    0x200200ef   Data           5  main.o(.data.text7)
    __libspace_start                         0x200200f8   Data          96  libspace.o(.bss)
    GirAcel                                  0x20020158   Data          14  main.o(.bss.GirAcel)
    __temporary_stack_top$libspace           0x20020158   Data           0  libspace.o(.bss)
    cmd                                      0x20020166   Data           1  main.o(.bss.cmd)
    cont_timer                               0x20020168   Data           4  main.o(.bss.cont_timer)
    d                                        0x2002016c   Data           1  main.o(.bss.d)
    data                                     0x2002016d   Data           1  main.o(.bss.data)
    flag                                     0x2002016e   Data           1  main.o(.bss.flag)
    i                                        0x20020170   Data           4  main.o(.bss.i)
    j                                        0x20020174   Data           1  main.o(.bss.j)
    raw_accelx                               0x20020176   Data           2  main.o(.bss.raw_accelx)
    raw_accely                               0x20020178   Data           2  main.o(.bss.raw_accely)
    raw_accelz                               0x2002017a   Data           2  main.o(.bss.raw_accelz)
    raw_gyrox                                0x2002017c   Data           2  main.o(.bss.raw_gyrox)
    raw_gyroy                                0x2002017e   Data           2  main.o(.bss.raw_gyroy)
    raw_gyroz                                0x20020180   Data           2  main.o(.bss.raw_gyroz)
    raw_temp                                 0x20020182   Data           2  main.o(.bss.raw_temp)
    text                                     0x20020184   Data         100  main.o(.bss.text)
    timer                                    0x200201e8   Data           4  main.o(.bss.timer)



==============================================================================

Memory Map of the image

  Image Entry point : 0x08000371

  Load Region LR_1 (Base: 0x08000000, Size: 0x00002ae8, Max: 0xffffffff, ABSOLUTE)

    Execution Region ER_RO (Exec base: 0x08000000, Load base: 0x08000000, Size: 0x000029f4, Max: 0xffffffff, ABSOLUTE)

    Exec Addr    Load Addr    Size         Type   Attr      Idx    E Section Name        Object

    0x08000000   0x08000000   0x000001f8   Data   RO           65    RESET               startup_stm32f767xx.o
    0x080001f8   0x080001f8   0x00000008   Code   RO           94  * !!!main             c_w.l(__main.o)
    0x08000200   0x08000200   0x0000005c   Code   RO          431    !!!scatter          c_w.l(__scatter.o)
    0x0800025c   0x0800025c   0x0000001a   Code   RO          435    !!handler_copy      c_w.l(__scatter_copy.o)
    0x08000276   0x08000276   0x00000002   PAD
    0x08000278   0x08000278   0x00000002   Code   RO          432    !!handler_null      c_w.l(__scatter.o)
    0x0800027a   0x0800027a   0x00000002   PAD
    0x0800027c   0x0800027c   0x0000001c   Code   RO          437    !!handler_zi        c_w.l(__scatter_zi.o)
    0x08000298   0x08000298   0x00000000   Code   RO          178    .ARM.Collect$$_printf_percent$$00000000  c_w.l(_printf_percent.o)
    0x08000298   0x08000298   0x00000006   Code   RO          167    .ARM.Collect$$_printf_percent$$00000001  c_w.l(_printf_n.o)
    0x0800029e   0x0800029e   0x00000006   Code   RO          169    .ARM.Collect$$_printf_percent$$00000002  c_w.l(_printf_p.o)
    0x080002a4   0x080002a4   0x00000006   Code   RO          174    .ARM.Collect$$_printf_percent$$00000003  c_w.l(_printf_f.o)
    0x080002aa   0x080002aa   0x00000006   Code   RO          175    .ARM.Collect$$_printf_percent$$00000004  c_w.l(_printf_e.o)
    0x080002b0   0x080002b0   0x00000006   Code   RO          176    .ARM.Collect$$_printf_percent$$00000005  c_w.l(_printf_g.o)
    0x080002b6   0x080002b6   0x00000006   Code   RO          177    .ARM.Collect$$_printf_percent$$00000006  c_w.l(_printf_a.o)
    0x080002bc   0x080002bc   0x0000000a   Code   RO          182    .ARM.Collect$$_printf_percent$$00000007  c_w.l(_printf_ll.o)
    0x080002c6   0x080002c6   0x00000006   Code   RO          171    .ARM.Collect$$_printf_percent$$00000008  c_w.l(_printf_i.o)
    0x080002cc   0x080002cc   0x00000006   Code   RO          172    .ARM.Collect$$_printf_percent$$00000009  c_w.l(_printf_d.o)
    0x080002d2   0x080002d2   0x00000006   Code   RO          173    .ARM.Collect$$_printf_percent$$0000000A  c_w.l(_printf_u.o)
    0x080002d8   0x080002d8   0x00000006   Code   RO          170    .ARM.Collect$$_printf_percent$$0000000B  c_w.l(_printf_o.o)
    0x080002de   0x080002de   0x00000006   Code   RO          168    .ARM.Collect$$_printf_percent$$0000000C  c_w.l(_printf_x.o)
    0x080002e4   0x080002e4   0x00000006   Code   RO          179    .ARM.Collect$$_printf_percent$$0000000D  c_w.l(_printf_lli.o)
    0x080002ea   0x080002ea   0x00000006   Code   RO          180    .ARM.Collect$$_printf_percent$$0000000E  c_w.l(_printf_lld.o)
    0x080002f0   0x080002f0   0x00000006   Code   RO          181    .ARM.Collect$$_printf_percent$$0000000F  c_w.l(_printf_llu.o)
    0x080002f6   0x080002f6   0x00000006   Code   RO          186    .ARM.Collect$$_printf_percent$$00000010  c_w.l(_printf_llo.o)
    0x080002fc   0x080002fc   0x00000006   Code   RO          187    .ARM.Collect$$_printf_percent$$00000011  c_w.l(_printf_llx.o)
    0x08000302   0x08000302   0x0000000a   Code   RO          183    .ARM.Collect$$_printf_percent$$00000012  c_w.l(_printf_l.o)
    0x0800030c   0x0800030c   0x00000006   Code   RO          165    .ARM.Collect$$_printf_percent$$00000013  c_w.l(_printf_c.o)
    0x08000312   0x08000312   0x00000006   Code   RO          166    .ARM.Collect$$_printf_percent$$00000014  c_w.l(_printf_s.o)
    0x08000318   0x08000318   0x00000006   Code   RO          184    .ARM.Collect$$_printf_percent$$00000015  c_w.l(_printf_lc.o)
    0x0800031e   0x0800031e   0x00000006   Code   RO          185    .ARM.Collect$$_printf_percent$$00000016  c_w.l(_printf_ls.o)
    0x08000324   0x08000324   0x00000004   Code   RO          228    .ARM.Collect$$_printf_percent$$00000017  c_w.l(_printf_percent_end.o)
    0x08000328   0x08000328   0x00000002   Code   RO          279    .ARM.Collect$$libinit$$00000000  c_w.l(libinit.o)
    0x0800032a   0x0800032a   0x00000004   Code   RO          297    .ARM.Collect$$libinit$$00000001  c_w.l(libinit2.o)
    0x0800032e   0x0800032e   0x00000000   Code   RO          300    .ARM.Collect$$libinit$$00000004  c_w.l(libinit2.o)
    0x0800032e   0x0800032e   0x00000000   Code   RO          302    .ARM.Collect$$libinit$$00000006  c_w.l(libinit2.o)
    0x0800032e   0x0800032e   0x00000000   Code   RO          305    .ARM.Collect$$libinit$$0000000C  c_w.l(libinit2.o)
    0x0800032e   0x0800032e   0x00000000   Code   RO          307    .ARM.Collect$$libinit$$0000000E  c_w.l(libinit2.o)
    0x0800032e   0x0800032e   0x00000000   Code   RO          309    .ARM.Collect$$libinit$$00000010  c_w.l(libinit2.o)
    0x0800032e   0x0800032e   0x00000006   Code   RO          310    .ARM.Collect$$libinit$$00000011  c_w.l(libinit2.o)
    0x08000334   0x08000334   0x00000000   Code   RO          312    .ARM.Collect$$libinit$$00000013  c_w.l(libinit2.o)
    0x08000334   0x08000334   0x0000000c   Code   RO          313    .ARM.Collect$$libinit$$00000014  c_w.l(libinit2.o)
    0x08000340   0x08000340   0x00000000   Code   RO          314    .ARM.Collect$$libinit$$00000015  c_w.l(libinit2.o)
    0x08000340   0x08000340   0x00000000   Code   RO          316    .ARM.Collect$$libinit$$00000017  c_w.l(libinit2.o)
    0x08000340   0x08000340   0x0000000a   Code   RO          317    .ARM.Collect$$libinit$$00000018  c_w.l(libinit2.o)
    0x0800034a   0x0800034a   0x00000000   Code   RO          318    .ARM.Collect$$libinit$$00000019  c_w.l(libinit2.o)
    0x0800034a   0x0800034a   0x00000000   Code   RO          320    .ARM.Collect$$libinit$$0000001B  c_w.l(libinit2.o)
    0x0800034a   0x0800034a   0x00000000   Code   RO          322    .ARM.Collect$$libinit$$0000001D  c_w.l(libinit2.o)
    0x0800034a   0x0800034a   0x00000000   Code   RO          324    .ARM.Collect$$libinit$$0000001F  c_w.l(libinit2.o)
    0x0800034a   0x0800034a   0x00000000   Code   RO          326    .ARM.Collect$$libinit$$00000021  c_w.l(libinit2.o)
    0x0800034a   0x0800034a   0x00000000   Code   RO          328    .ARM.Collect$$libinit$$00000023  c_w.l(libinit2.o)
    0x0800034a   0x0800034a   0x00000000   Code   RO          330    .ARM.Collect$$libinit$$00000025  c_w.l(libinit2.o)
    0x0800034a   0x0800034a   0x00000000   Code   RO          332    .ARM.Collect$$libinit$$00000027  c_w.l(libinit2.o)
    0x0800034a   0x0800034a   0x00000000   Code   RO          336    .ARM.Collect$$libinit$$0000002E  c_w.l(libinit2.o)
    0x0800034a   0x0800034a   0x00000000   Code   RO          338    .ARM.Collect$$libinit$$00000030  c_w.l(libinit2.o)
    0x0800034a   0x0800034a   0x00000000   Code   RO          340    .ARM.Collect$$libinit$$00000032  c_w.l(libinit2.o)
    0x0800034a   0x0800034a   0x00000000   Code   RO          342    .ARM.Collect$$libinit$$00000034  c_w.l(libinit2.o)
    0x0800034a   0x0800034a   0x00000002   Code   RO          343    .ARM.Collect$$libinit$$00000035  c_w.l(libinit2.o)
    0x0800034c   0x0800034c   0x00000002   Code   RO          367    .ARM.Collect$$libshutdown$$00000000  c_w.l(libshutdown.o)
    0x0800034e   0x0800034e   0x00000000   Code   RO          382    .ARM.Collect$$libshutdown$$00000002  c_w.l(libshutdown2.o)
    0x0800034e   0x0800034e   0x00000000   Code   RO          384    .ARM.Collect$$libshutdown$$00000004  c_w.l(libshutdown2.o)
    0x0800034e   0x0800034e   0x00000000   Code   RO          387    .ARM.Collect$$libshutdown$$00000007  c_w.l(libshutdown2.o)
    0x0800034e   0x0800034e   0x00000000   Code   RO          390    .ARM.Collect$$libshutdown$$0000000A  c_w.l(libshutdown2.o)
    0x0800034e   0x0800034e   0x00000000   Code   RO          392    .ARM.Collect$$libshutdown$$0000000C  c_w.l(libshutdown2.o)
    0x0800034e   0x0800034e   0x00000000   Code   RO          395    .ARM.Collect$$libshutdown$$0000000F  c_w.l(libshutdown2.o)
    0x0800034e   0x0800034e   0x00000002   Code   RO          396    .ARM.Collect$$libshutdown$$00000010  c_w.l(libshutdown2.o)
    0x08000350   0x08000350   0x00000000   Code   RO           96    .ARM.Collect$$rtentry$$00000000  c_w.l(__rtentry.o)
    0x08000350   0x08000350   0x00000000   Code   RO          197    .ARM.Collect$$rtentry$$00000002  c_w.l(__rtentry2.o)
    0x08000350   0x08000350   0x00000006   Code   RO          209    .ARM.Collect$$rtentry$$00000004  c_w.l(__rtentry4.o)
    0x08000356   0x08000356   0x00000000   Code   RO          199    .ARM.Collect$$rtentry$$00000009  c_w.l(__rtentry2.o)
    0x08000356   0x08000356   0x00000004   Code   RO          200    .ARM.Collect$$rtentry$$0000000A  c_w.l(__rtentry2.o)
    0x0800035a   0x0800035a   0x00000000   Code   RO          202    .ARM.Collect$$rtentry$$0000000C  c_w.l(__rtentry2.o)
    0x0800035a   0x0800035a   0x00000008   Code   RO          203    .ARM.Collect$$rtentry$$0000000D  c_w.l(__rtentry2.o)
    0x08000362   0x08000362   0x00000002   Code   RO          288    .ARM.Collect$$rtexit$$00000000  c_w.l(rtexit.o)
    0x08000364   0x08000364   0x00000000   Code   RO          345    .ARM.Collect$$rtexit$$00000002  c_w.l(rtexit2.o)
    0x08000364   0x08000364   0x00000004   Code   RO          346    .ARM.Collect$$rtexit$$00000003  c_w.l(rtexit2.o)
    0x08000368   0x08000368   0x00000006   Code   RO          347    .ARM.Collect$$rtexit$$00000004  c_w.l(rtexit2.o)
    0x0800036e   0x0800036e   0x00000002   PAD
    0x08000370   0x08000370   0x00000040   Code   RO           66  * .text               startup_stm32f767xx.o
    0x080003b0   0x080003b0   0x0000002c   Code   RO           88    .text               c_w.l(sprintf.o)
    0x080003dc   0x080003dc   0x0000003e   Code   RO           90    .text               c_w.l(strlen.o)
    0x0800041a   0x0800041a   0x00000006   Code   RO           92    .text               c_w.l(heapauxi.o)
    0x08000420   0x08000420   0x0000004e   Code   RO           99    .text               c_w.l(_printf_pad.o)
    0x0800046e   0x0800046e   0x00000024   Code   RO          101    .text               c_w.l(_printf_truncate.o)
    0x08000492   0x08000492   0x00000052   Code   RO          103    .text               c_w.l(_printf_str.o)
    0x080004e4   0x080004e4   0x00000078   Code   RO          105    .text               c_w.l(_printf_dec.o)
    0x0800055c   0x0800055c   0x00000028   Code   RO          107    .text               c_w.l(_printf_charcount.o)
    0x08000584   0x08000584   0x00000030   Code   RO          109    .text               c_w.l(_printf_char_common.o)
    0x080005b4   0x080005b4   0x0000000a   Code   RO          111    .text               c_w.l(_sputc.o)
    0x080005be   0x080005be   0x00000002   PAD
    0x080005c0   0x080005c0   0x000000bc   Code   RO          113    .text               c_w.l(_printf_wctomb.o)
    0x0800067c   0x0800067c   0x0000007c   Code   RO          116    .text               c_w.l(_printf_longlong_dec.o)
    0x080006f8   0x080006f8   0x00000070   Code   RO          122    .text               c_w.l(_printf_oct_int_ll.o)
    0x08000768   0x08000768   0x00000094   Code   RO          142    .text               c_w.l(_printf_hex_int_ll_ptr.o)
    0x080007fc   0x080007fc   0x00000188   Code   RO          162    .text               c_w.l(__printf_flags_ss_wp.o)
    0x08000984   0x08000984   0x0000008a   Code   RO          211    .text               c_w.l(lludiv10.o)
    0x08000a0e   0x08000a0e   0x000000b2   Code   RO          213    .text               c_w.l(_printf_intcommon.o)
    0x08000ac0   0x08000ac0   0x0000041c   Code   RO          215    .text               c_w.l(_printf_fp_dec.o)
    0x08000edc   0x08000edc   0x000002fc   Code   RO          219    .text               c_w.l(_printf_fp_hex.o)
    0x080011d8   0x080011d8   0x0000002c   Code   RO          224    .text               c_w.l(_printf_char.o)
    0x08001204   0x08001204   0x0000002c   Code   RO          226    .text               c_w.l(_printf_wchar.o)
    0x08001230   0x08001230   0x00000048   Code   RO          229    .text               c_w.l(_c16rtomb.o)
    0x08001278   0x08001278   0x0000004a   Code   RO          231    .text               c_w.l(sys_stackheap_outer.o)
    0x080012c2   0x080012c2   0x00000002   PAD
    0x080012c4   0x080012c4   0x00000010   Code   RO          233    .text               c_w.l(rt_ctype_table.o)
    0x080012d4   0x080012d4   0x00000008   Code   RO          238    .text               c_w.l(rt_locale_intlibspace.o)
    0x080012dc   0x080012dc   0x00000080   Code   RO          240    .text               c_w.l(_printf_fp_infnan.o)
    0x0800135c   0x0800135c   0x000000e4   Code   RO          242    .text               c_w.l(bigflt0.o)
    0x08001440   0x08001440   0x00000012   Code   RO          272    .text               c_w.l(exit.o)
    0x08001452   0x08001452   0x00000002   PAD
    0x08001454   0x08001454   0x00000008   Code   RO          285    .text               c_w.l(libspace.o)
    0x0800145c   0x0800145c   0x00000004   PAD
    0x08001460   0x08001460   0x0000007c   Code   RO          295    .text               c_w.l(strcmpv7m_pel.o)
    0x080014dc   0x080014dc   0x0000000c   Code   RO          357    .text               c_w.l(sys_exit.o)
    0x080014e8   0x080014e8   0x00000002   Code   RO          372    .text               c_w.l(use_no_semi.o)
    0x080014ea   0x080014ea   0x00000000   Code   RO          374    .text               c_w.l(indicate_semi.o)
    0x080014ea   0x080014ea   0x00000006   PAD
    0x080014f0   0x080014f0   0x00000038   Code   RO            6    .text.EXTI15_10_IRQHandler  main.o
    0x08001528   0x08001528   0x00000020   Code   RO           73    .text.SystemInit    system_stm32f7xx.o
    0x08001548   0x08001548   0x00000046   Code   RO            8    .text.USART3_IRQHandler  main.o
    0x0800158e   0x0800158e   0x00000002   PAD
    0x08001590   0x08001590   0x0000002c   Code   RO            4    .text._Z10SysTick_msj  main.o
    0x080015bc   0x080015bc   0x00000004   PAD
    0x080015c0   0x080015c0   0x0000003e   Code   RO            2    .text._Z12SysTick_Waitj  main.o
    0x080015fe   0x080015fe   0x00000002   PAD
    0x08001600   0x08001600   0x00000090   Code   RO           16    .text._Z5PrintPci   main.o
    0x08001690   0x08001690   0x000000b6   Code   RO           20    .text._Z5delayv     main.o
    0x08001746   0x08001746   0x00000002   PAD
    0x08001748   0x08001748   0x00000144   Code   RO           18    .text._Z8ReadI2C1hhPhh  main.o
    0x0800188c   0x0800188c   0x00000004   PAD
    0x08001890   0x08001890   0x000000ec   Code   RO           14    .text._Z9WriteI2C1hhPhh  main.o
    0x0800197c   0x0800197c   0x00000004   PAD
    0x08001980   0x08001980   0x00000030   Code   RO           12    .text._ZL16__NVIC_EnableIRQ9IRQn_Type  main.o
    0x080019b0   0x080019b0   0x00000570   Code   RO           10    .text.main          main.o
    0x08001f20   0x08001f20   0x0000003e   Code   RO          245    CL$$btod_d2e        c_w.l(btod.o)
    0x08001f5e   0x08001f5e   0x00000046   Code   RO          247    CL$$btod_d2e_denorm_low  c_w.l(btod.o)
    0x08001fa4   0x08001fa4   0x00000060   Code   RO          246    CL$$btod_d2e_norm_op1  c_w.l(btod.o)
    0x08002004   0x08002004   0x00000338   Code   RO          255    CL$$btod_div_common  c_w.l(btod.o)
    0x0800233c   0x0800233c   0x000000dc   Code   RO          252    CL$$btod_e2e        c_w.l(btod.o)
    0x08002418   0x08002418   0x0000002a   Code   RO          249    CL$$btod_ediv       c_w.l(btod.o)
    0x08002442   0x08002442   0x0000002a   Code   RO          248    CL$$btod_emul       c_w.l(btod.o)
    0x0800246c   0x0800246c   0x00000244   Code   RO          254    CL$$btod_mult_common  c_w.l(btod.o)
    0x080026b0   0x080026b0   0x00000030   Code   RO          283    i.__ARM_fpclassify  m_wv.l(fpclassify.o)
    0x080026e0   0x080026e0   0x0000000e   Code   RO          155    i._is_digit         c_w.l(__printf_wp.o)
    0x080026ee   0x080026ee   0x00000002   PAD
    0x080026f0   0x080026f0   0x0000002c   Code   RO          270    locale$$code        c_w.l(lc_numeric_c.o)
    0x0800271c   0x0800271c   0x0000002c   Code   RO          293    locale$$code        c_w.l(lc_ctype_c.o)
    0x08002748   0x08002748   0x0000001a   Code   RO          355    x$fpl$fpinit        fz_wv.l(fpinit.o)
    0x08002762   0x08002762   0x00000004   Code   RO          188    x$fpl$printf1       fz_wv.l(printf1.o)
    0x08002766   0x08002766   0x00000004   Code   RO          190    x$fpl$printf2       fz_wv.l(printf2.o)
    0x0800276a   0x0800276a   0x00000000   Code   RO          282    x$fpl$usenofp       fz_wv.l(usenofp.o)
    0x0800276a   0x0800276a   0x00000002   PAD
    0x0800276c   0x0800276c   0x00000008   Data   RO          114    .constdata          c_w.l(_printf_wctomb.o)
    0x08002774   0x08002774   0x00000028   Data   RO          143    .constdata          c_w.l(_printf_hex_int_ll_ptr.o)
    0x0800279c   0x0800279c   0x00000011   Data   RO          163    .constdata          c_w.l(__printf_flags_ss_wp.o)
    0x080027ad   0x080027ad   0x00000026   Data   RO          220    .constdata          c_w.l(_printf_fp_hex.o)
    0x080027d3   0x080027d3   0x00000001   PAD
    0x080027d4   0x080027d4   0x00000094   Data   RO          243    .constdata          c_w.l(bigflt0.o)
    0x08002868   0x08002868   0x00000040   Data   RO           55    .rodata.str1.1      main.o
    0x080028a8   0x080028a8   0x00000020   Data   RO          430    Region$$Table       anon$$obj.o
    0x080028c8   0x080028c8   0x0000001c   Data   RO          269    locale$$data        c_w.l(lc_numeric_c.o)
    0x080028e4   0x080028e4   0x00000110   Data   RO          292    locale$$data        c_w.l(lc_ctype_c.o)


    Execution Region ER_RW (Exec base: 0x20020000, Load base: 0x080029f4, Size: 0x000000f4, Max: 0xffffffff, ABSOLUTE)

    Exec Addr    Load Addr    Size         Type   Attr      Idx    E Section Name        Object

    0x20020000   0x080029f4   0x00000004   Data   RW           51    .data.t_fin         main.o
    0x20020004   0x080029f8   0x0000003c   Data   RW           44    .data.text1         main.o
    0x20020040   0x08002a34   0x00000023   Data   RW           45    .data.text2         main.o
    0x20020063   0x08002a57   0x00000037   Data   RW           46    .data.text3         main.o
    0x2002009a   0x08002a8e   0x00000028   Data   RW           47    .data.text4         main.o
    0x200200c2   0x08002ab6   0x0000002d   Data   RW           48    .data.text5         main.o
    0x200200ef   0x08002ae3   0x00000005   Data   RW           54    .data.text7         main.o


    Execution Region ER_ZI (Exec base: 0x200200f8, Load base: 0x08002ae8, Size: 0x000006f8, Max: 0xffffffff, ABSOLUTE)

    Exec Addr    Load Addr    Size         Type   Attr      Idx    E Section Name        Object

    0x200200f8        -       0x00000060   Zero   RW          286    .bss                c_w.l(libspace.o)
    0x20020158        -       0x0000000e   Zero   RW           37    .bss.GirAcel        main.o
    0x20020166        -       0x00000001   Zero   RW           49    .bss.cmd            main.o
    0x20020167   0x08002ae8   0x00000001   PAD
    0x20020168        -       0x00000004   Zero   RW           52    .bss.cont_timer     main.o
    0x2002016c        -       0x00000001   Zero   RW           42    .bss.d              main.o
    0x2002016d        -       0x00000001   Zero   RW           36    .bss.data           main.o
    0x2002016e        -       0x00000001   Zero   RW           38    .bss.flag           main.o
    0x2002016f   0x08002ae8   0x00000001   PAD
    0x20020170        -       0x00000004   Zero   RW           41    .bss.i              main.o
    0x20020174        -       0x00000001   Zero   RW           39    .bss.j              main.o
    0x20020175   0x08002ae8   0x00000001   PAD
    0x20020176        -       0x00000002   Zero   RW           22    .bss.raw_accelx     main.o
    0x20020178        -       0x00000002   Zero   RW           23    .bss.raw_accely     main.o
    0x2002017a        -       0x00000002   Zero   RW           24    .bss.raw_accelz     main.o
    0x2002017c        -       0x00000002   Zero   RW           25    .bss.raw_gyrox      main.o
    0x2002017e        -       0x00000002   Zero   RW           26    .bss.raw_gyroy      main.o
    0x20020180        -       0x00000002   Zero   RW           27    .bss.raw_gyroz      main.o
    0x20020182        -       0x00000002   Zero   RW           28    .bss.raw_temp       main.o
    0x20020184        -       0x00000064   Zero   RW           43    .bss.text           main.o
    0x200201e8        -       0x00000004   Zero   RW           50    .bss.timer          main.o
    0x200201ec   0x08002ae8   0x00000004   PAD
    0x200201f0        -       0x00000200   Zero   RW           64    HEAP                startup_stm32f767xx.o
    0x200203f0        -       0x00000400   Zero   RW           63    STACK               startup_stm32f767xx.o


==============================================================================

Image component sizes


      Code (inc. data)   RO Data    RW Data    ZI Data      Debug   Object Name

      2558          8         64        244        145      15643   main.o
        64         26        504          0       1536        956   startup_stm32f767xx.o
        32          0          0          0          0       3489   system_stm32f7xx.o

    ----------------------------------------------------------------------
      2672         34        600        244       1688      20088   Object Totals
         0          0         32          0          0          0   (incl. Generated)
        18          0          0          0          7          0   (incl. Padding)

    ----------------------------------------------------------------------

      Code (inc. data)   RO Data    RW Data    ZI Data      Debug   Library Member Name

         8          0          0          0          0         68   __main.o
       392          4         17          0          0         92   __printf_flags_ss_wp.o
        14          0          0          0          0         68   __printf_wp.o
         0          0          0          0          0          0   __rtentry.o
        12          0          0          0          0          0   __rtentry2.o
         6          0          0          0          0          0   __rtentry4.o
        94          8          0          0          0          0   __scatter.o
        26          0          0          0          0          0   __scatter_copy.o
        28          0          0          0          0          0   __scatter_zi.o
        72          0          0          0          0         96   _c16rtomb.o
         6          0          0          0          0          0   _printf_a.o
         6          0          0          0          0          0   _printf_c.o
        44          0          0          0          0        108   _printf_char.o
        48          6          0          0          0         96   _printf_char_common.o
        40          0          0          0          0         68   _printf_charcount.o
         6          0          0          0          0          0   _printf_d.o
       120         16          0          0          0         92   _printf_dec.o
         6          0          0          0          0          0   _printf_e.o
         6          0          0          0          0          0   _printf_f.o
      1052          0          0          0          0        148   _printf_fp_dec.o
       764          8         38          0          0        100   _printf_fp_hex.o
       128         16          0          0          0         84   _printf_fp_infnan.o
         6          0          0          0          0          0   _printf_g.o
       148          4         40          0          0        160   _printf_hex_int_ll_ptr.o
         6          0          0          0          0          0   _printf_i.o
       178          0          0          0          0         88   _printf_intcommon.o
        10          0          0          0          0          0   _printf_l.o
         6          0          0          0          0          0   _printf_lc.o
        10          0          0          0          0          0   _printf_ll.o
         6          0          0          0          0          0   _printf_lld.o
         6          0          0          0          0          0   _printf_lli.o
         6          0          0          0          0          0   _printf_llo.o
         6          0          0          0          0          0   _printf_llu.o
         6          0          0          0          0          0   _printf_llx.o
       124         16          0          0          0         92   _printf_longlong_dec.o
         6          0          0          0          0          0   _printf_ls.o
         6          0          0          0          0          0   _printf_n.o
         6          0          0          0          0          0   _printf_o.o
       112          8          0          0          0        124   _printf_oct_int_ll.o
         6          0          0          0          0          0   _printf_p.o
        78          0          0          0          0        108   _printf_pad.o
         0          0          0          0          0          0   _printf_percent.o
         4          0          0          0          0          0   _printf_percent_end.o
         6          0          0          0          0          0   _printf_s.o
        82          0          0          0          0         80   _printf_str.o
        36          0          0          0          0         84   _printf_truncate.o
         6          0          0          0          0          0   _printf_u.o
        44          0          0          0          0        108   _printf_wchar.o
       188          6          8          0          0         92   _printf_wctomb.o
         6          0          0          0          0          0   _printf_x.o
        10          0          0          0          0         68   _sputc.o
       228          4        148          0          0         96   bigflt0.o
      1936        128          0          0          0        668   btod.o
        18          0          0          0          0         80   exit.o
         6          0          0          0          0        152   heapauxi.o
         0          0          0          0          0          0   indicate_semi.o
        44         10        272          0          0         76   lc_ctype_c.o
        44         10         28          0          0         76   lc_numeric_c.o
         2          0          0          0          0          0   libinit.o
        34          0          0          0          0          0   libinit2.o
         2          0          0          0          0          0   libshutdown.o
         2          0          0          0          0          0   libshutdown2.o
         8          4          0          0         96         68   libspace.o
       138          0          0          0          0         80   lludiv10.o
        16          4          0          0          0         76   rt_ctype_table.o
         8          4          0          0          0         68   rt_locale_intlibspace.o
         2          0          0          0          0          0   rtexit.o
        10          0          0          0          0          0   rtexit2.o
        44          6          0          0          0         84   sprintf.o
       124          0          0          0          0         88   strcmpv7m_pel.o
        62          0          0          0          0         76   strlen.o
        12          4          0          0          0         68   sys_exit.o
        74          0          0          0          0         80   sys_stackheap_outer.o
         2          0          0          0          0         68   use_no_semi.o
        26          0          0          0          0        116   fpinit.o
         4          0          0          0          0        116   printf1.o
         4          0          0          0          0        116   printf2.o
         0          0          0          0          0          0   usenofp.o
        48          0          0          0          0        124   fpclassify.o

    ----------------------------------------------------------------------
      6916        270        552          0         96       4400   Library Totals
        26          4          1          0          0          0   (incl. Padding)

    ----------------------------------------------------------------------

      Code (inc. data)   RO Data    RW Data    ZI Data      Debug   Library Name

      6808        266        551          0         96       3928   c_w.l
        34          0          0          0          0        348   fz_wv.l
        48          0          0          0          0        124   m_wv.l

    ----------------------------------------------------------------------
      6916        270        552          0         96       4400   Library Totals

    ----------------------------------------------------------------------

==============================================================================


      Code (inc. data)   RO Data    RW Data    ZI Data      Debug   

      9588        304       1152        244       1784      22256   Grand Totals
      9588        304       1152        244       1784      22256   ELF Image Totals
      9588        304       1152        244          0          0   ROM Totals

==============================================================================

    Total RO  Size (Code + RO Data)                10740 (  10.49kB)
    Total RW  Size (RW Data + ZI Data)              2028 (   1.98kB)
    Total ROM Size (Code + RO Data + RW Data)      10984 (  10.73kB)

==============================================================================

