Component: Arm Compiler for Embedded 6.24 Tool: armlink [5f371500]

==============================================================================

Section Cross References

    main.o(.ARM.exidx.text._Z6_writeiPci) refers to main.o(.text._Z6_writeiPci) for [Anonymous Symbol]
    main.o(.ARM.exidx.text._Z10UART3_Initv) refers to main.o(.text._Z10UART3_Initv) for [Anonymous Symbol]
    main.o(.ARM.exidx.text._Z9I2C1_Initv) refers to main.o(.text._Z9I2C1_Initv) for [Anonymous Symbol]
    main.o(.ARM.exidx.text._Z18I2C1_WriteRegisterhhh) refers to main.o(.text._Z18I2C1_WriteRegisterhhh) for [Anonymous Symbol]
    main.o(.ARM.exidx.text._Z17I2C1_ReadRegisterhh) refers to main.o(.text._Z17I2C1_ReadRegisterhh) for [Anonymous Symbol]
    main.o(.ARM.exidx.text._Z8delay_msj) refers to main.o(.text._Z8delay_msj) for [Anonymous Symbol]
    main.o(.text.main) refers to main.o(.text._Z10UART3_Initv) for UART3_Init()
    main.o(.text.main) refers to main.o(.text._Z9I2C1_Initv) for I2C1_Init()
    main.o(.text.main) refers to main.o(.rodata.str1.1) for .L.str
    main.o(.text.main) refers to printf.o(.text) for printf
    main.o(.text.main) refers to main.o(.text._Z17I2C1_ReadRegisterhh) for I2C1_ReadRegister(unsigned char, unsigned char)
    main.o(.text.main) refers to main.o(.text._Z18I2C1_WriteRegisterhhh) for I2C1_WriteRegister(unsigned char, unsigned char, unsigned char)
    main.o(.text.main) refers to main.o(.text._Z8delay_msj) for delay_ms(unsigned int)
    main.o(.ARM.exidx.text.main) refers to main.o(.text.main) for [Anonymous Symbol]
    startup_stm32f767xx.o(STACK) refers (Special) to heapauxi.o(.text) for __use_two_region_memory
    startup_stm32f767xx.o(HEAP) refers (Special) to heapauxi.o(.text) for __use_two_region_memory
    startup_stm32f767xx.o(RESET) refers (Special) to heapauxi.o(.text) for __use_two_region_memory
    startup_stm32f767xx.o(RESET) refers to startup_stm32f767xx.o(STACK) for __initial_sp
    startup_stm32f767xx.o(RESET) refers to startup_stm32f767xx.o(.text) for Reset_Handler
    startup_stm32f767xx.o(.text) refers (Special) to heapauxi.o(.text) for __use_two_region_memory
    startup_stm32f767xx.o(.text) refers to system_stm32f7xx.o(.text.SystemInit) for SystemInit
    startup_stm32f767xx.o(.text) refers to __main.o(!!!main) for __main
    startup_stm32f767xx.o(.text) refers to startup_stm32f767xx.o(HEAP) for Heap_Mem
    startup_stm32f767xx.o(.text) refers to startup_stm32f767xx.o(STACK) for Stack_Mem
    system_stm32f7xx.o(.ARM.exidx.text.SystemInit) refers to system_stm32f7xx.o(.text.SystemInit) for [Anonymous Symbol]
    system_stm32f7xx.o(.text.SystemCoreClockUpdate) refers to system_stm32f7xx.o(.data.SystemCoreClock) for SystemCoreClock
    system_stm32f7xx.o(.text.SystemCoreClockUpdate) refers to system_stm32f7xx.o(.rodata.AHBPrescTable) for AHBPrescTable
    system_stm32f7xx.o(.ARM.exidx.text.SystemCoreClockUpdate) refers to system_stm32f7xx.o(.text.SystemCoreClockUpdate) for [Anonymous Symbol]
    printf.o(.text) refers (Special) to _printf_a.o(.ARM.Collect$$_printf_percent$$00000006) for _printf_a
    printf.o(.text) refers (Special) to _printf_c.o(.ARM.Collect$$_printf_percent$$00000013) for _printf_c
    printf.o(.text) refers (Special) to _printf_charcount.o(.text) for _printf_charcount
    printf.o(.text) refers (Special) to _printf_d.o(.ARM.Collect$$_printf_percent$$00000009) for _printf_d
    printf.o(.text) refers (Special) to _printf_e.o(.ARM.Collect$$_printf_percent$$00000004) for _printf_e
    printf.o(.text) refers (Special) to _printf_f.o(.ARM.Collect$$_printf_percent$$00000003) for _printf_f
    printf.o(.text) refers (Special) to printf1.o(x$fpl$printf1) for _printf_fp_dec
    printf.o(.text) refers (Special) to printf2.o(x$fpl$printf2) for _printf_fp_hex
    printf.o(.text) refers (Special) to _printf_g.o(.ARM.Collect$$_printf_percent$$00000005) for _printf_g
    printf.o(.text) refers (Special) to _printf_i.o(.ARM.Collect$$_printf_percent$$00000008) for _printf_i
    printf.o(.text) refers (Special) to _printf_dec.o(.text) for _printf_int_dec
    printf.o(.text) refers (Special) to _printf_l.o(.ARM.Collect$$_printf_percent$$00000012) for _printf_l
    printf.o(.text) refers (Special) to _printf_lc.o(.ARM.Collect$$_printf_percent$$00000015) for _printf_lc
    printf.o(.text) refers (Special) to _printf_ll.o(.ARM.Collect$$_printf_percent$$00000007) for _printf_ll
    printf.o(.text) refers (Special) to _printf_lld.o(.ARM.Collect$$_printf_percent$$0000000E) for _printf_lld
    printf.o(.text) refers (Special) to _printf_lli.o(.ARM.Collect$$_printf_percent$$0000000D) for _printf_lli
    printf.o(.text) refers (Special) to _printf_llo.o(.ARM.Collect$$_printf_percent$$00000010) for _printf_llo
    printf.o(.text) refers (Special) to _printf_llu.o(.ARM.Collect$$_printf_percent$$0000000F) for _printf_llu
    printf.o(.text) refers (Special) to _printf_llx.o(.ARM.Collect$$_printf_percent$$00000011) for _printf_llx
[...]
    .ARM.Collect$$_printf_percent$$00000012  0x08000302   Section       10  _printf_l.o(.ARM.Collect$$_printf_percent$$00000012)
    .ARM.Collect$$_printf_percent$$00000013  0x0800030c   Section        6  _printf_c.o(.ARM.Collect$$_printf_percent$$00000013)
    .ARM.Collect$$_printf_percent$$00000014  0x08000312   Section        6  _printf_s.o(.ARM.Collect$$_printf_percent$$00000014)
    .ARM.Collect$$_printf_percent$$00000015  0x08000318   Section        6  _printf_lc.o(.ARM.Collect$$_printf_percent$$00000015)
    .ARM.Collect$$_printf_percent$$00000016  0x0800031e   Section        6  _printf_ls.o(.ARM.Collect$$_printf_percent$$00000016)
    .ARM.Collect$$_printf_percent$$00000017  0x08000324   Section        4  _printf_percent_end.o(.ARM.Collect$$_printf_percent$$00000017)
    .ARM.Collect$$libinit$$00000000          0x08000328   Section        2  libinit.o(.ARM.Collect$$libinit$$00000000)
    .ARM.Collect$$libinit$$00000001          0x0800032a   Section        4  libinit2.o(.ARM.Collect$$libinit$$00000001)
    .ARM.Collect$$libinit$$00000004          0x0800032e   Section        0  libinit2.o(.ARM.Collect$$libinit$$00000004)
    .ARM.Collect$$libinit$$00000006          0x0800032e   Section        0  libinit2.o(.ARM.Collect$$libinit$$00000006)
    .ARM.Collect$$libinit$$00000007          0x0800032e   Section        8  libinit2.o(.ARM.Collect$$libinit$$00000007)
    .ARM.Collect$$libinit$$0000000C          0x08000336   Section        0  libinit2.o(.ARM.Collect$$libinit$$0000000C)
    .ARM.Collect$$libinit$$0000000E          0x08000336   Section        0  libinit2.o(.ARM.Collect$$libinit$$0000000E)
    .ARM.Collect$$libinit$$00000010          0x08000336   Section        0  libinit2.o(.ARM.Collect$$libinit$$00000010)
    .ARM.Collect$$libinit$$00000011          0x08000336   Section        6  libinit2.o(.ARM.Collect$$libinit$$00000011)
    .ARM.Collect$$libinit$$00000013          0x0800033c   Section        0  libinit2.o(.ARM.Collect$$libinit$$00000013)
    .ARM.Collect$$libinit$$00000014          0x0800033c   Section       12  libinit2.o(.ARM.Collect$$libinit$$00000014)
    .ARM.Collect$$libinit$$00000015          0x08000348   Section        0  libinit2.o(.ARM.Collect$$libinit$$00000015)
    .ARM.Collect$$libinit$$00000017          0x08000348   Section        0  libinit2.o(.ARM.Collect$$libinit$$00000017)
    .ARM.Collect$$libinit$$00000018          0x08000348   Section       10  libinit2.o(.ARM.Collect$$libinit$$00000018)
    .ARM.Collect$$libinit$$00000019          0x08000352   Section        0  libinit2.o(.ARM.Collect$$libinit$$00000019)
    .ARM.Collect$$libinit$$0000001B          0x08000352   Section        0  libinit2.o(.ARM.Collect$$libinit$$0000001B)
    .ARM.Collect$$libinit$$0000001D          0x08000352   Section        0  libinit2.o(.ARM.Collect$$libinit$$0000001D)
    .ARM.Collect$$libinit$$0000001F          0x08000352   Section        0  libinit2.o(.ARM.Collect$$libinit$$0000001F)
    .ARM.Collect$$libinit$$00000021          0x08000352   Section        0  libinit2.o(.ARM.Collect$$libinit$$00000021)
    .ARM.Collect$$libinit$$00000023          0x08000352   Section        0  libinit2.o(.ARM.Collect$$libinit$$00000023)
    .ARM.Collect$$libinit$$00000025          0x08000352   Section        0  libinit2.o(.ARM.Collect$$libinit$$00000025)
    .ARM.Collect$$libinit$$00000026          0x08000352   Section        4  libinit2.o(.ARM.Collect$$libinit$$00000026)
    .ARM.Collect$$libinit$$00000027          0x08000356   Section        0  libinit2.o(.ARM.Collect$$libinit$$00000027)
    .ARM.Collect$$libinit$$0000002E          0x08000356   Section        0  libinit2.o(.ARM.Collect$$libinit$$0000002E)
    .ARM.Collect$$libinit$$00000030          0x08000356   Section        0  libinit2.o(.ARM.Collect$$libinit$$00000030)
    .ARM.Collect$$libinit$$00000032          0x08000356   Section        0  libinit2.o(.ARM.Collect$$libinit$$00000032)
    .ARM.Collect$$libinit$$00000034          0x08000356   Section        0  libinit2.o(.ARM.Collect$$libinit$$00000034)
    .ARM.Collect$$libinit$$00000035          0x08000356   Section        2  libinit2.o(.ARM.Collect$$libinit$$00000035)
    .ARM.Collect$$libshutdown$$00000000      0x08000358   Section        2  libshutdown.o(.ARM.Collect$$libshutdown$$00000000)
    .ARM.Collect$$libshutdown$$00000002      0x0800035a   Section        0  libshutdown2.o(.ARM.Collect$$libshutdown$$00000002)
    .ARM.Collect$$libshutdown$$00000003      0x0800035a   Section        4  libshutdown2.o(.ARM.Collect$$libshutdown$$00000003)
    .ARM.Collect$$libshutdown$$00000004      0x0800035e   Section        0  libshutdown2.o(.ARM.Collect$$libshutdown$$00000004)
    .ARM.Collect$$libshutdown$$00000007      0x0800035e   Section        0  libshutdown2.o(.ARM.Collect$$libshutdown$$00000007)
    .ARM.Collect$$libshutdown$$0000000A      0x0800035e   Section        0  libshutdown2.o(.ARM.Collect$$libshutdown$$0000000A)
    .ARM.Collect$$libshutdown$$0000000C      0x0800035e   Section        0  libshutdown2.o(.ARM.Collect$$libshutdown$$0000000C)
    .ARM.Collect$$libshutdown$$0000000F      0x0800035e   Section        0  libshutdown2.o(.ARM.Collect$$libshutdown$$0000000F)
    .ARM.Collect$$libshutdown$$00000010      0x0800035e   Section        2  libshutdown2.o(.ARM.Collect$$libshutdown$$00000010)
    .ARM.Collect$$rtentry$$00000000          0x08000360   Section        0  __rtentry.o(.ARM.Collect$$rtentry$$00000000)
    .ARM.Collect$$rtentry$$00000002          0x08000360   Section        0  __rtentry2.o(.ARM.Collect$$rtentry$$00000002)
    .ARM.Collect$$rtentry$$00000004          0x08000360   Section        6  __rtentry4.o(.ARM.Collect$$rtentry$$00000004)
    .ARM.Collect$$rtentry$$00000009          0x08000366   Section        0  __rtentry2.o(.ARM.Collect$$rtentry$$00000009)
    .ARM.Collect$$rtentry$$0000000A          0x08000366   Section        4  __rtentry2.o(.ARM.Collect$$rtentry$$0000000A)
    .ARM.Collect$$rtentry$$0000000C          0x0800036a   Section        0  __rtentry2.o(.ARM.Collect$$rtentry$$0000000C)
    .ARM.Collect$$rtentry$$0000000D          0x0800036a   Section        8  __rtentry2.o(.ARM.Collect$$rtentry$$0000000D)
    .ARM.Collect$$rtexit$$00000000           0x08000372   Section        2  rtexit.o(.ARM.Collect$$rtexit$$00000000)
    .ARM.Collect$$rtexit$$00000002           0x08000374   Section        0  rtexit2.o(.ARM.Collect$$rtexit$$00000002)
    .ARM.Collect$$rtexit$$00000003           0x08000374   Section        4  rtexit2.o(.ARM.Collect$$rtexit$$00000003)
    .ARM.Collect$$rtexit$$00000004           0x08000378   Section        6  rtexit2.o(.ARM.Collect$$rtexit$$00000004)
    $v0                                      0x08000380   Number         0  startup_stm32f767xx.o(.text)
    .text                                    0x08000380   Section       64  startup_stm32f767xx.o(.text)
    .text                                    0x080003c0   Section        0  printf.o(.text)
    .text                                    0x080003d8   Section        0  heapauxi.o(.text)
    .text                                    0x080003de   Section        0  _printf_pad.o(.text)
    .text                                    0x0800042c   Section        0  _printf_truncate.o(.text)
    .text                                    0x08000450   Section        0  _printf_str.o(.text)
    .text                                    0x080004a4   Section        0  _printf_dec.o(.text)
    .text                                    0x0800051c   Section        0  _printf_charcount.o(.text)
    .text                                    0x08000544   Section        0  _printf_char_file.o(.text)
    .text                                    0x08000568   Section        0  _printf_wctomb.o(.text)
    .text                                    0x08000624   Section        0  _printf_longlong_dec.o(.text)
    _printf_longlong_oct_internal            0x080006a1   Thumb Code     0  _printf_oct_int_ll.o(.text)
    .text                                    0x080006a0   Section        0  _printf_oct_int_ll.o(.text)
    _printf_hex_common                       0x08000711   Thumb Code     0  _printf_hex_int_ll_ptr.o(.text)
    .text                                    0x08000710   Section        0  _printf_hex_int_ll_ptr.o(.text)
    .text                                    0x080007a4   Section        0  __printf_flags_ss_wp.o(.text)
    .text                                    0x0800092c   Section      138  lludiv10.o(.text)
    .text                                    0x080009b6   Section        0  _printf_intcommon.o(.text)
    _fp_digits                               0x08000a69   Thumb Code   432  _printf_fp_dec.o(.text)
    .text                                    0x08000a68   Section        0  _printf_fp_dec.o(.text)
    .text                                    0x08000e84   Section        0  _printf_fp_hex.o(.text)
    _printf_input_char                       0x08001181   Thumb Code    10  _printf_char_common.o(.text)
    .text                                    0x08001180   Section        0  _printf_char_common.o(.text)
    .text                                    0x080011b0   Section        0  _printf_char.o(.text)
    .text                                    0x080011dc   Section        0  _printf_wchar.o(.text)
    .text                                    0x08001208   Section        0  ferror.o(.text)
    .text                                    0x08001210   Section        0  initio.o(.text)
    .text                                    0x08001348   Section        0  _c16rtomb.o(.text)
    .text                                    0x08001390   Section       74  sys_stackheap_outer.o(.text)
    .text                                    0x080013dc   Section       16  rt_ctype_table.o(.text)
    .text                                    0x080013ec   Section        8  rt_locale_intlibspace.o(.text)
    .text                                    0x080013f4   Section        0  h1_free.o(.text)
    .text                                    0x08001444   Section        0  _printf_fp_infnan.o(.text)
    .text                                    0x080014c4   Section        0  bigflt0.o(.text)
    .text                                    0x080015a8   Section        0  flsbuf.o(.text)
    .text                                    0x0800178a   Section        0  setvbuf.o(.text)
    _freopen_locked                          0x080017d1   Thumb Code     0  fopen.o(.text)
    .text                                    0x080017d0   Section        0  fopen.o(.text)
    .text                                    0x080018c0   Section        0  fclose.o(.text)
    .text                                    0x0800190c   Section        0  exit.o(.text)
    .text                                    0x0800191e   Section        0  defsig_rtred_outer.o(.text)
    .text                                    0x0800192c   Section       78  rt_memclr_w.o(.text)
    .text                                    0x0800197a   Section        0  sys_io.o(.text)
    .text                                    0x080019e0   Section        8  libspace.o(.text)
    .text                                    0x080019e8   Section        8  rt_heap_descriptor_intlibspace.o(.text)
    .text                                    0x080019f0   Section        0  hguard.o(.text)
    .text                                    0x080019f4   Section        0  init_alloc.o(.text)
    .text                                    0x08001a7e   Section        0  h1_alloc.o(.text)
    .text                                    0x08001adc   Section        0  fseek.o(.text)
    .text                                    0x08001bd4   Section        0  stdio.o(.text)
    .text                                    0x08001cdc   Section        0  defsig_exit.o(.text)
    .text                                    0x08001ce8   Section        0  defsig_rtred_inner.o(.text)
    .text                                    0x08001d20   Section      124  strcmpv7m_pel.o(.text)
    .text                                    0x08001d9c   Section        0  sys_exit.o(.text)
    .text                                    0x08001da8   Section        2  use_no_semi.o(.text)
    .text                                    0x08001daa   Section        0  indicate_semi.o(.text)
    .text                                    0x08001daa   Section        0  maybetermalloc1.o(.text)
    .text                                    0x08001daa   Section        0  h1_init.o(.text)
    .text                                    0x08001db6   Section        0  h1_extend.o(.text)
    .text                                    0x08001dea   Section        0  ftell.o(.text)
    .text                                    0x08001e2c   Section        0  defsig_general.o(.text)
    .text                                    0x08001e5e   Section        0  defsig_rtmem_outer.o(.text)
    .text                                    0x08001e6c   Section        0  strlen.o(.text)
    .text                                    0x08001eaa   Section        0  sys_wrch.o(.text)
    .text                                    0x08001eb8   Section        8  rt_errno_addr_intlibspace.o(.text)
    .text                                    0x08001ec0   Section        0  defsig_rtmem_inner.o(.text)
    [Anonymous Symbol]                       0x08001f10   Section        0  system_stm32f7xx.o(.text.SystemInit)
    [Anonymous Symbol]                       0x08001f30   Section        0  main.o(.text._Z10UART3_Initv)
    [Anonymous Symbol]                       0x08001fa0   Section        0  main.o(.text._Z17I2C1_ReadRegisterhh)
    [Anonymous Symbol]                       0x08002078   Section        0  main.o(.text._Z18I2C1_WriteRegisterhhh)
    [Anonymous Symbol]                       0x08002120   Section        0  main.o(.text._Z8delay_msj)
    [Anonymous Symbol]                       0x08002148   Section        0  main.o(.text._Z9I2C1_Initv)
    [Anonymous Symbol]                       0x080021f0   Section        0  main.o(.text.main)
    CL$$btod_d2e                             0x080022d8   Section       62  btod.o(CL$$btod_d2e)
    CL$$btod_d2e_denorm_low                  0x08002316   Section       70  btod.o(CL$$btod_d2e_denorm_low)
    CL$$btod_d2e_norm_op1                    0x0800235c   Section       96  btod.o(CL$$btod_d2e_norm_op1)
    CL$$btod_div_common                      0x080023bc   Section      824  btod.o(CL$$btod_div_common)
    CL$$btod_e2e                             0x080026f4   Section      220  btod.o(CL$$btod_e2e)
    CL$$btod_ediv                            0x080027d0   Section       42  btod.o(CL$$btod_ediv)
    CL$$btod_emul                            0x080027fa   Section       42  btod.o(CL$$btod_emul)
    CL$$btod_mult_common                     0x08002824   Section      580  btod.o(CL$$btod_mult_common)
    i.__ARM_fpclassify                       0x08002a68   Section        0  fpclassify.o(i.__ARM_fpclassify)
    i._is_digit                              0x08002a98   Section        0  __printf_wp.o(i._is_digit)
    i.fputc                                  0x08002aa6   Section        0  fputc.o(i.fputc)
    locale$$code                             0x08002ac4   Section       44  lc_numeric_c.o(locale$$code)
    locale$$code                             0x08002af0   Section       44  lc_ctype_c.o(locale$$code)
    $v0                                      0x08002b1c   Number         0  fpinit.o(x$fpl$fpinit)
    x$fpl$fpinit                             0x08002b1c   Section       26  fpinit.o(x$fpl$fpinit)
    $v0                                      0x08002b36   Number         0  printf1.o(x$fpl$printf1)
    x$fpl$printf1                            0x08002b36   Section        4  printf1.o(x$fpl$printf1)
    $v0                                      0x08002b3a   Number         0  printf2.o(x$fpl$printf2)
    x$fpl$printf2                            0x08002b3a   Section        4  printf2.o(x$fpl$printf2)
    x$fpl$usenofp                            0x08002b3e   Section        0  usenofp.o(x$fpl$usenofp)
    initial_mbstate                          0x08002b40   Data           8  _printf_wctomb.o(.constdata)
    .constdata                               0x08002b40   Section        8  _printf_wctomb.o(.constdata)
    uc_hextab                                0x08002b48   Data          20  _printf_hex_int_ll_ptr.o(.constdata)
    .constdata                               0x08002b48   Section       40  _printf_hex_int_ll_ptr.o(.constdata)
    lc_hextab                                0x08002b5c   Data          20  _printf_hex_int_ll_ptr.o(.constdata)
    maptable                                 0x08002b70   Data          17  __printf_flags_ss_wp.o(.constdata)
    .constdata                               0x08002b70   Section       17  __printf_flags_ss_wp.o(.constdata)
    lc_hextab                                0x08002b81   Data          19  _printf_fp_hex.o(.constdata)
    .constdata                               0x08002b81   Section       38  _printf_fp_hex.o(.constdata)
    uc_hextab                                0x08002b94   Data          19  _printf_fp_hex.o(.constdata)
    .constdata                               0x08002ba7   Section        4  sys_io_names.o(.constdata)
    .constdata                               0x08002bab   Section        4  sys_io_names.o(.constdata)
    .constdata                               0x08002baf   Section        4  sys_io_names.o(.constdata)
    tenpwrs_x                                0x08002bb4   Data          60  bigflt0.o(.constdata)
    .constdata                               0x08002bb4   Section      148  bigflt0.o(.constdata)
    tenpwrs_i                                0x08002bf0   Data          64  bigflt0.o(.constdata)
    .L.str.6                                 0x08002c48   Data          33  main.o(.rodata.str1.1)
    [Anonymous Symbol]                       0x08002c48   Section        0  main.o(.rodata.str1.1)
    .L.str.4                                 0x08002c69   Data          36  main.o(.rodata.str1.1)
    .L.str.5                                 0x08002c8d   Data          58  main.o(.rodata.str1.1)
    .L.str                                   0x08002cc7   Data          41  main.o(.rodata.str1.1)
    .L.str.2                                 0x08002cc9   Data          39  main.o(.rodata.str1.1)
    .L.str.1                                 0x08002cf0   Data          34  main.o(.rodata.str1.1)
    .L.str.3                                 0x08002d12   Data          34  main.o(.rodata.str1.1)
    .L.str.7                                 0x08002d34   Data          26  main.o(.rodata.str1.1)
    locale$$data                             0x08002d70   Section       28  lc_numeric_c.o(locale$$data)
    __lcnum_c_name                           0x08002d74   Data           2  lc_numeric_c.o(locale$$data)
    __lcnum_c_start                          0x08002d7c   Data           0  lc_numeric_c.o(locale$$data)
    __lcnum_c_point                          0x08002d88   Data           0  lc_numeric_c.o(locale$$data)
    __lcnum_c_thousands                      0x08002d8a   Data           0  lc_numeric_c.o(locale$$data)
    __lcnum_c_grouping                       0x08002d8b   Data           0  lc_numeric_c.o(locale$$data)
    __lcnum_c_end                            0x08002d8c   Data           0  lc_numeric_c.o(locale$$data)
    locale$$data                             0x08002d8c   Section      272  lc_ctype_c.o(locale$$data)
    __lcctype_c_name                         0x08002d90   Data           2  lc_ctype_c.o(locale$$data)
    __lcctype_c_start                        0x08002d98   Data           0  lc_ctype_c.o(locale$$data)
    __lcctype_c_end                          0x08002e9c   Data           0  lc_ctype_c.o(locale$$data)
    .data                                    0x20020000   Section        4  stdio_streams.o(.data)
    .data                                    0x20020004   Section        4  stdio_streams.o(.data)
    .data                                    0x20020008   Section        4  stdio_streams.o(.data)
    .bss                                     0x20020010   Section       84  stdio_streams.o(.bss)
    .bss                                     0x20020064   Section       84  stdio_streams.o(.bss)
    .bss                                     0x200200b8   Section       84  stdio_streams.o(.bss)
    .bss                                     0x2002010c   Section       96  libspace.o(.bss)
    Heap_Mem                                 0x20020170   Data         512  startup_stm32f767xx.o(HEAP)
    HEAP                                     0x20020170   Section      512  startup_stm32f767xx.o(HEAP)
    Stack_Mem                                0x20020370   Data        1024  startup_stm32f767xx.o(STACK)
    STACK                                    0x20020370   Section     1024  startup_stm32f767xx.o(STACK)
    __initial_sp                             0x20020770   Data           0  startup_stm32f767xx.o(STACK)

    Global Symbols

    Symbol Name                              Value     Ov Type        Size  Object(Section)

    BuildAttributes$$THM_ISAv4$E$P$D$K$B$S$7EM$VFPv5_D16$PE$PLD8$A:L22UL41UL21$X:L11$S22US41US21$IEEE1$IW$~IW$USESV6$~STKCKD$USESV7$~SHL$OTIME$ROPI$IEEEJ$EBA8$UX$STANDARDLIB$REQ8$PRES8$EABIv2 0x00000000   Number         0  anon$$obj.o ABSOLUTE
    _printf_flags                            0x00000000   Number         0  printf_stubs.o ABSOLUTE
    _printf_return_value                     0x00000000   Number         0  printf_stubs.o ABSOLUTE
    _printf_sizespec                         0x00000000   Number         0  printf_stubs.o ABSOLUTE
    _printf_widthprec                        0x00000000   Number         0  printf_stubs.o ABSOLUTE
    __ARM_exceptions_init                     - Undefined Weak Reference
    __alloca_initialize                       - Undefined Weak Reference
    __arm_preinit_                            - Undefined Weak Reference
    __arm_relocate_pie_                       - Undefined Weak Reference
    __cpp_initialize__aeabi_                  - Undefined Weak Reference
    __cxa_finalize                            - Undefined Weak Reference
    __sigvec_lookup                           - Undefined Weak Reference
    __user_heap_extent                        - Undefined Weak Reference
    _atexit_init                              - Undefined Weak Reference
    _call_atexit_fns                          - Undefined Weak Reference
    _clock_init                               - Undefined Weak Reference
    _fp_trap_init                             - Undefined Weak Reference
    _fp_trap_shutdown                         - Undefined Weak Reference
    _get_lc_collate                           - Undefined Weak Reference
    _get_lc_monetary                          - Undefined Weak Reference
    _get_lc_time                              - Undefined Weak Reference
    _getenv_init                              - Undefined Weak Reference
    _handle_redirection                       - Undefined Weak Reference
    _mutex_acquire                            - Undefined Weak Reference
    _mutex_free                               - Undefined Weak Reference
    _mutex_release                            - Undefined Weak Reference
    _printf_mbtowc                            - Undefined Weak Reference
    _printf_wc                                - Undefined Weak Reference
    _rand_init                                - Undefined Weak Reference
    _signal_finish                            - Undefined Weak Reference
    _signal_init                              - Undefined Weak Reference
    __Vectors_Size                           0x000001f8   Number         0  startup_stm32f767xx.o ABSOLUTE
    __Vectors                                0x08000000   Data           4  startup_stm32f767xx.o(RESET)
    __Vectors_End                            0x080001f8   Data           0  startup_stm32f767xx.o(RESET)
    __main                                   0x080001f9   Thumb Code     8  __main.o(!!!main)
    __scatterload                            0x08000201   Thumb Code     0  __scatter.o(!!!scatter)
    __scatterload_rt2                        0x08000201   Thumb Code    84  __scatter.o(!!!scatter)
    __scatterload_rt2_thumb_only             0x08000201   Thumb Code     0  __scatter.o(!!!scatter)
    __scatterload_loop                       0x0800020b   Thumb Code     0  __scatter.o(!!!scatter)
    __scatterload_copy                       0x0800025d   Thumb Code    26  __scatter_copy.o(!!handler_copy)
    __scatterload_null                       0x08000279   Thumb Code     2  __scatter.o(!!handler_null)
    __scatterload_zeroinit                   0x0800027d   Thumb Code    28  __scatter_zi.o(!!handler_zi)
    _printf_n                                0x08000299   Thumb Code     0  _printf_n.o(.ARM.Collect$$_printf_percent$$00000001)
    _printf_percent                          0x08000299   Thumb Code     0  _printf_percent.o(.ARM.Collect$$_printf_percent$$00000000)
    _printf_p                                0x0800029f   Thumb Code     0  _printf_p.o(.ARM.Collect$$_printf_percent$$00000002)
    _printf_f                                0x080002a5   Thumb Code     0  _printf_f.o(.ARM.Collect$$_printf_percent$$00000003)
    _printf_e                                0x080002ab   Thumb Code     0  _printf_e.o(.ARM.Collect$$_printf_percent$$00000004)
    _printf_g                                0x080002b1   Thumb Code     0  _printf_g.o(.ARM.Collect$$_printf_percent$$00000005)
    _printf_a                                0x080002b7   Thumb Code     0  _printf_a.o(.ARM.Collect$$_printf_percent$$00000006)
    _printf_ll                               0x080002bd   Thumb Code     0  _printf_ll.o(.ARM.Collect$$_printf_percent$$00000007)
    _printf_i                                0x080002c7   Thumb Code     0  _printf_i.o(.ARM.Collect$$_printf_percent$$00000008)
    _printf_d                                0x080002cd   Thumb Code     0  _printf_d.o(.ARM.Collect$$_printf_percent$$00000009)
    _printf_u                                0x080002d3   Thumb Code     0  _printf_u.o(.ARM.Collect$$_printf_percent$$0000000A)
    _printf_o                                0x080002d9   Thumb Code     0  _printf_o.o(.ARM.Collect$$_printf_percent$$0000000B)
    _printf_x                                0x080002df   Thumb Code     0  _printf_x.o(.ARM.Collect$$_printf_percent$$0000000C)
    _printf_lli                              0x080002e5   Thumb Code     0  _printf_lli.o(.ARM.Collect$$_printf_percent$$0000000D)
    _printf_lld                              0x080002eb   Thumb Code     0  _printf_lld.o(.ARM.Collect$$_printf_percent$$0000000E)
    _printf_llu                              0x080002f1   Thumb Code     0  _printf_llu.o(.ARM.Collect$$_printf_percent$$0000000F)
    _printf_llo                              0x080002f7   Thumb Code     0  _printf_llo.o(.ARM.Collect$$_printf_percent$$00000010)
    _printf_llx                              0x080002fd   Thumb Code     0  _printf_llx.o(.ARM.Collect$$_printf_percent$$00000011)
    _printf_l                                0x08000303   Thumb Code     0  _printf_l.o(.ARM.Collect$$_printf_percent$$00000012)
    _printf_c                                0x0800030d   Thumb Code     0  _printf_c.o(.ARM.Collect$$_printf_percent$$00000013)
    _printf_s                                0x08000313   Thumb Code     0  _printf_s.o(.ARM.Collect$$_printf_percent$$00000014)
    _printf_lc                               0x08000319   Thumb Code     0  _printf_lc.o(.ARM.Collect$$_printf_percent$$00000015)
    _printf_ls                               0x0800031f   Thumb Code     0  _printf_ls.o(.ARM.Collect$$_printf_percent$$00000016)
    _printf_percent_end                      0x08000325   Thumb Code     0  _printf_percent_end.o(.ARM.Collect$$_printf_percent$$00000017)
    __rt_lib_init                            0x08000329   Thumb Code     0  libinit.o(.ARM.Collect$$libinit$$00000000)
    __rt_lib_init_fp_1                       0x0800032b   Thumb Code     0  libinit2.o(.ARM.Collect$$libinit$$00000001)
    __rt_lib_init_heap_2                     0x0800032f   Thumb Code     0  libinit2.o(.ARM.Collect$$libinit$$00000007)
    __rt_lib_init_preinit_1                  0x0800032f   Thumb Code     0  libinit2.o(.ARM.Collect$$libinit$$00000006)
    __rt_lib_init_relocate_pie_1             0x0800032f   Thumb Code     0  libinit2.o(.ARM.Collect$$libinit$$00000004)
    __rt_lib_init_heap_1                     0x08000337   Thumb Code     0  libinit2.o(.ARM.Collect$$libinit$$0000000C)
    __rt_lib_init_lc_common                  0x08000337   Thumb Code     0  libinit2.o(.ARM.Collect$$libinit$$00000011)
    __rt_lib_init_rand_1                     0x08000337   Thumb Code     0  libinit2.o(.ARM.Collect$$libinit$$00000010)
    __rt_lib_init_user_alloc_1               0x08000337   Thumb Code     0  libinit2.o(.ARM.Collect$$libinit$$0000000E)
    __rt_lib_init_lc_collate_1               0x0800033d   Thumb Code     0  libinit2.o(.ARM.Collect$$libinit$$00000013)
    __rt_lib_init_lc_ctype_2                 0x0800033d   Thumb Code     0  libinit2.o(.ARM.Collect$$libinit$$00000014)
    __rt_lib_init_lc_ctype_1                 0x08000349   Thumb Code     0  libinit2.o(.ARM.Collect$$libinit$$00000015)
    __rt_lib_init_lc_monetary_1              0x08000349   Thumb Code     0  libinit2.o(.ARM.Collect$$libinit$$00000017)
    __rt_lib_init_lc_numeric_2               0x08000349   Thumb Code     0  libinit2.o(.ARM.Collect$$libinit$$00000018)
    __rt_lib_init_atexit_1                   0x08000353   Thumb Code     0  libinit2.o(.ARM.Collect$$libinit$$0000001D)
    __rt_lib_init_clock_1                    0x08000353   Thumb Code     0  libinit2.o(.ARM.Collect$$libinit$$00000023)
    __rt_lib_init_fp_trap_1                  0x08000353   Thumb Code     0  libinit2.o(.ARM.Collect$$libinit$$00000021)
    __rt_lib_init_getenv_1                   0x08000353   Thumb Code     0  libinit2.o(.ARM.Collect$$libinit$$00000025)
    __rt_lib_init_lc_numeric_1               0x08000353   Thumb Code     0  libinit2.o(.ARM.Collect$$libinit$$00000019)
    __rt_lib_init_lc_time_1                  0x08000353   Thumb Code     0  libinit2.o(.ARM.Collect$$libinit$$0000001B)
    __rt_lib_init_signal_1                   0x08000353   Thumb Code     0  libinit2.o(.ARM.Collect$$libinit$$0000001F)
    __rt_lib_init_stdio_2                    0x08000353   Thumb Code     0  libinit2.o(.ARM.Collect$$libinit$$00000026)
    __rt_lib_init_alloca_1                   0x08000357   Thumb Code     0  libinit2.o(.ARM.Collect$$libinit$$00000030)
    __rt_lib_init_argv_1                     0x08000357   Thumb Code     0  libinit2.o(.ARM.Collect$$libinit$$0000002E)
    __rt_lib_init_cpp_1                      0x08000357   Thumb Code     0  libinit2.o(.ARM.Collect$$libinit$$00000034)
    __rt_lib_init_exceptions_1               0x08000357   Thumb Code     0  libinit2.o(.ARM.Collect$$libinit$$00000032)
    __rt_lib_init_return                     0x08000357   Thumb Code     0  libinit2.o(.ARM.Collect$$libinit$$00000035)
    __rt_lib_init_stdio_1                    0x08000357   Thumb Code     0  libinit2.o(.ARM.Collect$$libinit$$00000027)
    __rt_lib_shutdown                        0x08000359   Thumb Code     0  libshutdown.o(.ARM.Collect$$libshutdown$$00000000)
    __rt_lib_shutdown_cpp_1                  0x0800035b   Thumb Code     0  libshutdown2.o(.ARM.Collect$$libshutdown$$00000002)
    __rt_lib_shutdown_stdio_2                0x0800035b   Thumb Code     0  libshutdown2.o(.ARM.Collect$$libshutdown$$00000003)
    __rt_lib_shutdown_fp_trap_1              0x0800035f   Thumb Code     0  libshutdown2.o(.ARM.Collect$$libshutdown$$00000007)
    __rt_lib_shutdown_heap_1                 0x0800035f   Thumb Code     0  libshutdown2.o(.ARM.Collect$$libshutdown$$0000000F)
    __rt_lib_shutdown_return                 0x0800035f   Thumb Code     0  libshutdown2.o(.ARM.Collect$$libshutdown$$00000010)
    __rt_lib_shutdown_signal_1               0x0800035f   Thumb Code     0  libshutdown2.o(.ARM.Collect$$libshutdown$$0000000A)
    __rt_lib_shutdown_stdio_1                0x0800035f   Thumb Code     0  libshutdown2.o(.ARM.Collect$$libshutdown$$00000004)
    __rt_lib_shutdown_user_alloc_1           0x0800035f   Thumb Code     0  libshutdown2.o(.ARM.Collect$$libshutdown$$0000000C)
    __rt_entry                               0x08000361   Thumb Code     0  __rtentry.o(.ARM.Collect$$rtentry$$00000000)
    __rt_entry_presh_1                       0x08000361   Thumb Code     0  __rtentry2.o(.ARM.Collect$$rtentry$$00000002)
    __rt_entry_sh                            0x08000361   Thumb Code     0  __rtentry4.o(.ARM.Collect$$rtentry$$00000004)
    __rt_entry_li                            0x08000367   Thumb Code     0  __rtentry2.o(.ARM.Collect$$rtentry$$0000000A)
    __rt_entry_postsh_1                      0x08000367   Thumb Code     0  __rtentry2.o(.ARM.Collect$$rtentry$$00000009)
    __rt_entry_main                          0x0800036b   Thumb Code     0  __rtentry2.o(.ARM.Collect$$rtentry$$0000000D)
    __rt_entry_postli_1                      0x0800036b   Thumb Code     0  __rtentry2.o(.ARM.Collect$$rtentry$$0000000C)
    __rt_exit                                0x08000373   Thumb Code     0  rtexit.o(.ARM.Collect$$rtexit$$00000000)
    __rt_exit_ls                             0x08000375   Thumb Code     0  rtexit2.o(.ARM.Collect$$rtexit$$00000003)
    __rt_exit_prels_1                        0x08000375   Thumb Code     0  rtexit2.o(.ARM.Collect$$rtexit$$00000002)
    __rt_exit_exit                           0x08000379   Thumb Code     0  rtexit2.o(.ARM.Collect$$rtexit$$00000004)
    Reset_Handler                            0x08000381   Thumb Code     8  startup_stm32f767xx.o(.text)
    NMI_Handler                              0x08000389   Thumb Code     2  startup_stm32f767xx.o(.text)
    HardFault_Handler                        0x0800038b   Thumb Code     2  startup_stm32f767xx.o(.text)
    MemManage_Handler                        0x0800038d   Thumb Code     2  startup_stm32f767xx.o(.text)
    BusFault_Handler                         0x0800038f   Thumb Code     2  startup_stm32f767xx.o(.text)
    UsageFault_Handler                       0x08000391   Thumb Code     2  startup_stm32f767xx.o(.text)
    SVC_Handler                              0x08000393   Thumb Code     2  startup_stm32f767xx.o(.text)
    DebugMon_Handler                         0x08000395   Thumb Code     2  startup_stm32f767xx.o(.text)
    PendSV_Handler                           0x08000397   Thumb Code     2  startup_stm32f767xx.o(.text)
    SysTick_Handler                          0x08000399   Thumb Code     2  startup_stm32f767xx.o(.text)
    ADC_IRQHandler                           0x0800039b   Thumb Code     0  startup_stm32f767xx.o(.text)
    CAN1_RX0_IRQHandler                      0x0800039b   Thumb Code     0  startup_stm32f767xx.o(.text)
    CAN1_RX1_IRQHandler                      0x0800039b   Thumb Code     0  startup_stm32f767xx.o(.text)
    CAN1_SCE_IRQHandler                      0x0800039b   Thumb Code     0  startup_stm32f767xx.o(.text)
    CAN1_TX_IRQHandler                       0x0800039b   Thumb Code     0  startup_stm32f767xx.o(.text)
    CAN2_RX0_IRQHandler                      0x0800039b   Thumb Code     0  startup_stm32f767xx.o(.text)
    CAN2_RX1_IRQHandler                      0x0800039b   Thumb Code     0  startup_stm32f767xx.o(.text)
    CAN2_SCE_IRQHandler                      0x0800039b   Thumb Code     0  startup_stm32f767xx.o(.text)
    CAN2_TX_IRQHandler                       0x0800039b   Thumb Code     0  startup_stm32f767xx.o(.text)
    CAN3_RX0_IRQHandler                      0x0800039b   Thumb Code     0  startup_stm32f767xx.o(.text)
    CAN3_RX1_IRQHandler                      0x0800039b   Thumb Code     0  startup_stm32f767xx.o(.text)
    CAN3_SCE_IRQHandler                      0x0800039b   Thumb Code     0  startup_stm32f767xx.o(.text)
    CAN3_TX_IRQHandler                       0x0800039b   Thumb Code     0  startup_stm32f767xx.o(.text)
    CEC_IRQHandler                           0x0800039b   Thumb Code     0  startup_stm32f767xx.o(.text)
    DCMI_IRQHandler                          0x0800039b   Thumb Code     0  startup_stm32f767xx.o(.text)
    DFSDM1_FLT0_IRQHandler                   0x0800039b   Thumb Code     0  startup_stm32f767xx.o(.text)
    DFSDM1_FLT1_IRQHandler                   0x0800039b   Thumb Code     0  startup_stm32f767xx.o(.text)
    DFSDM1_FLT2_IRQHandler                   0x0800039b   Thumb Code     0  startup_stm32f767xx.o(.text)
    DFSDM1_FLT3_IRQHandler                   0x0800039b   Thumb Code     0  startup_stm32f767xx.o(.text)
    DMA1_Stream0_IRQHandler                  0x0800039b   Thumb Code     0  startup_stm32f767xx.o(.text)
    DMA1_Stream1_IRQHandler                  0x0800039b   Thumb Code     0  startup_stm32f767xx.o(.text)
    DMA1_Stream2_IRQHandler                  0x0800039b   Thumb Code     0  startup_stm32f767xx.o(.text)
    DMA1_Stream3_IRQHandler                  0x0800039b   Thumb Code     0  startup_stm32f767xx.o(.text)
    DMA1_Stream4_IRQHandler                  0x0800039b   Thumb Code     0  startup_stm32f767xx.o(.text)
    DMA1_Stream5_IRQHandler                  0x0800039b   Thumb Code     0  startup_stm32f767xx.o(.text)
    DMA1_Stream6_IRQHandler                  0x0800039b   Thumb Code     0  startup_stm32f767xx.o(.text)
    DMA1_Stream7_IRQHandler                  0x0800039b   Thumb Code     0  startup_stm32f767xx.o(.text)
    DMA2D_IRQHandler                         0x0800039b   Thumb Code     0  startup_stm32f767xx.o(.text)
    DMA2_Stream0_IRQHandler                  0x0800039b   Thumb Code     0  startup_stm32f767xx.o(.text)
    DMA2_Stream1_IRQHandler                  0x0800039b   Thumb Code     0  startup_stm32f767xx.o(.text)
    DMA2_Stream2_IRQHandler                  0x0800039b   Thumb Code     0  startup_stm32f767xx.o(.text)
    DMA2_Stream3_IRQHandler                  0x0800039b   Thumb Code     0  startup_stm32f767xx.o(.text)
    DMA2_Stream4_IRQHandler                  0x0800039b   Thumb Code     0  startup_stm32f767xx.o(.text)
    DMA2_Stream5_IRQHandler                  0x0800039b   Thumb Code     0  startup_stm32f767xx.o(.text)
    DMA2_Stream6_IRQHandler                  0x0800039b   Thumb Code     0  startup_stm32f767xx.o(.text)
    DMA2_Stream7_IRQHandler                  0x0800039b   Thumb Code     0  startup_stm32f767xx.o(.text)
    ETH_IRQHandler                           0x0800039b   Thumb Code     0  startup_stm32f767xx.o(.text)
    ETH_WKUP_IRQHandler                      0x0800039b   Thumb Code     0  startup_stm32f767xx.o(.text)
    EXTI0_IRQHandler                         0x0800039b   Thumb Code     0  startup_stm32f767xx.o(.text)
    EXTI15_10_IRQHandler                     0x0800039b   Thumb Code     0  startup_stm32f767xx.o(.text)
    EXTI1_IRQHandler                         0x0800039b   Thumb Code     0  startup_stm32f767xx.o(.text)
    EXTI2_IRQHandler                         0x0800039b   Thumb Code     0  startup_stm32f767xx.o(.text)
    EXTI3_IRQHandler                         0x0800039b   Thumb Code     0  startup_stm32f767xx.o(.text)
    EXTI4_IRQHandler                         0x0800039b   Thumb Code     0  startup_stm32f767xx.o(.text)
    EXTI9_5_IRQHandler                       0x0800039b   Thumb Code     0  startup_stm32f767xx.o(.text)
    FLASH_IRQHandler                         0x0800039b   Thumb Code     0  startup_stm32f767xx.o(.text)
    FMC_IRQHandler                           0x0800039b   Thumb Code     0  startup_stm32f767xx.o(.text)
    FPU_IRQHandler                           0x0800039b   Thumb Code     0  startup_stm32f767xx.o(.text)
    I2C1_ER_IRQHandler                       0x0800039b   Thumb Code     0  startup_stm32f767xx.o(.text)
    I2C1_EV_IRQHandler                       0x0800039b   Thumb Code     0  startup_stm32f767xx.o(.text)
    I2C2_ER_IRQHandler                       0x0800039b   Thumb Code     0  startup_stm32f767xx.o(.text)
    I2C2_EV_IRQHandler                       0x0800039b   Thumb Code     0  startup_stm32f767xx.o(.text)
    I2C3_ER_IRQHandler                       0x0800039b   Thumb Code     0  startup_stm32f767xx.o(.text)
    I2C3_EV_IRQHandler                       0x0800039b   Thumb Code     0  startup_stm32f767xx.o(.text)
    I2C4_ER_IRQHandler                       0x0800039b   Thumb Code     0  startup_stm32f767xx.o(.text)
    I2C4_EV_IRQHandler                       0x0800039b   Thumb Code     0  startup_stm32f767xx.o(.text)
    JPEG_IRQHandler                          0x0800039b   Thumb Code     0  startup_stm32f767xx.o(.text)
    LPTIM1_IRQHandler                        0x0800039b   Thumb Code     0  startup_stm32f767xx.o(.text)
    LTDC_ER_IRQHandler                       0x0800039b   Thumb Code     0  startup_stm32f767xx.o(.text)
    LTDC_IRQHandler                          0x0800039b   Thumb Code     0  startup_stm32f767xx.o(.text)
    MDIOS_IRQHandler                         0x0800039b   Thumb Code     0  startup_stm32f767xx.o(.text)
    OTG_FS_IRQHandler                        0x0800039b   Thumb Code     0  startup_stm32f767xx.o(.text)
    OTG_FS_WKUP_IRQHandler                   0x0800039b   Thumb Code     0  startup_stm32f767xx.o(.text)
    OTG_HS_EP1_IN_IRQHandler                 0x0800039b   Thumb Code     0  startup_stm32f767xx.o(.text)
    OTG_HS_EP1_OUT_IRQHandler                0x0800039b   Thumb Code     0  startup_stm32f767xx.o(.text)
    OTG_HS_IRQHandler                        0x0800039b   Thumb Code     0  startup_stm32f767xx.o(.text)
    OTG_HS_WKUP_IRQHandler                   0x0800039b   Thumb Code     0  startup_stm32f767xx.o(.text)
    PVD_IRQHandler                           0x0800039b   Thumb Code     0  startup_stm32f767xx.o(.text)
    QUADSPI_IRQHandler                       0x0800039b   Thumb Code     0  startup_stm32f767xx.o(.text)
    RCC_IRQHandler                           0x0800039b   Thumb Code     0  startup_stm32f767xx.o(.text)
    RNG_IRQHandler                           0x0800039b   Thumb Code     0  startup_stm32f767xx.o(.text)
    RTC_Alarm_IRQHandler                     0x0800039b   Thumb Code     0  startup_stm32f767xx.o(.text)
    RTC_WKUP_IRQHandler                      0x0800039b   Thumb Code     0  startup_stm32f767xx.o(.text)
    SAI1_IRQHandler                          0x0800039b   Thumb Code     0  startup_stm32f767xx.o(.text)
    SAI2_IRQHandler                          0x0800039b   Thumb Code     0  startup_stm32f767xx.o(.text)
    SDMMC1_IRQHandler                        0x0800039b   Thumb Code     0  startup_stm32f767xx.o(.text)
    SDMMC2_IRQHandler                        0x0800039b   Thumb Code     0  startup_stm32f767xx.o(.text)
    SPDIF_RX_IRQHandler                      0x0800039b   Thumb Code     0  startup_stm32f767xx.o(.text)
    SPI1_IRQHandler                          0x0800039b   Thumb Code     0  startup_stm32f767xx.o(.text)
    SPI2_IRQHandler                          0x0800039b   Thumb Code     0  startup_stm32f767xx.o(.text)
    SPI3_IRQHandler                          0x0800039b   Thumb Code     0  startup_stm32f767xx.o(.text)
    SPI4_IRQHandler                          0x0800039b   Thumb Code     0  startup_stm32f767xx.o(.text)
    SPI5_IRQHandler                          0x0800039b   Thumb Code     0  startup_stm32f767xx.o(.text)
    SPI6_IRQHandler                          0x0800039b   Thumb Code     0  startup_stm32f767xx.o(.text)
    TAMP_STAMP_IRQHandler                    0x0800039b   Thumb Code     0  startup_stm32f767xx.o(.text)
    TIM1_BRK_TIM9_IRQHandler                 0x0800039b   Thumb Code     0  startup_stm32f767xx.o(.text)
    TIM1_CC_IRQHandler                       0x0800039b   Thumb Code     0  startup_stm32f767xx.o(.text)
    TIM1_TRG_COM_TIM11_IRQHandler            0x0800039b   Thumb Code     0  startup_stm32f767xx.o(.text)
    TIM1_UP_TIM10_IRQHandler                 0x0800039b   Thumb Code     0  startup_stm32f767xx.o(.text)
    TIM2_IRQHandler                          0x0800039b   Thumb Code     0  startup_stm32f767xx.o(.text)
    TIM3_IRQHandler                          0x0800039b   Thumb Code     0  startup_stm32f767xx.o(.text)
    TIM4_IRQHandler                          0x0800039b   Thumb Code     0  startup_stm32f767xx.o(.text)
    TIM5_IRQHandler                          0x0800039b   Thumb Code     0  startup_stm32f767xx.o(.text)
    TIM6_DAC_IRQHandler                      0x0800039b   Thumb Code     0  startup_stm32f767xx.o(.text)
    TIM7_IRQHandler                          0x0800039b   Thumb Code     0  startup_stm32f767xx.o(.text)
    TIM8_BRK_TIM12_IRQHandler                0x0800039b   Thumb Code     0  startup_stm32f767xx.o(.text)
    TIM8_CC_IRQHandler                       0x0800039b   Thumb Code     0  startup_stm32f767xx.o(.text)
    TIM8_TRG_COM_TIM14_IRQHandler            0x0800039b   Thumb Code     0  startup_stm32f767xx.o(.text)
    TIM8_UP_TIM13_IRQHandler                 0x0800039b   Thumb Code     0  startup_stm32f767xx.o(.text)
    UART4_IRQHandler                         0x0800039b   Thumb Code     0  startup_stm32f767xx.o(.text)
    UART5_IRQHandler                         0x0800039b   Thumb Code     0  startup_stm32f767xx.o(.text)
    UART7_IRQHandler                         0x0800039b   Thumb Code     0  startup_stm32f767xx.o(.text)
    UART8_IRQHandler                         0x0800039b   Thumb Code     0  startup_stm32f767xx.o(.text)
    USART1_IRQHandler                        0x0800039b   Thumb Code     0  startup_stm32f767xx.o(.text)
    USART2_IRQHandler                        0x0800039b   Thumb Code     0  startup_stm32f767xx.o(.text)
    USART3_IRQHandler                        0x0800039b   Thumb Code     0  startup_stm32f767xx.o(.text)
    USART6_IRQHandler                        0x0800039b   Thumb Code     0  startup_stm32f767xx.o(.text)
    WWDG_IRQHandler                          0x0800039b   Thumb Code     0  startup_stm32f767xx.o(.text)
    __user_initial_stackheap                 0x0800039d   Thumb Code     0  startup_stm32f767xx.o(.text)
    printf                                   0x080003c1   Thumb Code    20  printf.o(.text)
    __use_two_region_memory                  0x080003d9   Thumb Code     2  heapauxi.o(.text)
    __rt_heap_escrow                         0x080003db   Thumb Code     2  heapauxi.o(.text)
    __rt_heap_expand                         0x080003dd   Thumb Code     2  heapauxi.o(.text)
    _printf_pre_padding                      0x080003df   Thumb Code    44  _printf_pad.o(.text)
    _printf_post_padding                     0x0800040b   Thumb Code    34  _printf_pad.o(.text)
    _printf_truncate_signed                  0x0800042d   Thumb Code    18  _printf_truncate.o(.text)
    _printf_truncate_unsigned                0x0800043f   Thumb Code    18  _printf_truncate.o(.text)
    _printf_str                              0x08000451   Thumb Code    82  _printf_str.o(.text)
    _printf_int_dec                          0x080004a5   Thumb Code   104  _printf_dec.o(.text)
    _printf_charcount                        0x0800051d   Thumb Code    40  _printf_charcount.o(.text)
    _printf_char_file                        0x08000545   Thumb Code    32  _printf_char_file.o(.text)
    _printf_wctomb                           0x08000569   Thumb Code   182  _printf_wctomb.o(.text)
    _printf_longlong_dec                     0x08000625   Thumb Code   108  _printf_longlong_dec.o(.text)
    _printf_longlong_oct                     0x080006a1   Thumb Code    68  _printf_oct_int_ll.o(.text)
    _printf_int_oct                          0x080006e5   Thumb Code    24  _printf_oct_int_ll.o(.text)
    _printf_ll_oct                           0x080006fd   Thumb Code    12  _printf_oct_int_ll.o(.text)
    _printf_longlong_hex                     0x08000711   Thumb Code    86  _printf_hex_int_ll_ptr.o(.text)
    _printf_int_hex                          0x08000767   Thumb Code    28  _printf_hex_int_ll_ptr.o(.text)
    _printf_ll_hex                           0x08000783   Thumb Code    12  _printf_hex_int_ll_ptr.o(.text)
    _printf_hex_ptr                          0x0800078f   Thumb Code    18  _printf_hex_int_ll_ptr.o(.text)
    __printf                                 0x080007a5   Thumb Code   388  __printf_flags_ss_wp.o(.text)
    _ll_udiv10                               0x0800092d   Thumb Code   138  lludiv10.o(.text)
    _printf_int_common                       0x080009b7   Thumb Code   178  _printf_intcommon.o(.text)
    _printf_fp_dec_real                      0x08000c19   Thumb Code   620  _printf_fp_dec.o(.text)
    _printf_fp_hex_real                      0x08000e85   Thumb Code   756  _printf_fp_hex.o(.text)
    _printf_char_common                      0x0800118b   Thumb Code    32  _printf_char_common.o(.text)
    _printf_cs_common                        0x080011b1   Thumb Code    20  _printf_char.o(.text)
    _printf_char                             0x080011c5   Thumb Code    16  _printf_char.o(.text)
    _printf_string                           0x080011d5   Thumb Code     8  _printf_char.o(.text)
    _printf_lcs_common                       0x080011dd   Thumb Code    20  _printf_wchar.o(.text)
    _printf_wchar                            0x080011f1   Thumb Code    16  _printf_wchar.o(.text)
    _printf_wstring                          0x08001201   Thumb Code     8  _printf_wchar.o(.text)
    ferror                                   0x08001209   Thumb Code     8  ferror.o(.text)
    _initio                                  0x08001211   Thumb Code   210  initio.o(.text)
    _terminateio                             0x080012e3   Thumb Code    56  initio.o(.text)
    _c16rtomb                                0x08001349   Thumb Code    72  _c16rtomb.o(.text)
    _wcrtomb                                 0x08001349   Thumb Code     0  _c16rtomb.o(.text)
    __user_setup_stackheap                   0x08001391   Thumb Code    74  sys_stackheap_outer.o(.text)
    __rt_ctype_table                         0x080013dd   Thumb Code    16  rt_ctype_table.o(.text)
    __rt_locale                              0x080013ed   Thumb Code     8  rt_locale_intlibspace.o(.text)
    free                                     0x080013f5   Thumb Code    78  h1_free.o(.text)
    _printf_fp_infnan                        0x08001445   Thumb Code   112  _printf_fp_infnan.o(.text)
    _btod_etento                             0x080014c5   Thumb Code   224  bigflt0.o(.text)
    __flsbuf                                 0x080015a9   Thumb Code   482  flsbuf.o(.text)
    __flsbuf_byte                            0x080015a9   Thumb Code     0  flsbuf.o(.text)
    __flsbuf_wide                            0x080015a9   Thumb Code     0  flsbuf.o(.text)
    setvbuf                                  0x0800178b   Thumb Code    70  setvbuf.o(.text)
    freopen                                  0x080017d1   Thumb Code   160  fopen.o(.text)
    fopen                                    0x08001871   Thumb Code    74  fopen.o(.text)
    _fclose_internal                         0x080018c1   Thumb Code    76  fclose.o(.text)
    fclose                                   0x080018c1   Thumb Code     0  fclose.o(.text)
    exit                                     0x0800190d   Thumb Code    18  exit.o(.text)
    __rt_SIGRTRED                            0x0800191f   Thumb Code    14  defsig_rtred_outer.o(.text)
    __aeabi_memclr4                          0x0800192d   Thumb Code     0  rt_memclr_w.o(.text)
    __aeabi_memclr8                          0x0800192d   Thumb Code     0  rt_memclr_w.o(.text)
    __rt_memclr_w                            0x0800192d   Thumb Code     0  rt_memclr_w.o(.text)
    _memset_w                                0x08001931   Thumb Code    74  rt_memclr_w.o(.text)
    _sys_open                                0x0800197b   Thumb Code    20  sys_io.o(.text)
    _sys_close                               0x0800198f   Thumb Code    12  sys_io.o(.text)
    _sys_write                               0x0800199b   Thumb Code    16  sys_io.o(.text)
    _sys_read                                0x080019ab   Thumb Code    14  sys_io.o(.text)
    _sys_istty                               0x080019b9   Thumb Code    12  sys_io.o(.text)
    _sys_seek                                0x080019c5   Thumb Code    14  sys_io.o(.text)
    _sys_ensure                              0x080019d3   Thumb Code     2  sys_io.o(.text)
    _sys_flen                                0x080019d5   Thumb Code    12  sys_io.o(.text)
    __user_libspace                          0x080019e1   Thumb Code     8  libspace.o(.text)
    __user_perproc_libspace                  0x080019e1   Thumb Code     0  libspace.o(.text)
    __user_perthread_libspace                0x080019e1   Thumb Code     0  libspace.o(.text)
    __rt_heap_descriptor                     0x080019e9   Thumb Code     8  rt_heap_descriptor_intlibspace.o(.text)
    __use_no_heap                            0x080019f1   Thumb Code     2  hguard.o(.text)
    __heap$guard                             0x080019f3   Thumb Code     2  hguard.o(.text)
    _terminate_user_alloc                    0x080019f5   Thumb Code     2  init_alloc.o(.text)
    _init_user_alloc                         0x080019f7   Thumb Code     2  init_alloc.o(.text)
    __Heap_Full                              0x080019f9   Thumb Code    34  init_alloc.o(.text)
    __Heap_Broken                            0x08001a1b   Thumb Code     6  init_alloc.o(.text)
    _init_alloc                              0x08001a21   Thumb Code    94  init_alloc.o(.text)
    malloc                                   0x08001a7f   Thumb Code    94  h1_alloc.o(.text)
    _fseek                                   0x08001add   Thumb Code   242  fseek.o(.text)
    fseek                                    0x08001add   Thumb Code     0  fseek.o(.text)
    _seterr                                  0x08001bd5   Thumb Code    20  stdio.o(.text)
    _writebuf                                0x08001be9   Thumb Code   108  stdio.o(.text)
    _fflush                                  0x08001c55   Thumb Code    70  stdio.o(.text)
    _deferredlazyseek                        0x08001c9b   Thumb Code    60  stdio.o(.text)
    __sig_exit                               0x08001cdd   Thumb Code    10  defsig_exit.o(.text)
    __rt_SIGRTRED_inner                      0x08001ce9   Thumb Code    14  defsig_rtred_inner.o(.text)
    strcmp                                   0x08001d21   Thumb Code   124  strcmpv7m_pel.o(.text)
    _sys_exit                                0x08001d9d   Thumb Code     8  sys_exit.o(.text)
    __I$use$semihosting                      0x08001da9   Thumb Code     0  use_no_semi.o(.text)
    __use_no_semihosting_swi                 0x08001da9   Thumb Code     2  use_no_semi.o(.text)
    __Heap_Initialize                        0x08001dab   Thumb Code     8  h1_init.o(.text)
    __semihosting_library_function           0x08001dab   Thumb Code     0  indicate_semi.o(.text)
    _maybe_terminate_alloc                   0x08001dab   Thumb Code     0  maybetermalloc1.o(.text)
    __Heap_DescSize                          0x08001db3   Thumb Code     4  h1_init.o(.text)
    __Heap_ProvideMemory                     0x08001db7   Thumb Code    52  h1_extend.o(.text)
    _ftell_internal                          0x08001deb   Thumb Code    66  ftell.o(.text)
    ftell                                    0x08001deb   Thumb Code     0  ftell.o(.text)
    __default_signal_display                 0x08001e2d   Thumb Code    50  defsig_general.o(.text)
    __rt_SIGRTMEM                            0x08001e5f   Thumb Code    14  defsig_rtmem_outer.o(.text)
    strlen                                   0x08001e6d   Thumb Code    62  strlen.o(.text)
    _ttywrch                                 0x08001eab   Thumb Code    14  sys_wrch.o(.text)
    __aeabi_errno_addr                       0x08001eb9   Thumb Code     8  rt_errno_addr_intlibspace.o(.text)
    __errno$intlibspace                      0x08001eb9   Thumb Code     0  rt_errno_addr_intlibspace.o(.text)
    __rt_errno_addr$intlibspace              0x08001eb9   Thumb Code     0  rt_errno_addr_intlibspace.o(.text)
    __rt_SIGRTMEM_inner                      0x08001ec1   Thumb Code    22  defsig_rtmem_inner.o(.text)
    SystemInit                               0x08001f11   Thumb Code    32  system_stm32f7xx.o(.text.SystemInit)
    UART3_Init()                             0x08001f31   Thumb Code   106  main.o(.text._Z10UART3_Initv)
    I2C1_ReadRegister(unsigned char, unsigned char) 0x08001fa1   Thumb Code   210  main.o(.text._Z17I2C1_ReadRegisterhh)
    I2C1_WriteRegister(unsigned char, unsigned char, unsigned char) 0x08002079   Thumb Code   162  main.o(.text._Z18I2C1_WriteRegisterhhh)
    delay_ms(unsigned int)                   0x08002121   Thumb Code    40  main.o(.text._Z8delay_msj)
    I2C1_Init()                              0x08002149   Thumb Code   164  main.o(.text._Z9I2C1_Initv)
    main                                     0x080021f1   Thumb Code   232  main.o(.text.main)
    _btod_d2e                                0x080022d9   Thumb Code    62  btod.o(CL$$btod_d2e)
    _d2e_denorm_low                          0x08002317   Thumb Code    70  btod.o(CL$$btod_d2e_denorm_low)
    _d2e_norm_op1                            0x0800235d   Thumb Code    96  btod.o(CL$$btod_d2e_norm_op1)
    __btod_div_common                        0x080023bd   Thumb Code   696  btod.o(CL$$btod_div_common)
    _e2e                                     0x080026f5   Thumb Code   220  btod.o(CL$$btod_e2e)
    _btod_ediv                               0x080027d1   Thumb Code    42  btod.o(CL$$btod_ediv)
    _btod_emul                               0x080027fb   Thumb Code    42  btod.o(CL$$btod_emul)
    __btod_mult_common                       0x08002825   Thumb Code   580  btod.o(CL$$btod_mult_common)
    __ARM_fpclassify                         0x08002a69   Thumb Code    48  fpclassify.o(i.__ARM_fpclassify)
    _is_digit                                0x08002a99   Thumb Code    14  __printf_wp.o(i._is_digit)
    fputc                                    0x08002aa7   Thumb Code    28  fputc.o(i.fputc)
    _get_lc_numeric                          0x08002ac5   Thumb Code    44  lc_numeric_c.o(locale$$code)
    _get_lc_ctype                            0x08002af1   Thumb Code    44  lc_ctype_c.o(locale$$code)
    _fp_init                                 0x08002b1d   Thumb Code    26  fpinit.o(x$fpl$fpinit)
    __fplib_config_fpu_vfp                   0x08002b35   Thumb Code     0  fpinit.o(x$fpl$fpinit)
    __fplib_config_pureend_doubles           0x08002b35   Thumb Code     0  fpinit.o(x$fpl$fpinit)
    _printf_fp_dec                           0x08002b37   Thumb Code     4  printf1.o(x$fpl$printf1)
    _printf_fp_hex                           0x08002b3b   Thumb Code     4  printf2.o(x$fpl$printf2)
    __I$use$fp                               0x08002b3e   Number         0  usenofp.o(x$fpl$usenofp)
    __stdin_name                             0x08002ba7   Data           4  sys_io_names.o(.constdata)
    __stdout_name                            0x08002bab   Data           4  sys_io_names.o(.constdata)
    __stderr_name                            0x08002baf   Data           4  sys_io_names.o(.constdata)
    Region$$Table$$Base                      0x08002d50   Number         0  anon$$obj.o(Region$$Table)
    Region$$Table$$Limit                     0x08002d70   Number         0  anon$$obj.o(Region$$Table)
    __ctype                                  0x08002d99   Data           0  lc_ctype_c.o(locale$$data)
    __aeabi_stdin                            0x20020000   Data           4  stdio_streams.o(.data)
    __aeabi_stdout                           0x20020004   Data           4  stdio_streams.o(.data)
    __aeabi_stderr                           0x20020008   Data           4  stdio_streams.o(.data)
    __stdin                                  0x20020010   Data          84  stdio_streams.o(.bss)
    __stdout                                 0x20020064   Data          84  stdio_streams.o(.bss)
    __stderr                                 0x200200b8   Data          84  stdio_streams.o(.bss)
    __libspace_start                         0x2002010c   Data          96  libspace.o(.bss)
    __temporary_stack_top$libspace           0x2002016c   Data           0  libspace.o(.bss)



==============================================================================

Memory Map of the image

  Image Entry point : 0x08000381

  Load Region LR_1 (Base: 0x08000000, Size: 0x00002ea8, Max: 0xffffffff, ABSOLUTE)

    Execution Region ER_RO (Exec base: 0x08000000, Load base: 0x08000000, Size: 0x00002e9c, Max: 0xffffffff, ABSOLUTE)

    Exec Addr    Load Addr    Size         Type   Attr      Idx    E Section Name        Object

    0x08000000   0x08000000   0x000001f8   Data   RO           26    RESET               startup_stm32f767xx.o
    0x080001f8   0x080001f8   0x00000008   Code   RO           53  * !!!main             c_w.l(__main.o)
    0x08000200   0x08000200   0x0000005c   Code   RO          575    !!!scatter          c_w.l(__scatter.o)
    0x0800025c   0x0800025c   0x0000001a   Code   RO          579    !!handler_copy      c_w.l(__scatter_copy.o)
    0x08000276   0x08000276   0x00000002   PAD
    0x08000278   0x08000278   0x00000002   Code   RO          576    !!handler_null      c_w.l(__scatter.o)
    0x0800027a   0x0800027a   0x00000002   PAD
    0x0800027c   0x0800027c   0x0000001c   Code   RO          581    !!handler_zi        c_w.l(__scatter_zi.o)
    0x08000298   0x08000298   0x00000000   Code   RO          135    .ARM.Collect$$_printf_percent$$00000000  c_w.l(_printf_percent.o)
    0x08000298   0x08000298   0x00000006   Code   RO          124    .ARM.Collect$$_printf_percent$$00000001  c_w.l(_printf_n.o)
    0x0800029e   0x0800029e   0x00000006   Code   RO          126    .ARM.Collect$$_printf_percent$$00000002  c_w.l(_printf_p.o)
    0x080002a4   0x080002a4   0x00000006   Code   RO          131    .ARM.Collect$$_printf_percent$$00000003  c_w.l(_printf_f.o)
    0x080002aa   0x080002aa   0x00000006   Code   RO          132    .ARM.Collect$$_printf_percent$$00000004  c_w.l(_printf_e.o)
    0x080002b0   0x080002b0   0x00000006   Code   RO          133    .ARM.Collect$$_printf_percent$$00000005  c_w.l(_printf_g.o)
    0x080002b6   0x080002b6   0x00000006   Code   RO          134    .ARM.Collect$$_printf_percent$$00000006  c_w.l(_printf_a.o)
    0x080002bc   0x080002bc   0x0000000a   Code   RO          139    .ARM.Collect$$_printf_percent$$00000007  c_w.l(_printf_ll.o)
    0x080002c6   0x080002c6   0x00000006   Code   RO          128    .ARM.Collect$$_printf_percent$$00000008  c_w.l(_printf_i.o)
    0x080002cc   0x080002cc   0x00000006   Code   RO          129    .ARM.Collect$$_printf_percent$$00000009  c_w.l(_printf_d.o)
    0x080002d2   0x080002d2   0x00000006   Code   RO          130    .ARM.Collect$$_printf_percent$$0000000A  c_w.l(_printf_u.o)
    0x080002d8   0x080002d8   0x00000006   Code   RO          127    .ARM.Collect$$_printf_percent$$0000000B  c_w.l(_printf_o.o)
    0x080002de   0x080002de   0x00000006   Code   RO          125    .ARM.Collect$$_printf_percent$$0000000C  c_w.l(_printf_x.o)
    0x080002e4   0x080002e4   0x00000006   Code   RO          136    .ARM.Collect$$_printf_percent$$0000000D  c_w.l(_printf_lli.o)
    0x080002ea   0x080002ea   0x00000006   Code   RO          137    .ARM.Collect$$_printf_percent$$0000000E  c_w.l(_printf_lld.o)
    0x080002f0   0x080002f0   0x00000006   Code   RO          138    .ARM.Collect$$_printf_percent$$0000000F  c_w.l(_printf_llu.o)
    0x080002f6   0x080002f6   0x00000006   Code   RO          143    .ARM.Collect$$_printf_percent$$00000010  c_w.l(_printf_llo.o)
    0x080002fc   0x080002fc   0x00000006   Code   RO          144    .ARM.Collect$$_printf_percent$$00000011  c_w.l(_printf_llx.o)
    0x08000302   0x08000302   0x0000000a   Code   RO          140    .ARM.Collect$$_printf_percent$$00000012  c_w.l(_printf_l.o)
    0x0800030c   0x0800030c   0x00000006   Code   RO          122    .ARM.Collect$$_printf_percent$$00000013  c_w.l(_printf_c.o)
    0x08000312   0x08000312   0x00000006   Code   RO          123    .ARM.Collect$$_printf_percent$$00000014  c_w.l(_printf_s.o)
    0x08000318   0x08000318   0x00000006   Code   RO          141    .ARM.Collect$$_printf_percent$$00000015  c_w.l(_printf_lc.o)
    0x0800031e   0x0800031e   0x00000006   Code   RO          142    .ARM.Collect$$_printf_percent$$00000016  c_w.l(_printf_ls.o)
    0x08000324   0x08000324   0x00000004   Code   RO          191    .ARM.Collect$$_printf_percent$$00000017  c_w.l(_printf_percent_end.o)
    0x08000328   0x08000328   0x00000002   Code   RO          338    .ARM.Collect$$libinit$$00000000  c_w.l(libinit.o)
    0x0800032a   0x0800032a   0x00000004   Code   RO          339    .ARM.Collect$$libinit$$00000001  c_w.l(libinit2.o)
    0x0800032e   0x0800032e   0x00000000   Code   RO          342    .ARM.Collect$$libinit$$00000004  c_w.l(libinit2.o)
    0x0800032e   0x0800032e   0x00000000   Code   RO          344    .ARM.Collect$$libinit$$00000006  c_w.l(libinit2.o)
    0x0800032e   0x0800032e   0x00000008   Code   RO          345    .ARM.Collect$$libinit$$00000007  c_w.l(libinit2.o)
    0x08000336   0x08000336   0x00000000   Code   RO          347    .ARM.Collect$$libinit$$0000000C  c_w.l(libinit2.o)
    0x08000336   0x08000336   0x00000000   Code   RO          349    .ARM.Collect$$libinit$$0000000E  c_w.l(libinit2.o)
    0x08000336   0x08000336   0x00000000   Code   RO          351    .ARM.Collect$$libinit$$00000010  c_w.l(libinit2.o)
    0x08000336   0x08000336   0x00000006   Code   RO          352    .ARM.Collect$$libinit$$00000011  c_w.l(libinit2.o)
    0x0800033c   0x0800033c   0x00000000   Code   RO          354    .ARM.Collect$$libinit$$00000013  c_w.l(libinit2.o)
    0x0800033c   0x0800033c   0x0000000c   Code   RO          355    .ARM.Collect$$libinit$$00000014  c_w.l(libinit2.o)
    0x08000348   0x08000348   0x00000000   Code   RO          356    .ARM.Collect$$libinit$$00000015  c_w.l(libinit2.o)
    0x08000348   0x08000348   0x00000000   Code   RO          358    .ARM.Collect$$libinit$$00000017  c_w.l(libinit2.o)
    0x08000348   0x08000348   0x0000000a   Code   RO          359    .ARM.Collect$$libinit$$00000018  c_w.l(libinit2.o)
    0x08000352   0x08000352   0x00000000   Code   RO          360    .ARM.Collect$$libinit$$00000019  c_w.l(libinit2.o)
    0x08000352   0x08000352   0x00000000   Code   RO          362    .ARM.Collect$$libinit$$0000001B  c_w.l(libinit2.o)
    0x08000352   0x08000352   0x00000000   Code   RO          364    .ARM.Collect$$libinit$$0000001D  c_w.l(libinit2.o)
    0x08000352   0x08000352   0x00000000   Code   RO          366    .ARM.Collect$$libinit$$0000001F  c_w.l(libinit2.o)
    0x08000352   0x08000352   0x00000000   Code   RO          368    .ARM.Collect$$libinit$$00000021  c_w.l(libinit2.o)
    0x08000352   0x08000352   0x00000000   Code   RO          370    .ARM.Collect$$libinit$$00000023  c_w.l(libinit2.o)
    0x08000352   0x08000352   0x00000000   Code   RO          372    .ARM.Collect$$libinit$$00000025  c_w.l(libinit2.o)
    0x08000352   0x08000352   0x00000004   Code   RO          373    .ARM.Collect$$libinit$$00000026  c_w.l(libinit2.o)
    0x08000356   0x08000356   0x00000000   Code   RO          374    .ARM.Collect$$libinit$$00000027  c_w.l(libinit2.o)
    0x08000356   0x08000356   0x00000000   Code   RO          378    .ARM.Collect$$libinit$$0000002E  c_w.l(libinit2.o)
    0x08000356   0x08000356   0x00000000   Code   RO          380    .ARM.Collect$$libinit$$00000030  c_w.l(libinit2.o)
    0x08000356   0x08000356   0x00000000   Code   RO          382    .ARM.Collect$$libinit$$00000032  c_w.l(libinit2.o)
    0x08000356   0x08000356   0x00000000   Code   RO          384    .ARM.Collect$$libinit$$00000034  c_w.l(libinit2.o)
    0x08000356   0x08000356   0x00000002   Code   RO          385    .ARM.Collect$$libinit$$00000035  c_w.l(libinit2.o)
    0x08000358   0x08000358   0x00000002   Code   RO          554    .ARM.Collect$$libshutdown$$00000000  c_w.l(libshutdown.o)
    0x0800035a   0x0800035a   0x00000000   Code   RO          387    .ARM.Collect$$libshutdown$$00000002  c_w.l(libshutdown2.o)
    0x0800035a   0x0800035a   0x00000004   Code   RO          388    .ARM.Collect$$libshutdown$$00000003  c_w.l(libshutdown2.o)
    0x0800035e   0x0800035e   0x00000000   Code   RO          389    .ARM.Collect$$libshutdown$$00000004  c_w.l(libshutdown2.o)
    0x0800035e   0x0800035e   0x00000000   Code   RO          392    .ARM.Collect$$libshutdown$$00000007  c_w.l(libshutdown2.o)
    0x0800035e   0x0800035e   0x00000000   Code   RO          395    .ARM.Collect$$libshutdown$$0000000A  c_w.l(libshutdown2.o)
    0x0800035e   0x0800035e   0x00000000   Code   RO          397    .ARM.Collect$$libshutdown$$0000000C  c_w.l(libshutdown2.o)
    0x0800035e   0x0800035e   0x00000000   Code   RO          400    .ARM.Collect$$libshutdown$$0000000F  c_w.l(libshutdown2.o)
    0x0800035e   0x0800035e   0x00000002   Code   RO          401    .ARM.Collect$$libshutdown$$00000010  c_w.l(libshutdown2.o)
    0x08000360   0x08000360   0x00000000   Code   RO           55    .ARM.Collect$$rtentry$$00000000  c_w.l(__rtentry.o)
    0x08000360   0x08000360   0x00000000   Code   RO          160    .ARM.Collect$$rtentry$$00000002  c_w.l(__rtentry2.o)
    0x08000360   0x08000360   0x00000006   Code   RO          172    .ARM.Collect$$rtentry$$00000004  c_w.l(__rtentry4.o)
    0x08000366   0x08000366   0x00000000   Code   RO          162    .ARM.Collect$$rtentry$$00000009  c_w.l(__rtentry2.o)
    0x08000366   0x08000366   0x00000004   Code   RO          163    .ARM.Collect$$rtentry$$0000000A  c_w.l(__rtentry2.o)
    0x0800036a   0x0800036a   0x00000000   Code   RO          165    .ARM.Collect$$rtentry$$0000000C  c_w.l(__rtentry2.o)
    0x0800036a   0x0800036a   0x00000008   Code   RO          166    .ARM.Collect$$rtentry$$0000000D  c_w.l(__rtentry2.o)
    0x08000372   0x08000372   0x00000002   Code   RO          416    .ARM.Collect$$rtexit$$00000000  c_w.l(rtexit.o)
    0x08000374   0x08000374   0x00000000   Code   RO          482    .ARM.Collect$$rtexit$$00000002  c_w.l(rtexit2.o)
    0x08000374   0x08000374   0x00000004   Code   RO          483    .ARM.Collect$$rtexit$$00000003  c_w.l(rtexit2.o)
    0x08000378   0x08000378   0x00000006   Code   RO          484    .ARM.Collect$$rtexit$$00000004  c_w.l(rtexit2.o)
    0x0800037e   0x0800037e   0x00000002   PAD
    0x08000380   0x08000380   0x00000040   Code   RO           27  * .text               startup_stm32f767xx.o
    0x080003c0   0x080003c0   0x00000018   Code   RO           49    .text               c_w.l(printf.o)
    0x080003d8   0x080003d8   0x00000006   Code   RO           51    .text               c_w.l(heapauxi.o)
    0x080003de   0x080003de   0x0000004e   Code   RO           58    .text               c_w.l(_printf_pad.o)
    0x0800042c   0x0800042c   0x00000024   Code   RO           60    .text               c_w.l(_printf_truncate.o)
    0x08000450   0x08000450   0x00000052   Code   RO           62    .text               c_w.l(_printf_str.o)
    0x080004a2   0x080004a2   0x00000002   PAD
    0x080004a4   0x080004a4   0x00000078   Code   RO           64    .text               c_w.l(_printf_dec.o)
    0x0800051c   0x0800051c   0x00000028   Code   RO           66    .text               c_w.l(_printf_charcount.o)
    0x08000544   0x08000544   0x00000024   Code   RO           68    .text               c_w.l(_printf_char_file.o)
    0x08000568   0x08000568   0x000000bc   Code   RO           70    .text               c_w.l(_printf_wctomb.o)
    0x08000624   0x08000624   0x0000007c   Code   RO           73    .text               c_w.l(_printf_longlong_dec.o)
    0x080006a0   0x080006a0   0x00000070   Code   RO           79    .text               c_w.l(_printf_oct_int_ll.o)
    0x08000710   0x08000710   0x00000094   Code   RO           99    .text               c_w.l(_printf_hex_int_ll_ptr.o)
    0x080007a4   0x080007a4   0x00000188   Code   RO          119    .text               c_w.l(__printf_flags_ss_wp.o)
    0x0800092c   0x0800092c   0x0000008a   Code   RO          174    .text               c_w.l(lludiv10.o)
    0x080009b6   0x080009b6   0x000000b2   Code   RO          176    .text               c_w.l(_printf_intcommon.o)
    0x08000a68   0x08000a68   0x0000041c   Code   RO          178    .text               c_w.l(_printf_fp_dec.o)
    0x08000e84   0x08000e84   0x000002fc   Code   RO          182    .text               c_w.l(_printf_fp_hex.o)
    0x08001180   0x08001180   0x00000030   Code   RO          185    .text               c_w.l(_printf_char_common.o)
    0x080011b0   0x080011b0   0x0000002c   Code   RO          187    .text               c_w.l(_printf_char.o)
    0x080011dc   0x080011dc   0x0000002c   Code   RO          189    .text               c_w.l(_printf_wchar.o)
    0x08001208   0x08001208   0x00000008   Code   RO          192    .text               c_w.l(ferror.o)
    0x08001210   0x08001210   0x00000138   Code   RO          198    .text               c_w.l(initio.o)
    0x08001348   0x08001348   0x00000048   Code   RO          206    .text               c_w.l(_c16rtomb.o)
    0x08001390   0x08001390   0x0000004a   Code   RO          213    .text               c_w.l(sys_stackheap_outer.o)
    0x080013da   0x080013da   0x00000002   PAD
    0x080013dc   0x080013dc   0x00000010   Code   RO          215    .text               c_w.l(rt_ctype_table.o)
    0x080013ec   0x080013ec   0x00000008   Code   RO          220    .text               c_w.l(rt_locale_intlibspace.o)
    0x080013f4   0x080013f4   0x0000004e   Code   RO          224    .text               c_w.l(h1_free.o)
    0x08001442   0x08001442   0x00000002   PAD
    0x08001444   0x08001444   0x00000080   Code   RO          278    .text               c_w.l(_printf_fp_infnan.o)
    0x080014c4   0x080014c4   0x000000e4   Code   RO          282    .text               c_w.l(bigflt0.o)
    0x080015a8   0x080015a8   0x000001e2   Code   RO          309    .text               c_w.l(flsbuf.o)
    0x0800178a   0x0800178a   0x00000046   Code   RO          311    .text               c_w.l(setvbuf.o)
    0x080017d0   0x080017d0   0x000000f0   Code   RO          314    .text               c_w.l(fopen.o)
    0x080018c0   0x080018c0   0x0000004c   Code   RO          316    .text               c_w.l(fclose.o)
    0x0800190c   0x0800190c   0x00000012   Code   RO          325    .text               c_w.l(exit.o)
    0x0800191e   0x0800191e   0x0000000e   Code   RO          327    .text               c_w.l(defsig_rtred_outer.o)
    0x0800192c   0x0800192c   0x0000004e   Code   RO          331    .text               c_w.l(rt_memclr_w.o)
    0x0800197a   0x0800197a   0x00000066   Code   RO          409    .text               c_w.l(sys_io.o)
    0x080019e0   0x080019e0   0x00000008   Code   RO          413    .text               c_w.l(libspace.o)
    0x080019e8   0x080019e8   0x00000008   Code   RO          423    .text               c_w.l(rt_heap_descriptor_intlibspace.o)
    0x080019f0   0x080019f0   0x00000004   Code   RO          425    .text               c_w.l(hguard.o)
    0x080019f4   0x080019f4   0x0000008a   Code   RO          427    .text               c_w.l(init_alloc.o)
    0x08001a7e   0x08001a7e   0x0000005e   Code   RO          433    .text               c_w.l(h1_alloc.o)
    0x08001adc   0x08001adc   0x000000f8   Code   RO          449    .text               c_w.l(fseek.o)
    0x08001bd4   0x08001bd4   0x00000108   Code   RO          451    .text               c_w.l(stdio.o)
    0x08001cdc   0x08001cdc   0x0000000a   Code   RO          460    .text               c_w.l(defsig_exit.o)
    0x08001ce6   0x08001ce6   0x00000002   PAD
    0x08001ce8   0x08001ce8   0x00000034   Code   RO          462    .text               c_w.l(defsig_rtred_inner.o)
    0x08001d1c   0x08001d1c   0x00000004   PAD
    0x08001d20   0x08001d20   0x0000007c   Code   RO          468    .text               c_w.l(strcmpv7m_pel.o)
    0x08001d9c   0x08001d9c   0x0000000c   Code   RO          474    .text               c_w.l(sys_exit.o)
    0x08001da8   0x08001da8   0x00000002   Code   RO          478    .text               c_w.l(use_no_semi.o)
    0x08001daa   0x08001daa   0x00000000   Code   RO          480    .text               c_w.l(indicate_semi.o)
    0x08001daa   0x08001daa   0x00000000   Code   RO          488    .text               c_w.l(maybetermalloc1.o)
    0x08001daa   0x08001daa   0x0000000c   Code   RO          490    .text               c_w.l(h1_init.o)
    0x08001db6   0x08001db6   0x00000034   Code   RO          492    .text               c_w.l(h1_extend.o)
    0x08001dea   0x08001dea   0x00000042   Code   RO          504    .text               c_w.l(ftell.o)
    0x08001e2c   0x08001e2c   0x00000032   Code   RO          512    .text               c_w.l(defsig_general.o)
    0x08001e5e   0x08001e5e   0x0000000e   Code   RO          514    .text               c_w.l(defsig_rtmem_outer.o)
    0x08001e6c   0x08001e6c   0x0000003e   Code   RO          518    .text               c_w.l(strlen.o)
    0x08001eaa   0x08001eaa   0x0000000e   Code   RO          531    .text               c_w.l(sys_wrch.o)
    0x08001eb8   0x08001eb8   0x00000008   Code   RO          542    .text               c_w.l(rt_errno_addr_intlibspace.o)
    0x08001ec0   0x08001ec0   0x00000050   Code   RO          548    .text               c_w.l(defsig_rtmem_inner.o)
    0x08001f10   0x08001f10   0x00000020   Code   RO           34    .text.SystemInit    system_stm32f7xx.o
    0x08001f30   0x08001f30   0x0000006a   Code   RO            4    .text._Z10UART3_Initv  main.o
    0x08001f9a   0x08001f9a   0x00000006   PAD
    0x08001fa0   0x08001fa0   0x000000d2   Code   RO           10    .text._Z17I2C1_ReadRegisterhh  main.o
    0x08002072   0x08002072   0x00000006   PAD
    0x08002078   0x08002078   0x000000a2   Code   RO            8    .text._Z18I2C1_WriteRegisterhhh  main.o
    0x0800211a   0x0800211a   0x00000006   PAD
    0x08002120   0x08002120   0x00000028   Code   RO           12    .text._Z8delay_msj  main.o
    0x08002148   0x08002148   0x000000a4   Code   RO            6    .text._Z9I2C1_Initv  main.o
    0x080021ec   0x080021ec   0x00000004   PAD
    0x080021f0   0x080021f0   0x000000e8   Code   RO           14    .text.main          main.o
    0x080022d8   0x080022d8   0x0000003e   Code   RO          285    CL$$btod_d2e        c_w.l(btod.o)
    0x08002316   0x08002316   0x00000046   Code   RO          287    CL$$btod_d2e_denorm_low  c_w.l(btod.o)
    0x0800235c   0x0800235c   0x00000060   Code   RO          286    CL$$btod_d2e_norm_op1  c_w.l(btod.o)
    0x080023bc   0x080023bc   0x00000338   Code   RO          295    CL$$btod_div_common  c_w.l(btod.o)
    0x080026f4   0x080026f4   0x000000dc   Code   RO          292    CL$$btod_e2e        c_w.l(btod.o)
    0x080027d0   0x080027d0   0x0000002a   Code   RO          289    CL$$btod_ediv       c_w.l(btod.o)
    0x080027fa   0x080027fa   0x0000002a   Code   RO          288    CL$$btod_emul       c_w.l(btod.o)
    0x08002824   0x08002824   0x00000244   Code   RO          294    CL$$btod_mult_common  c_w.l(btod.o)
    0x08002a68   0x08002a68   0x00000030   Code   RO          407    i.__ARM_fpclassify  m_wv.l(fpclassify.o)
    0x08002a98   0x08002a98   0x0000000e   Code   RO          112    i._is_digit         c_w.l(__printf_wp.o)
    0x08002aa6   0x08002aa6   0x0000001c   Code   RO          195    i.fputc             c_w.l(fputc.o)
    0x08002ac2   0x08002ac2   0x00000002   PAD
    0x08002ac4   0x08002ac4   0x0000002c   Code   RO          323    locale$$code        c_w.l(lc_numeric_c.o)
    0x08002af0   0x08002af0   0x0000002c   Code   RO          458    locale$$code        c_w.l(lc_ctype_c.o)
    0x08002b1c   0x08002b1c   0x0000001a   Code   RO          472    x$fpl$fpinit        fz_wv.l(fpinit.o)
    0x08002b36   0x08002b36   0x00000004   Code   RO          151    x$fpl$printf1       fz_wv.l(printf1.o)
    0x08002b3a   0x08002b3a   0x00000004   Code   RO          153    x$fpl$printf2       fz_wv.l(printf2.o)
    0x08002b3e   0x08002b3e   0x00000000   Code   RO          406    x$fpl$usenofp       fz_wv.l(usenofp.o)
    0x08002b3e   0x08002b3e   0x00000002   PAD
    0x08002b40   0x08002b40   0x00000008   Data   RO           71    .constdata          c_w.l(_printf_wctomb.o)
    0x08002b48   0x08002b48   0x00000028   Data   RO          100    .constdata          c_w.l(_printf_hex_int_ll_ptr.o)
    0x08002b70   0x08002b70   0x00000011   Data   RO          120    .constdata          c_w.l(__printf_flags_ss_wp.o)
    0x08002b81   0x08002b81   0x00000026   Data   RO          183    .constdata          c_w.l(_printf_fp_hex.o)
    0x08002ba7   0x08002ba7   0x00000004   Data   RO          208    .constdata          c_w.l(sys_io_names.o)
    0x08002bab   0x08002bab   0x00000004   Data   RO          209    .constdata          c_w.l(sys_io_names.o)
    0x08002baf   0x08002baf   0x00000004   Data   RO          210    .constdata          c_w.l(sys_io_names.o)
    0x08002bb3   0x08002bb3   0x00000001   PAD
    0x08002bb4   0x08002bb4   0x00000094   Data   RO          283    .constdata          c_w.l(bigflt0.o)
    0x08002c48   0x08002c48   0x00000106   Data   RO           16    .rodata.str1.1      main.o
    0x08002d4e   0x08002d4e   0x00000002   PAD
    0x08002d50   0x08002d50   0x00000020   Data   RO          574    Region$$Table       anon$$obj.o
    0x08002d70   0x08002d70   0x0000001c   Data   RO          322    locale$$data        c_w.l(lc_numeric_c.o)
    0x08002d8c   0x08002d8c   0x00000110   Data   RO          457    locale$$data        c_w.l(lc_ctype_c.o)


    Execution Region ER_RW (Exec base: 0x20020000, Load base: 0x08002e9c, Size: 0x0000000c, Max: 0xffffffff, ABSOLUTE)

    Exec Addr    Load Addr    Size         Type   Attr      Idx    E Section Name        Object

    0x20020000   0x08002e9c   0x00000004   Data   RW          148    .data               c_w.l(stdio_streams.o)
    0x20020004   0x08002ea0   0x00000004   Data   RW          149    .data               c_w.l(stdio_streams.o)
    0x20020008   0x08002ea4   0x00000004   Data   RW          150    .data               c_w.l(stdio_streams.o)


    Execution Region ER_ZI (Exec base: 0x20020010, Load base: 0x08002ea8, Size: 0x00000760, Max: 0xffffffff, ABSOLUTE)

    Exec Addr    Load Addr    Size         Type   Attr      Idx    E Section Name        Object

    0x20020010        -       0x00000054   Zero   RW          145    .bss                c_w.l(stdio_streams.o)
    0x20020064        -       0x00000054   Zero   RW          146    .bss                c_w.l(stdio_streams.o)
    0x200200b8        -       0x00000054   Zero   RW          147    .bss                c_w.l(stdio_streams.o)
    0x2002010c        -       0x00000060   Zero   RW          414    .bss                c_w.l(libspace.o)
    0x2002016c   0x08002ea8   0x00000004   PAD
    0x20020170        -       0x00000200   Zero   RW           25    HEAP                startup_stm32f767xx.o
    0x20020370        -       0x00000400   Zero   RW           24    STACK               startup_stm32f767xx.o


==============================================================================

Image component sizes


      Code (inc. data)   RO Data    RW Data    ZI Data      Debug   Object Name

       914          0        262          0          0       8136   main.o
        64         26        504          0       1536        956   startup_stm32f767xx.o
        32          0          0          0          0       3489   system_stm32f7xx.o

    ----------------------------------------------------------------------
      1032         26        800          0       1536      12581   Object Totals
         0          0         32          0          0          0   (incl. Generated)
        22          0          2          0          0          0   (incl. Padding)

    ----------------------------------------------------------------------

      Code (inc. data)   RO Data    RW Data    ZI Data      Debug   Library Member Name

         8          0          0          0          0         68   __main.o
       392          4         17          0          0         92   __printf_flags_ss_wp.o
        14          0          0          0          0         68   __printf_wp.o
         0          0          0          0          0          0   __rtentry.o
        12          0          0          0          0          0   __rtentry2.o
         6          0          0          0          0          0   __rtentry4.o
        94          8          0          0          0          0   __scatter.o
        26          0          0          0          0          0   __scatter_copy.o
        28          0          0          0          0          0   __scatter_zi.o
        72          0          0          0          0         96   _c16rtomb.o
         6          0          0          0          0          0   _printf_a.o
         6          0          0          0          0          0   _printf_c.o
        44          0          0          0          0        108   _printf_char.o
        48          6          0          0          0         96   _printf_char_common.o
        36          4          0          0          0         80   _printf_char_file.o
        40          0          0          0          0         68   _printf_charcount.o
         6          0          0          0          0          0   _printf_d.o
       120         16          0          0          0         92   _printf_dec.o
         6          0          0          0          0          0   _printf_e.o
         6          0          0          0          0          0   _printf_f.o
      1052          0          0          0          0        148   _printf_fp_dec.o
       764          8         38          0          0        100   _printf_fp_hex.o
       128         16          0          0          0         84   _printf_fp_infnan.o
         6          0          0          0          0          0   _printf_g.o
       148          4         40          0          0        160   _printf_hex_int_ll_ptr.o
         6          0          0          0          0          0   _printf_i.o
       178          0          0          0          0         88   _printf_intcommon.o
        10          0          0          0          0          0   _printf_l.o
         6          0          0          0          0          0   _printf_lc.o
        10          0          0          0          0          0   _printf_ll.o
         6          0          0          0          0          0   _printf_lld.o
         6          0          0          0          0          0   _printf_lli.o
         6          0          0          0          0          0   _printf_llo.o
         6          0          0          0          0          0   _printf_llu.o
         6          0          0          0          0          0   _printf_llx.o
       124         16          0          0          0         92   _printf_longlong_dec.o
         6          0          0          0          0          0   _printf_ls.o
         6          0          0          0          0          0   _printf_n.o
         6          0          0          0          0          0   _printf_o.o
       112          8          0          0          0        124   _printf_oct_int_ll.o
         6          0          0          0          0          0   _printf_p.o
        78          0          0          0          0        108   _printf_pad.o
         0          0          0          0          0          0   _printf_percent.o
         4          0          0          0          0          0   _printf_percent_end.o
         6          0          0          0          0          0   _printf_s.o
        82          0          0          0          0         80   _printf_str.o
        36          0          0          0          0         84   _printf_truncate.o
         6          0          0          0          0          0   _printf_u.o
        44          0          0          0          0        108   _printf_wchar.o
       188          6          8          0          0         92   _printf_wctomb.o
         6          0          0          0          0          0   _printf_x.o
       228          4        148          0          0         96   bigflt0.o
      1936        128          0          0          0        668   btod.o
        10          0          0          0          0         68   defsig_exit.o
        50          0          0          0          0         88   defsig_general.o
        80         58          0          0          0         76   defsig_rtmem_inner.o
        14          0          0          0          0         80   defsig_rtmem_outer.o
        52         38          0          0          0         76   defsig_rtred_inner.o
        14          0          0          0          0         80   defsig_rtred_outer.o
        18          0          0          0          0         80   exit.o
        76          0          0          0          0         88   fclose.o
         8          0          0          0          0         68   ferror.o
       482          0          0          0          0         92   flsbuf.o
       240          6          0          0          0        128   fopen.o
        28          0          0          0          0         68   fputc.o
       248          6          0          0          0         84   fseek.o
        66          0          0          0          0         76   ftell.o
        94          0          0          0          0         80   h1_alloc.o
        52          0          0          0          0         68   h1_extend.o
        78          0          0          0          0         80   h1_free.o
        12          0          0          0          0         84   h1_init.o
         6          0          0          0          0        152   heapauxi.o
         4          0          0          0          0        136   hguard.o
         0          0          0          0          0          0   indicate_semi.o
       138          0          0          0          0        168   init_alloc.o
       312         46          0          0          0        112   initio.o
        44         10        272          0          0         76   lc_ctype_c.o
        44         10         28          0          0         76   lc_numeric_c.o
         2          0          0          0          0          0   libinit.o
        46          0          0          0          0          0   libinit2.o
         2          0          0          0          0          0   libshutdown.o
         6          0          0          0          0          0   libshutdown2.o
         8          4          0          0         96         68   libspace.o
       138          0          0          0          0         80   lludiv10.o
         0          0          0          0          0          0   maybetermalloc1.o
        24          4          0          0          0         84   printf.o
        16          4          0          0          0         76   rt_ctype_table.o
         8          4          0          0          0         68   rt_errno_addr_intlibspace.o
         8          4          0          0          0         68   rt_heap_descriptor_intlibspace.o
         8          4          0          0          0         68   rt_locale_intlibspace.o
        78          0          0          0          0         80   rt_memclr_w.o
         2          0          0          0          0          0   rtexit.o
        10          0          0          0          0          0   rtexit2.o
        70          0          0          0          0         80   setvbuf.o
       264          6          0          0          0        160   stdio.o
         0          0          0         12        252          0   stdio_streams.o
       124          0          0          0          0         88   strcmpv7m_pel.o
        62          0          0          0          0         76   strlen.o
        12          4          0          0          0         68   sys_exit.o
       102          0          0          0          0        240   sys_io.o
         0          0         12          0          0          0   sys_io_names.o
        74          0          0          0          0         80   sys_stackheap_outer.o
        14          0          0          0          0         76   sys_wrch.o
         2          0          0          0          0         68   use_no_semi.o
        26          0          0          0          0        116   fpinit.o
         4          0          0          0          0        116   printf1.o
         4          0          0          0          0        116   printf2.o
         0          0          0          0          0          0   usenofp.o
        48          0          0          0          0        124   fpclassify.o

    ----------------------------------------------------------------------
      9536        440        564         12        352       6984   Library Totals
        22          4          1          0          4          0   (incl. Padding)

    ----------------------------------------------------------------------

      Code (inc. data)   RO Data    RW Data    ZI Data      Debug   Library Name

      9432        436        563         12        348       6512   c_w.l
        34          0          0          0          0        348   fz_wv.l
        48          0          0          0          0        124   m_wv.l

    ----------------------------------------------------------------------
      9536        440        564         12        352       6984   Library Totals

    ----------------------------------------------------------------------

==============================================================================


      Code (inc. data)   RO Data    RW Data    ZI Data      Debug   

     10568        466       1364         12       1888      15877   Grand Totals
     10568        466       1364         12       1888      15877   ELF Image Totals
     10568        466       1364         12          0          0   ROM Totals

==============================================================================

    Total RO  Size (Code + RO Data)                11932 (  11.65kB)
    Total RW  Size (RW Data + ZI Data)              1900 (   1.86kB)
    Total ROM Size (Code + RO Data + RW Data)      11944 (  11.66kB)

==============================================================================

